Archive member included because of file (symbol)

C:\SiliconLabs\SimplicityStudio\v4_8\Final_Server_Handheld_3\platform\radio\rail_lib\autogen\librail_release\librail_efr32xg1_gcc_release.a(rail_pti.o)
                              ./pti.o (RAIL_ConfigPti)
C:\SiliconLabs\SimplicityStudio\v4_8\Final_Server_Handheld_3\platform\radio\rail_lib\autogen\librail_release\librail_efr32xg1_gcc_release.a(rail_rf_hal.o)
                              C:\SiliconLabs\SimplicityStudio\v4_8\Final_Server_Handheld_3\platform\radio\rail_lib\autogen\librail_release\librail_efr32xg1_gcc_release.a(rail_pti.o) (RFHAL_ConfigPti)
C:\SiliconLabs\SimplicityStudio\v4_8\Final_Server_Handheld_3\platform\radio\rail_lib\autogen\librail_release\librail_efr32xg1_gcc_release.a(rail_singleprotocol.o)
                              C:\SiliconLabs\SimplicityStudio\v4_8\Final_Server_Handheld_3\platform\radio\rail_lib\autogen\librail_release\librail_efr32xg1_gcc_release.a(rail_rf_hal.o) (RAIL_ActiveHandle)
C:\SiliconLabs\SimplicityStudio\v4_8\Final_Server_Handheld_3\platform\radio\rail_lib\autogen\librail_release\librail_efr32xg1_gcc_release.a(rail_rf.o)
                              C:\SiliconLabs\SimplicityStudio\v4_8\Final_Server_Handheld_3\platform\radio\rail_lib\autogen\librail_release\librail_efr32xg1_gcc_release.a(rail_singleprotocol.o) (RAILCore_Init)
C:\SiliconLabs\SimplicityStudio\v4_8\Final_Server_Handheld_3\platform\radio\rail_lib\autogen\librail_release\librail_efr32xg1_gcc_release.a(rail_rx.o)
                              C:\SiliconLabs\SimplicityStudio\v4_8\Final_Server_Handheld_3\platform\radio\rail_lib\autogen\librail_release\librail_efr32xg1_gcc_release.a(rail_rf_hal.o) (RAILCore_StartRx)
C:\SiliconLabs\SimplicityStudio\v4_8\Final_Server_Handheld_3\platform\radio\rail_lib\autogen\librail_release\librail_efr32xg1_gcc_release.a(rail_tx.o)
                              C:\SiliconLabs\SimplicityStudio\v4_8\Final_Server_Handheld_3\platform\radio\rail_lib\autogen\librail_release\librail_efr32xg1_gcc_release.a(rail_singleprotocol.o) (RAILCore_StartTx)
C:\SiliconLabs\SimplicityStudio\v4_8\Final_Server_Handheld_3\platform\radio\rail_lib\autogen\librail_release\librail_efr32xg1_gcc_release.a(rail_calibration.o)
                              C:\SiliconLabs\SimplicityStudio\v4_8\Final_Server_Handheld_3\platform\radio\rail_lib\autogen\librail_release\librail_efr32xg1_gcc_release.a(rail_rf_hal.o) (RAILInt_PendCal)
C:\SiliconLabs\SimplicityStudio\v4_8\Final_Server_Handheld_3\platform\radio\rail_lib\autogen\librail_release\librail_efr32xg1_gcc_release.a(rail_assert.o)
                              C:\SiliconLabs\SimplicityStudio\v4_8\Final_Server_Handheld_3\platform\radio\rail_lib\autogen\librail_release\librail_efr32xg1_gcc_release.a(rail_rf.o) (RAILInt_Assert)
C:\SiliconLabs\SimplicityStudio\v4_8\Final_Server_Handheld_3\platform\radio\rail_lib\autogen\librail_release\librail_efr32xg1_gcc_release.a(rail_rssi.o)
                              C:\SiliconLabs\SimplicityStudio\v4_8\Final_Server_Handheld_3\platform\radio\rail_lib\autogen\librail_release\librail_efr32xg1_gcc_release.a(rail_singleprotocol.o) (RAILCore_GetRssi)
C:\SiliconLabs\SimplicityStudio\v4_8\Final_Server_Handheld_3\platform\radio\rail_lib\autogen\librail_release\librail_efr32xg1_gcc_release.a(bufc.o)
                              C:\SiliconLabs\SimplicityStudio\v4_8\Final_Server_Handheld_3\platform\radio\rail_lib\autogen\librail_release\librail_efr32xg1_gcc_release.a(rail_rf_hal.o) (BUFC_SetTxBuffer)
C:\SiliconLabs\SimplicityStudio\v4_8\Final_Server_Handheld_3\platform\radio\rail_lib\autogen\librail_release\librail_efr32xg1_gcc_release.a(ir_cal.o)
                              C:\SiliconLabs\SimplicityStudio\v4_8\Final_Server_Handheld_3\platform\radio\rail_lib\autogen\librail_release\librail_efr32xg1_gcc_release.a(rail_rf_hal.o) (IRCAL_Set)
C:\SiliconLabs\SimplicityStudio\v4_8\Final_Server_Handheld_3\platform\radio\rail_lib\autogen\librail_release\librail_efr32xg1_gcc_release.a(pa.o)
                              C:\SiliconLabs\SimplicityStudio\v4_8\Final_Server_Handheld_3\platform\radio\rail_lib\autogen\librail_release\librail_efr32xg1_gcc_release.a(rail_rf_hal.o) (PA_GetTxPowerConfig)
C:\SiliconLabs\SimplicityStudio\v4_8\Final_Server_Handheld_3\platform\radio\rail_lib\autogen\librail_release\librail_efr32xg1_gcc_release.a(protimer.o)
                              C:\SiliconLabs\SimplicityStudio\v4_8\Final_Server_Handheld_3\platform\radio\rail_lib\autogen\librail_release\librail_efr32xg1_gcc_release.a(rail_rf_hal.o) (PROTIMER_Start)
C:\SiliconLabs\SimplicityStudio\v4_8\Final_Server_Handheld_3\platform\radio\rail_lib\autogen\librail_release\librail_efr32xg1_gcc_release.a(pti.o)
                              C:\SiliconLabs\SimplicityStudio\v4_8\Final_Server_Handheld_3\platform\radio\rail_lib\autogen\librail_release\librail_efr32xg1_gcc_release.a(rail_rf_hal.o) (PTI_Config)
[...]
Memory Configuration

Name             Origin             Length             Attributes
FLASH_BOOTLOADER 0x00000000         0x00004000         xr
FLASH            0x00004000         0x0003b000         xr
RAM              0x20000000         0x00007bfc         xrw
*default*        0x00000000         0xffffffff

Linker script and memory map

LOAD c:/siliconlabs/simplicitystudio/v4/developer/toolchains/gnu_arm/4.9_2015q3/bin/../lib/gcc/arm-none-eabi/4.9.3/armv7e-m/softfp/crti.o
LOAD c:/siliconlabs/simplicitystudio/v4/developer/toolchains/gnu_arm/4.9_2015q3/bin/../lib/gcc/arm-none-eabi/4.9.3/armv7e-m/softfp/crtbegin.o
LOAD c:/siliconlabs/simplicitystudio/v4/developer/toolchains/gnu_arm/4.9_2015q3/bin/../lib/gcc/arm-none-eabi/4.9.3/../../../../arm-none-eabi/lib/armv7e-m/softfp/crt0.o
START GROUP
LOAD ./application_properties.o
LOAD ./gatt_db.o
LOAD ./init_app.o
LOAD ./init_board.o
LOAD ./init_mcu.o
LOAD ./main.o
LOAD ./pti.o
LOAD ./hardware/kit/common/bsp/bsp_stk.o
LOAD ./hardware/kit/common/drivers/mx25flash_spi.o
LOAD ./lcd/bmp.o
LOAD ./lcd/display.o
LOAD ./lcd/displayls013b7dh03.o
LOAD ./lcd/displaypalemlib.o
LOAD ./lcd/dmd.o
LOAD ./lcd/glib.o
LOAD ./lcd/glib_bitmap.o
LOAD ./lcd/glib_circle.o
LOAD ./lcd/glib_font_narrow_6x8.o
LOAD ./lcd/glib_font_normal_8x8.o
LOAD ./lcd/glib_font_number_16x20.o
LOAD ./lcd/glib_line.o
LOAD ./lcd/glib_polygon.o
LOAD ./lcd/glib_rectangle.o
LOAD ./lcd/glib_string.o
LOAD ./lcd/graphics.o
LOAD ./lcd/retargettextdisplay.o
LOAD ./lcd/udelay.o
LOAD ./platform/Device/SiliconLabs/EFR32BG1B/Source/GCC/startup_efr32bg1b.o
LOAD ./platform/Device/SiliconLabs/EFR32BG1B/Source/system_efr32bg1b.o
LOAD ./platform/emdrv/sleep/src/sleep.o
LOAD ./platform/emdrv/tempdrv/src/tempdrv.o
LOAD ./platform/emlib/src/em_acmp.o
LOAD ./platform/emlib/src/em_adc.o
LOAD ./platform/emlib/src/em_aes.o
LOAD ./platform/emlib/src/em_assert.o
LOAD ./platform/emlib/src/em_burtc.o
LOAD ./platform/emlib/src/em_can.o
LOAD ./platform/emlib/src/em_cmu.o
LOAD ./platform/emlib/src/em_core.o
LOAD ./platform/emlib/src/em_cryotimer.o
LOAD ./platform/emlib/src/em_crypto.o
LOAD ./platform/emlib/src/em_csen.o
LOAD ./platform/emlib/src/em_dac.o
LOAD ./platform/emlib/src/em_dbg.o
LOAD ./platform/emlib/src/em_dma.o
LOAD ./platform/emlib/src/em_ebi.o
LOAD ./platform/emlib/src/em_emu.o
LOAD ./platform/emlib/src/em_gpcrc.o
LOAD ./platform/emlib/src/em_gpio.o
LOAD ./platform/emlib/src/em_i2c.o
LOAD ./platform/emlib/src/em_idac.o
LOAD ./platform/emlib/src/em_int.o
LOAD ./platform/emlib/src/em_lcd.o
LOAD ./platform/emlib/src/em_ldma.o
LOAD ./platform/emlib/src/em_lesense.o
LOAD ./platform/emlib/src/em_letimer.o
LOAD ./platform/emlib/src/em_leuart.o
LOAD ./platform/emlib/src/em_mpu.o
LOAD ./platform/emlib/src/em_msc.o
LOAD ./platform/emlib/src/em_opamp.o
LOAD ./platform/emlib/src/em_pcnt.o
LOAD ./platform/emlib/src/em_prs.o
LOAD ./platform/emlib/src/em_qspi.o
LOAD ./platform/emlib/src/em_rmu.o
LOAD ./platform/emlib/src/em_rtc.o
LOAD ./platform/emlib/src/em_rtcc.o
LOAD ./platform/emlib/src/em_system.o
LOAD ./platform/emlib/src/em_timer.o
LOAD ./platform/emlib/src/em_usart.o
LOAD ./platform/emlib/src/em_vcmp.o
LOAD ./platform/emlib/src/em_vdac.o
LOAD ./platform/emlib/src/em_wdog.o
LOAD ./src/accelerometer.o
LOAD ./src/black_box.o
LOAD ./src/cmu.o
LOAD ./src/gpio.o
LOAD ./src/letimer.o
LOAD ./src/persistent_memory.o
LOAD C:\SiliconLabs\SimplicityStudio\v4_8\Final_Server_Handheld_3\platform\radio\rail_lib\autogen\librail_release\librail_efr32xg1_gcc_release.a
LOAD C:\SiliconLabs\SimplicityStudio\v4_8\Final_Server_Handheld_3\protocol\bluetooth_2.7\lib\EFR32BG1B\GCC\libpsstore.a
LOAD C:\SiliconLabs\SimplicityStudio\v4_8\Final_Server_Handheld_3\protocol\bluetooth_2.7\lib\EFR32BG1B\GCC\binapploader.o
LOAD C:\SiliconLabs\SimplicityStudio\v4_8\Final_Server_Handheld_3\protocol\bluetooth_2.7\lib\EFR32BG1B\GCC\libmbedtls.a
LOAD C:\SiliconLabs\SimplicityStudio\v4_8\Final_Server_Handheld_3\protocol\bluetooth_2.7\lib\EFR32BG1B\GCC\libbluetooth.a
LOAD c:/siliconlabs/simplicitystudio/v4/developer/toolchains/gnu_arm/4.9_2015q3/bin/../lib/gcc/arm-none-eabi/4.9.3/../../../../arm-none-eabi/lib/armv7e-m/softfp\libm.a
END GROUP
START GROUP
LOAD c:/siliconlabs/simplicitystudio/v4/developer/toolchains/gnu_arm/4.9_2015q3/bin/../lib/gcc/arm-none-eabi/4.9.3/armv7e-m/softfp\libgcc.a
LOAD c:/siliconlabs/simplicitystudio/v4/developer/toolchains/gnu_arm/4.9_2015q3/bin/../lib/gcc/arm-none-eabi/4.9.3/../../../../arm-none-eabi/lib/armv7e-m/softfp\libc_nano.a
LOAD c:/siliconlabs/simplicitystudio/v4/developer/toolchains/gnu_arm/4.9_2015q3/bin/../lib/gcc/arm-none-eabi/4.9.3/../../../../arm-none-eabi/lib/armv7e-m/softfp\libnosys.a
END GROUP
START GROUP
LOAD c:/siliconlabs/simplicitystudio/v4/developer/toolchains/gnu_arm/4.9_2015q3/bin/../lib/gcc/arm-none-eabi/4.9.3/armv7e-m/softfp\libgcc.a
LOAD c:/siliconlabs/simplicitystudio/v4/developer/toolchains/gnu_arm/4.9_2015q3/bin/../lib/gcc/arm-none-eabi/4.9.3/../../../../arm-none-eabi/lib/armv7e-m/softfp\libg_nano.a
LOAD c:/siliconlabs/simplicitystudio/v4/developer/toolchains/gnu_arm/4.9_2015q3/bin/../lib/gcc/arm-none-eabi/4.9.3/../../../../arm-none-eabi/lib/armv7e-m/softfp\libc_nano.a
END GROUP
START GROUP
LOAD c:/siliconlabs/simplicitystudio/v4/developer/toolchains/gnu_arm/4.9_2015q3/bin/../lib/gcc/arm-none-eabi/4.9.3/armv7e-m/softfp\libgcc.a
LOAD c:/siliconlabs/simplicitystudio/v4/developer/toolchains/gnu_arm/4.9_2015q3/bin/../lib/gcc/arm-none-eabi/4.9.3/../../../../arm-none-eabi/lib/armv7e-m/softfp\libc_nano.a
END GROUP
LOAD c:/siliconlabs/simplicitystudio/v4/developer/toolchains/gnu_arm/4.9_2015q3/bin/../lib/gcc/arm-none-eabi/4.9.3/armv7e-m/softfp/crtend.o
LOAD c:/siliconlabs/simplicitystudio/v4/developer/toolchains/gnu_arm/4.9_2015q3/bin/../lib/gcc/arm-none-eabi/4.9.3/armv7e-m/softfp/crtn.o

.text_bootloader
                0x00000000        0x0
 *(.binbootloader*)
                0x00000000                . = ALIGN (0x4000)

.text_apploader
                0x00004000     0x8fc0
 *(.binapploader*)
 .binapploader  0x00004000     0x8fc0 C:\SiliconLabs\SimplicityStudio\v4_8\Final_Server_Handheld_3\protocol\bluetooth_2.7\lib\EFR32BG1B\GCC\binapploader.o

.text_signature
                0x0000cfc0       0x40
                0x0000d000                . = ALIGN (0x800)
 *fill*         0x0000cfc0       0x40 
                0x0000d000                __text_start__ = .

.text_application
                0x0000d000    0x22518
 *(.vectors)
 .vectors       0x0000d000       0xc8 ./platform/Device/SiliconLabs/EFR32BG1B/Source/GCC/startup_efr32bg1b.o
                0x0000d000                __Vectors
                0x0000d0c8                __Vectors_End = .
                0x000000c8                __Vectors_Size = (__Vectors_End - __Vectors)
                0x0000d0c8                __end__ = .
 *(.application_properties)
 .application_properties
                0x0000d0c8       0x38 ./application_properties.o
                0x0000d0c8                applicationProperties
 *(.gecko_configuration)
 *(.xo_configuration)
 *(.gatt_header)
 .gatt_header   0x0000d100       0x34 ./gatt_db.o
                0x0000d100                bg_gattdb_data
 *(.gatt_data)
 .gatt_data     0x0000d134      0x384 ./gatt_db.o
                0x0000d134                bg_gattdb_data_uuidtable_16_map
                0x0000d150                bg_gattdb_data_uuidtable_128_map
                0x0000d1d0                bg_gattdb_data_attribute_field_29
                0x0000d1d8                bg_gattdb_data_attribute_field_28
                0x0000d1f0                bg_gattdb_data_attribute_field_27
                0x0000d204                bg_gattdb_data_attribute_field_25
                0x0000d20c                bg_gattdb_data_attribute_field_24
                0x0000d224                bg_gattdb_data_attribute_field_23
                0x0000d238                bg_gattdb_data_attribute_field_21
                0x0000d240                bg_gattdb_data_attribute_field_20
                0x0000d258                bg_gattdb_data_attribute_field_19
                0x0000d26c                bg_gattdb_data_attribute_field_18
                0x0000d274                bg_gattdb_data_attribute_field_17
                0x0000d28c                bg_gattdb_data_attribute_field_16
                0x0000d2a0                bg_gattdb_data_attribute_field_15
                0x0000d2a8                bg_gattdb_data_attribute_field_14
                0x0000d2b0                bg_gattdb_data_attribute_field_13
                0x0000d2bc                bg_gattdb_data_attribute_field_12
                0x0000d2c4                bg_gattdb_data_attribute_field_11
                0x0000d2d4                bg_gattdb_data_attribute_field_10
                0x0000d2dc                bg_gattdb_data_attribute_field_9
                0x0000d2e0                bg_gattdb_data_attribute_field_8
                0x0000d2e4                bg_gattdb_data_attribute_field_7
                0x0000d2ec                bg_gattdb_data_attribute_field_6
                0x0000d2f4                bg_gattdb_data_attribute_field_5
                0x0000d2fc                bg_gattdb_data_attribute_field_4
                0x0000d300                bg_gattdb_data_attribute_field_2
                0x0000d308                bg_gattdb_data_attribute_field_1
                0x0000d310                bg_gattdb_data_attribute_field_0
                0x0000d314                bg_gattdb_data_attributes_map
                0x0000d488                bg_gattdb_data_attributes_dynamic_mapping_map
                0x0000d494                bg_gattdb_data_adv_uuid16_map
                0x0000d498                bg_gattdb_data_adv_uuid128_map
 *(.text*)
 .text          0x0000d4b8       0x5c c:/siliconlabs/simplicitystudio/v4/developer/toolchains/gnu_arm/4.9_2015q3/bin/../lib/gcc/arm-none-eabi/4.9.3/armv7e-m/softfp/crtbegin.o
 .text          0x0000d514       0x74 c:/siliconlabs/simplicitystudio/v4/developer/toolchains/gnu_arm/4.9_2015q3/bin/../lib/gcc/arm-none-eabi/4.9.3/../../../../arm-none-eabi/lib/armv7e-m/softfp/crt0.o
                0x0000d514                _start
                0x0000d514                _mainCRTStartup
 .text.initBoard
                0x0000d588       0x48 ./init_board.o
                0x0000d588                initBoard
 .text.BUS_RegBitWrite
                0x0000d5d0       0x2c ./init_mcu.o
 .text.SYSTEM_GetProdRev
                0x0000d5fc       0x1c ./init_mcu.o
 .text.CHIP_Init
                0x0000d618       0xb4 ./init_mcu.o
 .text.initMcu  0x0000d6cc       0x70 ./init_mcu.o
                0x0000d6cc                initMcu
 .text.initMcu_clocks
                0x0000d73c       0xa4 ./init_mcu.o
 .text.BUS_RegBitWrite
                0x0000d7e0       0x2c ./main.o
 .text.gecko_initCoexHAL
                0x0000d80c        0xc ./main.o
 .text.gecko_init
                0x0000d818       0x48 ./main.o
 .text.gecko_cmd_le_gap_set_mode
                0x0000d860       0x5c ./main.o
 .text.gecko_cmd_le_gap_set_adv_parameters
                0x0000d8bc       0x64 ./main.o
 .text.gecko_cmd_le_connection_set_parameters
                0x0000d920       0x84 ./main.o
 .text.gecko_cmd_gatt_server_send_characteristic_notification
                0x0000d9a4       0x98 ./main.o
 .text.gecko_cmd_sm_set_bondable_mode
                0x0000da3c       0x50 ./main.o
 .text.gecko_cmd_sm_configure
                0x0000da8c       0x5c ./main.o
 .text.gecko_cmd_sm_increase_security
                0x0000dae8       0x50 ./main.o
 .text.gecko_cmd_sm_delete_bondings
                0x0000db38       0x48 ./main.o
 .text.SYSTEM_GetProdRev
                0x0000db80       0x1c ./main.o
 .text.CHIP_Init
                0x0000db9c       0xb4 ./main.o
 .text.reset_variables
                0x0000dc50       0x20 ./main.o
 .text.main     0x0000dc70      0x208 ./main.o
                0x0000dc70                main
 .text.BUS_RegMaskedSet
                0x0000de78       0x24 ./hardware/kit/common/drivers/mx25flash_spi.o
 .text.BUS_RegMaskedClear
                0x0000de9c       0x24 ./hardware/kit/common/drivers/mx25flash_spi.o
 .text.GPIO_PinOutClear
                0x0000dec0       0x58 ./hardware/kit/common/drivers/mx25flash_spi.o
 .text.GPIO_PinOutSet
                0x0000df18       0x58 ./hardware/kit/common/drivers/mx25flash_spi.o
 .text.MX25_init
                0x0000df70       0x98 ./hardware/kit/common/drivers/mx25flash_spi.o
                0x0000df70                MX25_init
 .text.Wait_Flash_WarmUp
                0x0000e008       0x24 ./hardware/kit/common/drivers/mx25flash_spi.o
                0x0000e008                Wait_Flash_WarmUp
 .text.Initial_Spi
                0x0000e02c        0xc ./hardware/kit/common/drivers/mx25flash_spi.o
                0x0000e02c                Initial_Spi
 .text.CS_Low   0x0000e038       0x10 ./hardware/kit/common/drivers/mx25flash_spi.o
                0x0000e038                CS_Low
 .text.CS_High  0x0000e048       0x10 ./hardware/kit/common/drivers/mx25flash_spi.o
                0x0000e048                CS_High
 .text.InsertDummyCycle
                0x0000e058       0x38 ./hardware/kit/common/drivers/mx25flash_spi.o
                0x0000e058                InsertDummyCycle
 .text.SendByte
                0x0000e090       0x3c ./hardware/kit/common/drivers/mx25flash_spi.o
                0x0000e090                SendByte
 .text.MX25_DP  0x0000e0cc       0x34 ./hardware/kit/common/drivers/mx25flash_spi.o
                0x0000e0cc                MX25_DP
 .text.DISPLAY_Init
                0x0000e100       0x54 ./lcd/display.o
                0x0000e100                DISPLAY_Init
 .text.DISPLAY_DeviceGet
                0x0000e154       0x60 ./lcd/display.o
                0x0000e154                DISPLAY_DeviceGet
 .text.DISPLAY_DeviceRegister
                0x0000e1b4       0x6c ./lcd/display.o
                0x0000e1b4                DISPLAY_DeviceRegister
 .text.DISPLAY_Ls013b7dh03Init
                0x0000e220       0xdc ./lcd/displayls013b7dh03.o
                0x0000e220                DISPLAY_Ls013b7dh03Init
 .text.DriverRefresh
                0x0000e2fc       0x20 ./lcd/displayls013b7dh03.o
 .text.DisplayEnable
                0x0000e31c       0x30 ./lcd/displayls013b7dh03.o
 .text.DisplayClear
                0x0000e34c       0x48 ./lcd/displayls013b7dh03.o
 .text.DisplayPolarityInverse
                0x0000e394       0x14 ./lcd/displayls013b7dh03.o
 .text.PixelMatrixAllocate
                0x0000e3a8       0x70 ./lcd/displayls013b7dh03.o
 .text.PixelMatrixFree
                0x0000e418       0x1c ./lcd/displayls013b7dh03.o
 .text.PixelMatrixClear
                0x0000e434       0x40 ./lcd/displayls013b7dh03.o
 .text.PixelMatrixDraw
                0x0000e474       0xb8 ./lcd/displayls013b7dh03.o
 .text.BUS_RegMaskedSet
                0x0000e52c       0x24 ./lcd/displaypalemlib.o
 .text.BUS_RegMaskedClear
                0x0000e550       0x24 ./lcd/displaypalemlib.o
 .text.GPIO_PinOutClear
                0x0000e574       0x58 ./lcd/displaypalemlib.o
 .text.GPIO_PinOutSet
                0x0000e5cc       0x58 ./lcd/displaypalemlib.o
 .text.GPIO_PinOutToggle
                0x0000e624       0x58 ./lcd/displaypalemlib.o
 .text.PAL_SpiInit
                0x0000e67c       0x64 ./lcd/displaypalemlib.o
                0x0000e67c                PAL_SpiInit
 .text.PAL_SpiTransmit
                0x0000e6e0       0x74 ./lcd/displaypalemlib.o
                0x0000e6e0                PAL_SpiTransmit
 .text.PAL_TimerInit
                0x0000e754       0x18 ./lcd/displaypalemlib.o
                0x0000e754                PAL_TimerInit
 .text.PAL_TimerMicroSecondsDelay
                0x0000e76c       0x1c ./lcd/displaypalemlib.o
                0x0000e76c                PAL_TimerMicroSecondsDelay
 .text.PAL_TimerRepeat
                0x0000e788       0x30 ./lcd/displaypalemlib.o
                0x0000e788                PAL_TimerRepeat
 .text.PAL_GpioInit
                0x0000e7b8       0x20 ./lcd/displaypalemlib.o
                0x0000e7b8                PAL_GpioInit
 .text.PAL_GpioPinModeSet
                0x0000e7d8       0x44 ./lcd/displaypalemlib.o
                0x0000e7d8                PAL_GpioPinModeSet
 .text.PAL_GpioPinOutSet
                0x0000e81c       0x24 ./lcd/displaypalemlib.o
                0x0000e81c                PAL_GpioPinOutSet
 .text.PAL_GpioPinOutClear
                0x0000e840       0x24 ./lcd/displaypalemlib.o
                0x0000e840                PAL_GpioPinOutClear
 .text.PAL_GpioPinOutToggle
                0x0000e864       0x24 ./lcd/displaypalemlib.o
                0x0000e864                PAL_GpioPinOutToggle
 .text.DMD_init
                0x0000e888       0xc8 ./lcd/dmd.o
                0x0000e888                DMD_init
 .text.DMD_getDisplayGeometry
                0x0000e950       0x38 ./lcd/dmd.o
                0x0000e950                DMD_getDisplayGeometry
 .text.DMD_setClippingArea
                0x0000e988       0x8c ./lcd/dmd.o
                0x0000e988                DMD_setClippingArea
 .text.DMD_writeColor
                0x0000ea14      0x2b4 ./lcd/dmd.o
                0x0000ea14                DMD_writeColor
 .text.DMD_allocateFramebuffer
                0x0000ecc8       0x54 ./lcd/dmd.o
                0x0000ecc8                DMD_allocateFramebuffer
 .text.GLIB_contextInit
                0x0000ed1c       0x84 ./lcd/glib.o
                0x0000ed1c                GLIB_contextInit
 .text.GLIB_setClippingRegion
                0x0000eda0       0xa4 ./lcd/glib.o
                0x0000eda0                GLIB_setClippingRegion
 .text.GLIB_applyClippingRegion
                0x0000ee44       0x58 ./lcd/glib.o
                0x0000ee44                GLIB_applyClippingRegion
 .text.GLIB_setFont
                0x0000ee9c       0x44 ./lcd/glib_string.o
                0x0000ee9c                GLIB_setFont
 .text.GRAPHICS_Init
                0x0000eee0       0x58 ./lcd/graphics.o
                0x0000eee0                GRAPHICS_Init
 .text.rtcIntCallbackRegister
                0x0000ef38       0x1c ./lcd/graphics.o
                0x0000ef38                rtcIntCallbackRegister
 .text.NVIC_ClearPendingIRQ
                0x0000ef54       0x34 ./lcd/udelay.o
 .text.RTCC_CounterGet
                0x0000ef88       0x18 ./lcd/udelay.o
 .text.UDELAY_Calibrate
                0x0000efa0      0x190 ./lcd/udelay.o
                0x0000efa0                UDELAY_Calibrate
 .text.UDELAY_Delay
                0x0000f130       0x38 ./lcd/udelay.o
                0x0000f130                UDELAY_Delay
 .text.calibrate_delay
                0x0000f168       0xd8 ./lcd/udelay.o
 .text.clock    0x0000f240       0x10 ./lcd/udelay.o
 .text._delay   0x0000f250       0x18 ./lcd/udelay.o
 .text.Reset_Handler
                0x0000f268       0x3c ./platform/Device/SiliconLabs/EFR32BG1B/Source/GCC/startup_efr32bg1b.o
                0x0000f268                Reset_Handler
 .text.Default_Handler
                0x0000f2a4        0x8 ./platform/Device/SiliconLabs/EFR32BG1B/Source/GCC/startup_efr32bg1b.o
                0x0000f2a4                DebugMon_Handler
                0x0000f2a4                USART0_TX_IRQHandler
                0x0000f2a4                I2C0_IRQHandler
                0x0000f2a4                HardFault_Handler
                0x0000f2a4                SysTick_Handler
                0x0000f2a4                USART1_RX_IRQHandler
                0x0000f2a4                PendSV_Handler
                0x0000f2a4                NMI_Handler
                0x0000f2a4                WDOG0_IRQHandler
                0x0000f2a4                USART1_TX_IRQHandler
                0x0000f2a4                MSC_IRQHandler
                0x0000f2a4                ADC0_IRQHandler
                0x0000f2a4                UsageFault_Handler
                0x0000f2a4                LEUART0_IRQHandler
                0x0000f2a4                FPUEH_IRQHandler
                0x0000f2a4                GPIO_EVEN_IRQHandler
                0x0000f2a4                LDMA_IRQHandler
                0x0000f2a4                TIMER0_IRQHandler
                0x0000f2a4                TIMER1_IRQHandler
                0x0000f2a4                Default_Handler
                0x0000f2a4                CRYOTIMER_IRQHandler
                0x0000f2a4                PCNT0_IRQHandler
                0x0000f2a4                ACMP0_IRQHandler
                0x0000f2a4                USART0_RX_IRQHandler
                0x0000f2a4                MemManage_Handler
                0x0000f2a4                SVC_Handler
                0x0000f2a4                RTCC_IRQHandler
                0x0000f2a4                CRYPTO_IRQHandler
                0x0000f2a4                CMU_IRQHandler
                0x0000f2a4                GPIO_ODD_IRQHandler
                0x0000f2a4                BusFault_Handler
                0x0000f2a4                IDAC0_IRQHandler
 .text.SystemCoreClockGet
                0x0000f2ac       0x44 ./platform/Device/SiliconLabs/EFR32BG1B/Source/system_efr32bg1b.o
                0x0000f2ac                SystemCoreClockGet
 .text.SystemMaxCoreClockGet
                0x0000f2f0       0x14 ./platform/Device/SiliconLabs/EFR32BG1B/Source/system_efr32bg1b.o
                0x0000f2f0                SystemMaxCoreClockGet
 .text.SystemHFClockGet
                0x0000f304       0x70 ./platform/Device/SiliconLabs/EFR32BG1B/Source/system_efr32bg1b.o
                0x0000f304                SystemHFClockGet
 .text.SystemHFXOClockGet
                0x0000f374       0x18 ./platform/Device/SiliconLabs/EFR32BG1B/Source/system_efr32bg1b.o
                0x0000f374                SystemHFXOClockGet
 .text.SystemHFXOClockSet
                0x0000f38c       0x30 ./platform/Device/SiliconLabs/EFR32BG1B/Source/system_efr32bg1b.o
                0x0000f38c                SystemHFXOClockSet
 .text.SystemInit
                0x0000f3bc       0x5c ./platform/Device/SiliconLabs/EFR32BG1B/Source/system_efr32bg1b.o
                0x0000f3bc                SystemInit
 .text.SystemLFRCOClockGet
                0x0000f418       0x14 ./platform/Device/SiliconLabs/EFR32BG1B/Source/system_efr32bg1b.o
                0x0000f418                SystemLFRCOClockGet
 .text.SystemULFRCOClockGet
                0x0000f42c       0x14 ./platform/Device/SiliconLabs/EFR32BG1B/Source/system_efr32bg1b.o
                0x0000f42c                SystemULFRCOClockGet
 .text.SystemLFXOClockGet
                0x0000f440       0x18 ./platform/Device/SiliconLabs/EFR32BG1B/Source/system_efr32bg1b.o
                0x0000f440                SystemLFXOClockGet
 .text.SystemLFXOClockSet
                0x0000f458       0x30 ./platform/Device/SiliconLabs/EFR32BG1B/Source/system_efr32bg1b.o
                0x0000f458                SystemLFXOClockSet
 .text.BUS_RegBitWrite
                0x0000f488       0x2c ./platform/emdrv/sleep/src/sleep.o
 .text.EMU_EnterEM1
                0x0000f4b4       0x20 ./platform/emdrv/sleep/src/sleep.o
 .text.EMU_EM2Block
                0x0000f4d4       0x14 ./platform/emdrv/sleep/src/sleep.o
 .text.EMU_EM2UnBlock
                0x0000f4e8       0x14 ./platform/emdrv/sleep/src/sleep.o
 .text.sleepCallbackWrapper
                0x0000f4fc       0x2c ./platform/emdrv/sleep/src/sleep.o
 .text.SLEEP_Init
                0x0000f528       0x60 ./platform/emdrv/sleep/src/sleep.o
                0x0000f528                SLEEP_Init
 .text.SLEEP_Sleep
                0x0000f588       0x90 ./platform/emdrv/sleep/src/sleep.o
                0x0000f588                SLEEP_Sleep
 .text.SLEEP_SleepBlockBegin
                0x0000f618       0x48 ./platform/emdrv/sleep/src/sleep.o
                0x0000f618                SLEEP_SleepBlockBegin
 .text.SLEEP_SleepBlockEnd
                0x0000f660       0x58 ./platform/emdrv/sleep/src/sleep.o
                0x0000f660                SLEEP_SleepBlockEnd
 .text.SLEEP_LowestEnergyModeGet
                0x0000f6b8       0x40 ./platform/emdrv/sleep/src/sleep.o
                0x0000f6b8                SLEEP_LowestEnergyModeGet
 .text.enterEMx
                0x0000f6f8       0xa0 ./platform/emdrv/sleep/src/sleep.o
 .text.NVIC_EnableIRQ
                0x0000f798       0x30 ./platform/emdrv/tempdrv/src/tempdrv.o
 .text.NVIC_ClearPendingIRQ
                0x0000f7c8       0x34 ./platform/emdrv/tempdrv/src/tempdrv.o
 .text.EMU_IntClear
                0x0000f7fc       0x1c ./platform/emdrv/tempdrv/src/tempdrv.o
 .text.EMU_IntDisable
                0x0000f818       0x24 ./platform/emdrv/tempdrv/src/tempdrv.o
 .text.EMU_IntEnable
                0x0000f83c       0x24 ./platform/emdrv/tempdrv/src/tempdrv.o
 .text.EMU_IntGetEnabled
                0x0000f860       0x24 ./platform/emdrv/tempdrv/src/tempdrv.o
 .text.EMU_IRQHandler
                0x0000f884        0xc ./platform/emdrv/tempdrv/src/tempdrv.o
                0x0000f884                EMU_IRQHandler
 .text.TEMPDRV_IRQHandler
                0x0000f890       0xa0 ./platform/emdrv/tempdrv/src/tempdrv.o
                0x0000f890                TEMPDRV_IRQHandler
 .text.errataCallback
                0x0000f930       0x20 ./platform/emdrv/tempdrv/src/tempdrv.o
 .text.errataStateUpdate
                0x0000f950       0xbc ./platform/emdrv/tempdrv/src/tempdrv.o
 .text.errataInit
                0x0000fa0c       0x8c ./platform/emdrv/tempdrv/src/tempdrv.o
 .text.convertToTemp
                0x0000fa98       0x58 ./platform/emdrv/tempdrv/src/tempdrv.o
 .text.convertToEmu
                0x0000faf0       0x48 ./platform/emdrv/tempdrv/src/tempdrv.o
 .text.disableInterrupts
                0x0000fb38       0x18 ./platform/emdrv/tempdrv/src/tempdrv.o
 .text.updateInterrupts
                0x0000fb50      0x140 ./platform/emdrv/tempdrv/src/tempdrv.o
 .text.TEMPDRV_Init
                0x0000fc90       0xd4 ./platform/emdrv/tempdrv/src/tempdrv.o
                0x0000fc90                TEMPDRV_Init
 .text.TEMPDRV_GetTemp
                0x0000fd64       0x1c ./platform/emdrv/tempdrv/src/tempdrv.o
                0x0000fd64                TEMPDRV_GetTemp
 .text.BUS_RegBitWrite
                0x0000fd80       0x2c ./platform/emlib/src/em_cmu.o
 .text.BUS_RegBitRead
                0x0000fdac       0x2c ./platform/emlib/src/em_cmu.o
 .text.BUS_RegMaskedSet
                0x0000fdd8       0x24 ./platform/emlib/src/em_cmu.o
 .text.BUS_RegMaskedClear
                0x0000fdfc       0x24 ./platform/emlib/src/em_cmu.o
 .text.BUS_RegMaskedWrite
                0x0000fe20       0x24 ./platform/emlib/src/em_cmu.o
 .text.CMU_Log2ToDiv
                0x0000fe44       0x1c ./platform/emlib/src/em_cmu.o
 .text.CMU_PrescToLog2
                0x0000fe60       0x28 ./platform/emlib/src/em_cmu.o
 .text.setHfLeConfig
                0x0000fe88       0x64 ./platform/emlib/src/em_cmu.o
 .text.auxClkGet
                0x0000feec       0x20 ./platform/emlib/src/em_cmu.o
 .text.hfSrcClkGet
                0x0000ff0c       0x2c ./platform/emlib/src/em_cmu.o
 .text.dbgClkGet
                0x0000ff38       0x40 ./platform/emlib/src/em_cmu.o
 .text.adcAsyncClkGet
                0x0000ff78       0x80 ./platform/emlib/src/em_cmu.o
 .text.flashWaitStateControl
                0x0000fff8       0x7c ./platform/emlib/src/em_cmu.o
 .text.flashWaitStateMax
                0x00010074       0x14 ./platform/emlib/src/em_cmu.o
 .text.CMU_UpdateWaitStates
                0x00010088       0x18 ./platform/emlib/src/em_cmu.o
                0x00010088                CMU_UpdateWaitStates
 .text.getRegIshUpperVal
                0x000100a0       0x38 ./platform/emlib/src/em_cmu.o
 .text.getHfxoTuningMode
                0x000100d8       0x1c ./platform/emlib/src/em_cmu.o
 .text.setHfxoTuningMode
                0x000100f4       0x28 ./platform/emlib/src/em_cmu.o
 .text.lfClkGet
                0x0001011c       0xf4 ./platform/emlib/src/em_cmu.o
 .text.syncReg  0x00010210       0x38 ./platform/emlib/src/em_cmu.o
 .text.CMU_ClockDivGet
                0x00010248       0x1c ./platform/emlib/src/em_cmu.o
                0x00010248                CMU_ClockDivGet
 .text.CMU_ClockDivSet
                0x00010264       0x1c ./platform/emlib/src/em_cmu.o
                0x00010264                CMU_ClockDivSet
 .text.CMU_ClockEnable
                0x00010280       0xcc ./platform/emlib/src/em_cmu.o
                0x00010280                CMU_ClockEnable
 .text.CMU_ClockFreqGet
                0x0001034c      0x198 ./platform/emlib/src/em_cmu.o
                0x0001034c                CMU_ClockFreqGet
 .text.CMU_ClockPrescGet
                0x000104e4      0x120 ./platform/emlib/src/em_cmu.o
                0x000104e4                CMU_ClockPrescGet
 .text.CMU_ClockPrescSet
                0x00010604      0x1e0 ./platform/emlib/src/em_cmu.o
                0x00010604                CMU_ClockPrescSet
 .text.CMU_ClockSelectGet
                0x000107e4      0x19c ./platform/emlib/src/em_cmu.o
                0x000107e4                CMU_ClockSelectGet
 .text.CMU_ClockSelectSet
                0x00010980      0x260 ./platform/emlib/src/em_cmu.o
                0x00010980                CMU_ClockSelectSet
 .text.CMU_HFXOAutostartEnable
                0x00010be0       0x7c ./platform/emlib/src/em_cmu.o
                0x00010be0                CMU_HFXOAutostartEnable
 .text.CMU_HFXOInit
                0x00010c5c       0xf4 ./platform/emlib/src/em_cmu.o
                0x00010c5c                CMU_HFXOInit
 .text.CMU_LFXOInit
                0x00010d50       0x50 ./platform/emlib/src/em_cmu.o
                0x00010d50                CMU_LFXOInit
 .text.CMU_OscillatorEnable
                0x00010da0      0x174 ./platform/emlib/src/em_cmu.o
                0x00010da0                CMU_OscillatorEnable
 .text.CMU_OscillatorTuningGet
                0x00010f14       0x74 ./platform/emlib/src/em_cmu.o
                0x00010f14                CMU_OscillatorTuningGet
 .text.CMU_OscillatorTuningSet
                0x00010f88      0x100 ./platform/emlib/src/em_cmu.o
                0x00010f88                CMU_OscillatorTuningSet
 .text.CMU_OscillatorTuningWait
                0x00011088       0x94 ./platform/emlib/src/em_cmu.o
                0x00011088                CMU_OscillatorTuningWait
 .text.CMU_OscillatorTuningOptimize
                0x0001111c       0x58 ./platform/emlib/src/em_cmu.o
                0x0001111c                CMU_OscillatorTuningOptimize
 .text.CORE_EnterCritical
                0x00011174       0x20 ./platform/emlib/src/em_core.o
                0x00011174                CORE_EnterCritical
 .text.CORE_ExitCritical
                0x00011194       0x1c ./platform/emlib/src/em_core.o
                0x00011194                CORE_ExitCritical
 .text.CORE_AtomicDisableIrq
                0x000111b0       0x10 ./platform/emlib/src/em_core.o
                0x000111b0                CORE_AtomicDisableIrq
 .text.CORE_AtomicEnableIrq
                0x000111c0       0x10 ./platform/emlib/src/em_core.o
                0x000111c0                CORE_AtomicEnableIrq
 .text.CORE_EnterAtomic
                0x000111d0       0x20 ./platform/emlib/src/em_core.o
                0x000111d0                CORE_EnterAtomic
 .text.CORE_ExitAtomic
                0x000111f0       0x1c ./platform/emlib/src/em_core.o
                0x000111f0                CORE_ExitAtomic
 .text.CORE_SetNvicRamTableHandler
                0x0001120c       0x44 ./platform/emlib/src/em_core.o
                0x0001120c                CORE_SetNvicRamTableHandler
 .text.CORE_InitNvicVectorTable
                0x00011250       0xc8 ./platform/emlib/src/em_core.o
                0x00011250                CORE_InitNvicVectorTable
 .text.CRYPTO_BurstFromCrypto
                0x00011318       0x40 ./platform/emlib/src/em_crypto.o
 .text.CRYPTO_ModulusSet
                0x00011358       0x88 ./platform/emlib/src/em_crypto.o
                0x00011358                CRYPTO_ModulusSet
 .text.CRYPTO_KeyRead
                0x000113e0       0x38 ./platform/emlib/src/em_crypto.o
                0x000113e0                CRYPTO_KeyRead
 .text.SystemCoreClockUpdate
                0x00011418        0xc ./platform/emlib/src/em_emu.o
 .text.BUS_RegBitWrite
                0x00011424       0x2c ./platform/emlib/src/em_emu.o
 .text.BUS_RegBitRead
                0x00011450       0x2c ./platform/emlib/src/em_emu.o
 .text.EMU_Unlock
                0x0001147c       0x18 ./platform/emlib/src/em_emu.o
 .text.CMU_Lock
                0x00011494       0x18 ./platform/emlib/src/em_emu.o
 .text.CMU_Unlock
                0x000114ac       0x1c ./platform/emlib/src/em_emu.o
 .text.SYSTEM_GetDevinfoRev
                0x000114c8       0x18 ./platform/emlib/src/em_emu.o
 .text.emState  0x000114e0       0xcc ./platform/emlib/src/em_emu.o
 .text.dcdcFetCntSet
                0x000115ac       0x50 ./platform/emlib/src/em_emu.o
 .text.dcdcHsFixLnBlock
                0x000115fc       0x48 ./platform/emlib/src/em_emu.o
 .text.EMU_EnterEM2
                0x00011644       0x50 ./platform/emlib/src/em_emu.o
                0x00011644                EMU_EnterEM2
 .text.EMU_EnterEM3
                0x00011694       0x78 ./platform/emlib/src/em_emu.o
                0x00011694                EMU_EnterEM3
 .text.EMU_Save
                0x0001170c        0xc ./platform/emlib/src/em_emu.o
                0x0001170c                EMU_Save
 .text.EMU_Restore
                0x00011718        0xc ./platform/emlib/src/em_emu.o
                0x00011718                EMU_Restore
 .text.EMU_EnterEM4
                0x00011724       0xbc ./platform/emlib/src/em_emu.o
                0x00011724                EMU_EnterEM4
 .text.dcdcConstCalibrationLoad
                0x000117e0       0xc4 ./platform/emlib/src/em_emu.o
 .text.dcdcValidatedConfigSet
                0x000118a4       0xb0 ./platform/emlib/src/em_emu.o
 .text.currentLimitersUpdate
                0x00011954       0xe4 ./platform/emlib/src/em_emu.o
 .text.userCurrentLimitsSet
                0x00011a38       0x2c ./platform/emlib/src/em_emu.o
 .text.compCtrlSet
                0x00011a64       0x3c ./platform/emlib/src/em_emu.o
 .text.lpCmpHystCalibrationLoad
                0x00011aa0       0xd0 ./platform/emlib/src/em_emu.o
 .text.lpGetDevinfoVrefLowHigh
                0x00011b70      0x164 ./platform/emlib/src/em_emu.o
 .text.EMU_DCDCModeSet
                0x00011cd4       0xb8 ./platform/emlib/src/em_emu.o
                0x00011cd4                EMU_DCDCModeSet
 .text.EMU_DCDCInit
                0x00011d8c      0x114 ./platform/emlib/src/em_emu.o
                0x00011d8c                EMU_DCDCInit
 .text.EMU_DCDCOutputVoltageSet
                0x00011ea0      0x20c ./platform/emlib/src/em_emu.o
                0x00011ea0                EMU_DCDCOutputVoltageSet
 .text.EMU_DCDCOptimizeSlice
                0x000120ac       0xd8 ./platform/emlib/src/em_emu.o
                0x000120ac                EMU_DCDCOptimizeSlice
 .text.EMU_DCDCLnRcoBandSet
                0x00012184       0x54 ./platform/emlib/src/em_emu.o
                0x00012184                EMU_DCDCLnRcoBandSet
 .text.EMU_SetBiasMode
                0x000121d8       0xa4 ./platform/emlib/src/em_emu.o
                0x000121d8                EMU_SetBiasMode
 .text.BUS_RegMaskedSet
                0x0001227c       0x24 ./platform/emlib/src/em_gpio.o
 .text.BUS_RegMaskedClear
                0x000122a0       0x24 ./platform/emlib/src/em_gpio.o
 .text.BUS_RegMaskedWrite
                0x000122c4       0x24 ./platform/emlib/src/em_gpio.o
 .text.GPIO_PinOutClear
                0x000122e8       0x58 ./platform/emlib/src/em_gpio.o
 .text.GPIO_PinOutSet
                0x00012340       0x58 ./platform/emlib/src/em_gpio.o
 .text.GPIO_DriveStrengthSet
                0x00012398       0x60 ./platform/emlib/src/em_gpio.o
                0x00012398                GPIO_DriveStrengthSet
 .text.GPIO_PinModeSet
                0x000123f8      0x10c ./platform/emlib/src/em_gpio.o
                0x000123f8                GPIO_PinModeSet
 .text.LETIMER_CompareSet
                0x00012504       0x58 ./platform/emlib/src/em_letimer.o
                0x00012504                LETIMER_CompareSet
 .text.LETIMER_Enable
                0x0001255c       0x2c ./platform/emlib/src/em_letimer.o
                0x0001255c                LETIMER_Enable
 .text.LETIMER_Init
                0x00012588       0xd0 ./platform/emlib/src/em_letimer.o
                0x00012588                LETIMER_Init
 .text.MSC_Init
                0x00012658       0x24 ./platform/emlib/src/em_msc.o
                0x00012658                MSC_Init
 .text.MSC_Deinit
                0x0001267c       0x24 ./platform/emlib/src/em_msc.o
                0x0001267c                MSC_Deinit
 .text.RMU_ResetCauseClear
                0x000126a0       0x18 ./platform/emlib/src/em_rmu.o
                0x000126a0                RMU_ResetCauseClear
 .text.RMU_ResetCauseGet
                0x000126b8       0xdc ./platform/emlib/src/em_rmu.o
                0x000126b8                RMU_ResetCauseGet
 .text.BUS_RegBitWrite
                0x00012794       0x2c ./platform/emlib/src/em_rtcc.o
 .text.RTCC_ChannelInit
                0x000127c0       0x5c ./platform/emlib/src/em_rtcc.o
                0x000127c0                RTCC_ChannelInit
 .text.RTCC_Enable
                0x0001281c       0x20 ./platform/emlib/src/em_rtcc.o
                0x0001281c                RTCC_Enable
 .text.RTCC_Init
                0x0001283c       0x94 ./platform/emlib/src/em_rtcc.o
                0x0001283c                RTCC_Init
 .text.SYSTEM_ChipRevisionGet
                0x000128d0       0x78 ./platform/emlib/src/em_system.o
                0x000128d0                SYSTEM_ChipRevisionGet
 .text.USART_BaudrateSyncSet
                0x00012948       0x40 ./platform/emlib/src/em_usart.o
                0x00012948                USART_BaudrateSyncSet
 .text.USART_Enable
                0x00012988       0x4c ./platform/emlib/src/em_usart.o
                0x00012988                USART_Enable
 .text.USART_InitSync
                0x000129d4       0xf0 ./platform/emlib/src/em_usart.o
                0x000129d4                USART_InitSync
 .text.USART_Reset
                0x00012ac4       0x9c ./platform/emlib/src/em_usart.o
                0x00012ac4                USART_Reset
 .text.USART_SpiTransfer
                0x00012b60       0x40 ./platform/emlib/src/em_usart.o
                0x00012b60                USART_SpiTransfer
 .text.USART_Tx
                0x00012ba0       0x2c ./platform/emlib/src/em_usart.o
                0x00012ba0                USART_Tx
 .text.USART_TxDouble
                0x00012bcc       0x2c ./platform/emlib/src/em_usart.o
                0x00012bcc                USART_TxDouble
 .text.spi_setup
                0x00012bf8       0xb8 ./src/accelerometer.o
                0x00012bf8                spi_setup
 .text.accelerometer_read
                0x00012cb0       0x58 ./src/accelerometer.o
                0x00012cb0                accelerometer_read
 .text.accelerometer_on
                0x00012d08       0x2c ./src/accelerometer.o
                0x00012d08                accelerometer_on
 .text.acceleration_calculate_value
                0x00012d34      0x1e0 ./src/accelerometer.o
                0x00012d34                acceleration_calculate_value
 .text.cmu_init
                0x00012f14       0x20 ./src/cmu.o
                0x00012f14                cmu_init
 .text.cmu_letimer_init
                0x00012f34       0x50 ./src/cmu.o
                0x00012f34                cmu_letimer_init
 .text.gpio_init
                0x00012f84       0x48 ./src/gpio.o
                0x00012f84                gpio_init
 .text.NVIC_EnableIRQ
                0x00012fcc       0x30 ./src/letimer.o
 .text.LETIMER_IntClear
                0x00012ffc       0x1c ./src/letimer.o
 .text.LETIMER_IntEnable
                0x00013018       0x20 ./src/letimer.o
 .text.LETIMER_IntGet
                0x00013038       0x18 ./src/letimer.o
 .text.gecko_cmd_le_connection_get_rssi
                0x00013050       0x50 ./src/letimer.o
 .text.letimer_init
                0x000130a0       0x74 ./src/letimer.o
                0x000130a0                letimer_init
 .text.LETIMER0_IRQHandler
                0x00013114       0x88 ./src/letimer.o
                0x00013114                LETIMER0_IRQHandler
 .text.eventDefault
                0x0001319c        0x2 C:\SiliconLabs\SimplicityStudio\v4_8\Final_Server_Handheld_3\platform\radio\rail_lib\autogen\librail_release\librail_efr32xg1_gcc_release.a(rail_rf_hal.o)
 *fill*         0x0001319e        0x2 
 .text.setRssiPeriod
                0x000131a0       0x18 C:\SiliconLabs\SimplicityStudio\v4_8\Final_Server_Handheld_3\platform\radio\rail_lib\autogen\librail_release\librail_efr32xg1_gcc_release.a(rail_rf_hal.o)
 .text.RFHAL_NotifyUserOfIrCal
                0x000131b8       0x80 C:\SiliconLabs\SimplicityStudio\v4_8\Final_Server_Handheld_3\platform\radio\rail_lib\autogen\librail_release\librail_efr32xg1_gcc_release.a(rail_rf_hal.o)
 .text.GENERIC_PHY_EventCallback
                0x00013238      0x19c C:\SiliconLabs\SimplicityStudio\v4_8\Final_Server_Handheld_3\platform\radio\rail_lib\autogen\librail_release\librail_efr32xg1_gcc_release.a(rail_rf_hal.o)
                0x00013238                GENERIC_PHY_EventCallback
 .text.RFHAL_IntEnable
                0x000133d4       0x56 C:\SiliconLabs\SimplicityStudio\v4_8\Final_Server_Handheld_3\platform\radio\rail_lib\autogen\librail_release\librail_efr32xg1_gcc_release.a(rail_rf_hal.o)
                0x000133d4                RFHAL_IntEnable
 *fill*         0x0001342a        0x2 
 .text.RFHAL_SetEventCallback
                0x0001342c       0x18 C:\SiliconLabs\SimplicityStudio\v4_8\Final_Server_Handheld_3\platform\radio\rail_lib\autogen\librail_release\librail_efr32xg1_gcc_release.a(rail_rf_hal.o)
                0x0001342c                RFHAL_SetEventCallback
 .text.RFHAL_SetPtiProtocol
                0x00013444       0x20 C:\SiliconLabs\SimplicityStudio\v4_8\Final_Server_Handheld_3\platform\radio\rail_lib\autogen\librail_release\librail_efr32xg1_gcc_release.a(rail_rf_hal.o)
                0x00013444                RFHAL_SetPtiProtocol
 .text.RFHAL_Idle
                0x00013464       0x40 C:\SiliconLabs\SimplicityStudio\v4_8\Final_Server_Handheld_3\platform\radio\rail_lib\autogen\librail_release\librail_efr32xg1_gcc_release.a(rail_rf_hal.o)
                0x00013464                RFHAL_Idle
 .text.RFHAL_GetRadioState
                0x000134a4       0x7c C:\SiliconLabs\SimplicityStudio\v4_8\Final_Server_Handheld_3\platform\radio\rail_lib\autogen\librail_release\librail_efr32xg1_gcc_release.a(rail_rf_hal.o)
                0x000134a4                RFHAL_GetRadioState
 .text.RFHAL_OkToTransmit
                0x00013520       0x14 C:\SiliconLabs\SimplicityStudio\v4_8\Final_Server_Handheld_3\platform\radio\rail_lib\autogen\librail_release\librail_efr32xg1_gcc_release.a(rail_rf_hal.o)
                0x00013520                RFHAL_OkToTransmit
 .text.RFHAL_ScheduleRx
                0x00013534       0x74 C:\SiliconLabs\SimplicityStudio\v4_8\Final_Server_Handheld_3\platform\radio\rail_lib\autogen\librail_release\librail_efr32xg1_gcc_release.a(rail_rf_hal.o)
                0x00013534                RFHAL_ScheduleRx
 .text.RFHAL_EnableRxRawCapture
                0x000135a8       0x5c C:\SiliconLabs\SimplicityStudio\v4_8\Final_Server_Handheld_3\platform\radio\rail_lib\autogen\librail_release\librail_efr32xg1_gcc_release.a(rail_rf_hal.o)
                0x000135a8                RFHAL_EnableRxRawCapture
 .text.RFHAL_DisableRxRawCapture
                0x00013604       0x38 C:\SiliconLabs\SimplicityStudio\v4_8\Final_Server_Handheld_3\platform\radio\rail_lib\autogen\librail_release\librail_efr32xg1_gcc_release.a(rail_rf_hal.o)
                0x00013604                RFHAL_DisableRxRawCapture
 .text.RFHAL_AcceptCrcErrors
                0x0001363c       0x18 C:\SiliconLabs\SimplicityStudio\v4_8\Final_Server_Handheld_3\platform\radio\rail_lib\autogen\librail_release\librail_efr32xg1_gcc_release.a(rail_rf_hal.o)
                0x0001363c                RFHAL_AcceptCrcErrors
 .text.RFHAL_ConfigRxOptions
                0x00013654       0x74 C:\SiliconLabs\SimplicityStudio\v4_8\Final_Server_Handheld_3\platform\radio\rail_lib\autogen\librail_release\librail_efr32xg1_gcc_release.a(rail_rf_hal.o)
                0x00013654                RFHAL_ConfigRxOptions
 .text.RFHAL_CancelTimer
                0x000136c8       0x28 C:\SiliconLabs\SimplicityStudio\v4_8\Final_Server_Handheld_3\platform\radio\rail_lib\autogen\librail_release\librail_efr32xg1_gcc_release.a(rail_rf_hal.o)
                0x000136c8                RFHAL_CancelTimer
 .text.RFHAL_SetTimer
                0x000136f0       0x80 C:\SiliconLabs\SimplicityStudio\v4_8\Final_Server_Handheld_3\platform\radio\rail_lib\autogen\librail_release\librail_efr32xg1_gcc_release.a(rail_rf_hal.o)
                0x000136f0                RFHAL_SetTimer
 .text.RFHAL_SetTxTransitions
                0x00013770       0x1c C:\SiliconLabs\SimplicityStudio\v4_8\Final_Server_Handheld_3\platform\radio\rail_lib\autogen\librail_release\librail_efr32xg1_gcc_release.a(rail_rf_hal.o)
                0x00013770                RFHAL_SetTxTransitions
 .text.RFHAL_SetRxTransitions
                0x0001378c       0x1c C:\SiliconLabs\SimplicityStudio\v4_8\Final_Server_Handheld_3\platform\radio\rail_lib\autogen\librail_release\librail_efr32xg1_gcc_release.a(rail_rf_hal.o)
                0x0001378c                RFHAL_SetRxTransitions
 .text.RFHAL_SetCRCInitVal
                0x000137a8        0x4 C:\SiliconLabs\SimplicityStudio\v4_8\Final_Server_Handheld_3\platform\radio\rail_lib\autogen\librail_release\librail_efr32xg1_gcc_release.a(rail_rf_hal.o)
                0x000137a8                RFHAL_SetCRCInitVal
 .text.RFHAL_ConfigTxPower
                0x000137ac        0xc C:\SiliconLabs\SimplicityStudio\v4_8\Final_Server_Handheld_3\platform\radio\rail_lib\autogen\librail_release\librail_efr32xg1_gcc_release.a(rail_rf_hal.o)
                0x000137ac                RFHAL_ConfigTxPower
 .text.RFHAL_SetTxPowerUnchecked
                0x000137b8       0x18 C:\SiliconLabs\SimplicityStudio\v4_8\Final_Server_Handheld_3\platform\radio\rail_lib\autogen\librail_release\librail_efr32xg1_gcc_release.a(rail_rf_hal.o)
                0x000137b8                RFHAL_SetTxPowerUnchecked
 .text.RFHAL_SetTxPower
                0x000137d0       0x3c C:\SiliconLabs\SimplicityStudio\v4_8\Final_Server_Handheld_3\platform\radio\rail_lib\autogen\librail_release\librail_efr32xg1_gcc_release.a(rail_rf_hal.o)
                0x000137d0                RFHAL_SetTxPower
 .text.RFHAL_GetTxPowerConfig
                0x0001380c        0xc C:\SiliconLabs\SimplicityStudio\v4_8\Final_Server_Handheld_3\platform\radio\rail_lib\autogen\librail_release\librail_efr32xg1_gcc_release.a(rail_rf_hal.o)
                0x0001380c                RFHAL_GetTxPowerConfig
 .text.RFHAL_GetTxPower
                0x00013818        0x4 C:\SiliconLabs\SimplicityStudio\v4_8\Final_Server_Handheld_3\platform\radio\rail_lib\autogen\librail_release\librail_efr32xg1_gcc_release.a(rail_rf_hal.o)
                0x00013818                RFHAL_GetTxPower
 .text.RFHAL_SetChannel
                0x0001381c       0x98 C:\SiliconLabs\SimplicityStudio\v4_8\Final_Server_Handheld_3\platform\radio\rail_lib\autogen\librail_release\librail_efr32xg1_gcc_release.a(rail_rf_hal.o)
                0x0001381c                RFHAL_SetChannel
 .text.RFHAL_IsAutoAckEnabled
                0x000138b4        0x6 C:\SiliconLabs\SimplicityStudio\v4_8\Final_Server_Handheld_3\platform\radio\rail_lib\autogen\librail_release\librail_efr32xg1_gcc_release.a(rail_rf_hal.o)
                0x000138b4                RFHAL_IsAutoAckEnabled
 *fill*         0x000138ba        0x2 
 .text.RFHAL_AutoAckWaitForAck
                0x000138bc       0x18 C:\SiliconLabs\SimplicityStudio\v4_8\Final_Server_Handheld_3\platform\radio\rail_lib\autogen\librail_release\librail_efr32xg1_gcc_release.a(rail_rf_hal.o)
                0x000138bc                RFHAL_AutoAckWaitForAck
 .text.preTxOps
                0x000138d4       0xc4 C:\SiliconLabs\SimplicityStudio\v4_8\Final_Server_Handheld_3\platform\radio\rail_lib\autogen\librail_release\librail_efr32xg1_gcc_release.a(rail_rf_hal.o)
 .text.RFHAL_StartTx
                0x00013998       0x12 C:\SiliconLabs\SimplicityStudio\v4_8\Final_Server_Handheld_3\platform\radio\rail_lib\autogen\librail_release\librail_efr32xg1_gcc_release.a(rail_rf_hal.o)
                0x00013998                RFHAL_StartTx
 .text.RFHAL_StartScheduledTx
                0x000139aa       0x3a C:\SiliconLabs\SimplicityStudio\v4_8\Final_Server_Handheld_3\platform\radio\rail_lib\autogen\librail_release\librail_efr32xg1_gcc_release.a(rail_rf_hal.o)
                0x000139aa                RFHAL_StartScheduledTx
 .text.RFHAL_GetRxPacketInfo
                0x000139e4       0x48 C:\SiliconLabs\SimplicityStudio\v4_8\Final_Server_Handheld_3\platform\radio\rail_lib\autogen\librail_release\librail_efr32xg1_gcc_release.a(rail_rf_hal.o)
                0x000139e4                RFHAL_GetRxPacketInfo
 .text.RFHAL_GetRxPacketDetails
                0x00013a2c       0xcc C:\SiliconLabs\SimplicityStudio\v4_8\Final_Server_Handheld_3\platform\radio\rail_lib\autogen\librail_release\librail_efr32xg1_gcc_release.a(rail_rf_hal.o)
                0x00013a2c                RFHAL_GetRxPacketDetails
 .text.RFHAL_SetTxBuffer
                0x00013af8       0x3a C:\SiliconLabs\SimplicityStudio\v4_8\Final_Server_Handheld_3\platform\radio\rail_lib\autogen\librail_release\librail_efr32xg1_gcc_release.a(rail_rf_hal.o)
                0x00013af8                RFHAL_SetTxBuffer
 *fill*         0x00013b32        0x2 
 .text.RFHAL_ResetTxFifo
                0x00013b34       0x2c C:\SiliconLabs\SimplicityStudio\v4_8\Final_Server_Handheld_3\platform\radio\rail_lib\autogen\librail_release\librail_efr32xg1_gcc_release.a(rail_rf_hal.o)
                0x00013b34                RFHAL_ResetTxFifo
 .text.RFHAL_WriteTxFifo
                0x00013b60       0x28 C:\SiliconLabs\SimplicityStudio\v4_8\Final_Server_Handheld_3\platform\radio\rail_lib\autogen\librail_release\librail_efr32xg1_gcc_release.a(rail_rf_hal.o)
                0x00013b60                RFHAL_WriteTxFifo
 .text.RFHAL_ResetRxFifo
                0x00013b88       0x40 C:\SiliconLabs\SimplicityStudio\v4_8\Final_Server_Handheld_3\platform\radio\rail_lib\autogen\librail_release\librail_efr32xg1_gcc_release.a(rail_rf_hal.o)
                0x00013b88                RFHAL_ResetRxFifo
 .text.RFHAL_ConfigData
                0x00013bc8       0x7c C:\SiliconLabs\SimplicityStudio\v4_8\Final_Server_Handheld_3\platform\radio\rail_lib\autogen\librail_release\librail_efr32xg1_gcc_release.a(rail_rf_hal.o)
                0x00013bc8                RFHAL_ConfigData
 .text.RFHAL_Init
                0x00013c44       0xa0 C:\SiliconLabs\SimplicityStudio\v4_8\Final_Server_Handheld_3\platform\radio\rail_lib\autogen\librail_release\librail_efr32xg1_gcc_release.a(rail_rf_hal.o)
                0x00013c44                RFHAL_Init
 .text.RFHAL_SetFixedLength
                0x00013ce4       0x8c C:\SiliconLabs\SimplicityStudio\v4_8\Final_Server_Handheld_3\platform\radio\rail_lib\autogen\librail_release\librail_efr32xg1_gcc_release.a(rail_rf_hal.o)
                0x00013ce4                RFHAL_SetFixedLength
 .text.RFHAL_SetAbortScheduledTxDuringRx
                0x00013d70       0x18 C:\SiliconLabs\SimplicityStudio\v4_8\Final_Server_Handheld_3\platform\radio\rail_lib\autogen\librail_release\librail_efr32xg1_gcc_release.a(rail_rf_hal.o)
                0x00013d70                RFHAL_SetAbortScheduledTxDuringRx
 .text.RFHAL_ConfigRadio
                0x00013d88       0xe0 C:\SiliconLabs\SimplicityStudio\v4_8\Final_Server_Handheld_3\platform\radio\rail_lib\autogen\librail_release\librail_efr32xg1_gcc_release.a(rail_rf_hal.o)
                0x00013d88                RFHAL_ConfigRadio
 .text.RFHAL_GetTime
                0x00013e68        0xe C:\SiliconLabs\SimplicityStudio\v4_8\Final_Server_Handheld_3\platform\radio\rail_lib\autogen\librail_release\librail_efr32xg1_gcc_release.a(rail_rf_hal.o)
                0x00013e68                RFHAL_GetTime
 .text.RFHAL_GetRadioEntropy
                0x00013e76        0x4 C:\SiliconLabs\SimplicityStudio\v4_8\Final_Server_Handheld_3\platform\radio\rail_lib\autogen\librail_release\librail_efr32xg1_gcc_release.a(rail_rf_hal.o)
                0x00013e76                RFHAL_GetRadioEntropy
 .text.RFHAL_SetStateTiming
                0x00013e7a       0x4e C:\SiliconLabs\SimplicityStudio\v4_8\Final_Server_Handheld_3\platform\radio\rail_lib\autogen\librail_release\librail_efr32xg1_gcc_release.a(rail_rf_hal.o)
                0x00013e7a                RFHAL_SetStateTiming
 .text.RAIL_Init
                0x00013ec8       0x20 C:\SiliconLabs\SimplicityStudio\v4_8\Final_Server_Handheld_3\platform\radio\rail_lib\autogen\librail_release\librail_efr32xg1_gcc_release.a(rail_singleprotocol.o)
                0x00013ec8                RAIL_Init
 .text.RAIL_GetSchedulerStatus
                0x00013ee8        0x4 C:\SiliconLabs\SimplicityStudio\v4_8\Final_Server_Handheld_3\platform\radio\rail_lib\autogen\librail_release\librail_efr32xg1_gcc_release.a(rail_singleprotocol.o)
                0x00013ee8                RAIL_GetSchedulerStatus
 .text.RAIL_Idle
                0x00013eec        0x8 C:\SiliconLabs\SimplicityStudio\v4_8\Final_Server_Handheld_3\platform\radio\rail_lib\autogen\librail_release\librail_efr32xg1_gcc_release.a(rail_singleprotocol.o)
                0x00013eec                RAIL_Idle
 .text.RAIL_YieldRadio
                0x00013ef4        0x2 C:\SiliconLabs\SimplicityStudio\v4_8\Final_Server_Handheld_3\platform\radio\rail_lib\autogen\librail_release\librail_efr32xg1_gcc_release.a(rail_singleprotocol.o)
                0x00013ef4                RAIL_YieldRadio
 .text.RAIL_GetRadioEntropy
                0x00013ef6        0x8 C:\SiliconLabs\SimplicityStudio\v4_8\Final_Server_Handheld_3\platform\radio\rail_lib\autogen\librail_release\librail_efr32xg1_gcc_release.a(rail_singleprotocol.o)
                0x00013ef6                RAIL_GetRadioEntropy
 .text.RAIL_SetTimer
                0x00013efe       0x14 C:\SiliconLabs\SimplicityStudio\v4_8\Final_Server_Handheld_3\platform\radio\rail_lib\autogen\librail_release\librail_efr32xg1_gcc_release.a(rail_singleprotocol.o)
                0x00013efe                RAIL_SetTimer
 .text.RAIL_CancelTimer
                0x00013f12        0x4 C:\SiliconLabs\SimplicityStudio\v4_8\Final_Server_Handheld_3\platform\radio\rail_lib\autogen\librail_release\librail_efr32xg1_gcc_release.a(rail_singleprotocol.o)
                0x00013f12                RAIL_CancelTimer
 .text.RAIL_StartTx
                0x00013f16        0xa C:\SiliconLabs\SimplicityStudio\v4_8\Final_Server_Handheld_3\platform\radio\rail_lib\autogen\librail_release\librail_efr32xg1_gcc_release.a(rail_singleprotocol.o)
                0x00013f16                RAIL_StartTx
 .text.RAIL_StartScheduledTx
                0x00013f20        0xa C:\SiliconLabs\SimplicityStudio\v4_8\Final_Server_Handheld_3\platform\radio\rail_lib\autogen\librail_release\librail_efr32xg1_gcc_release.a(rail_singleprotocol.o)
                0x00013f20                RAIL_StartScheduledTx
 .text.RAIL_ScheduleRx
                0x00013f2a        0xa C:\SiliconLabs\SimplicityStudio\v4_8\Final_Server_Handheld_3\platform\radio\rail_lib\autogen\librail_release\librail_efr32xg1_gcc_release.a(rail_singleprotocol.o)
                0x00013f2a                RAIL_ScheduleRx
 .text.radioConfigChangedDefault
                0x00013f34        0x2 C:\SiliconLabs\SimplicityStudio\v4_8\Final_Server_Handheld_3\platform\radio\rail_lib\autogen\librail_release\librail_efr32xg1_gcc_release.a(rail_rf.o)
 .text.isTransitionState
                0x00013f36       0x12 C:\SiliconLabs\SimplicityStudio\v4_8\Final_Server_Handheld_3\platform\radio\rail_lib\autogen\librail_release\librail_efr32xg1_gcc_release.a(rail_rf.o)
 .text.RAILCore_Init
                0x00013f48       0x12 C:\SiliconLabs\SimplicityStudio\v4_8\Final_Server_Handheld_3\platform\radio\rail_lib\autogen\librail_release\librail_efr32xg1_gcc_release.a(rail_rf.o)
                0x00013f48                RAILCore_Init
 *fill*         0x00013f5a        0x2 
 .text.RAILInt_SetCallbackConfig
                0x00013f5c       0x20 C:\SiliconLabs\SimplicityStudio\v4_8\Final_Server_Handheld_3\platform\radio\rail_lib\autogen\librail_release\librail_efr32xg1_gcc_release.a(rail_rf.o)
                0x00013f5c                RAILInt_SetCallbackConfig
 .text.RAILCore_Idle
                0x00013f7c       0x14 C:\SiliconLabs\SimplicityStudio\v4_8\Final_Server_Handheld_3\platform\radio\rail_lib\autogen\librail_release\librail_efr32xg1_gcc_release.a(rail_rf.o)
                0x00013f7c                RAILCore_Idle
 .text.RAILCore_GetRadioState
                0x00013f90        0x4 C:\SiliconLabs\SimplicityStudio\v4_8\Final_Server_Handheld_3\platform\radio\rail_lib\autogen\librail_release\librail_efr32xg1_gcc_release.a(rail_rf.o)
                0x00013f90                RAILCore_GetRadioState
 .text.RAIL_SetStateTiming
                0x00013f94        0xa C:\SiliconLabs\SimplicityStudio\v4_8\Final_Server_Handheld_3\platform\radio\rail_lib\autogen\librail_release\librail_efr32xg1_gcc_release.a(rail_rf.o)
                0x00013f94                RAIL_SetStateTiming
 *fill*         0x00013f9e        0x2 
 .text.RAILInt_IsPowerInRange
                0x00013fa0       0x3c C:\SiliconLabs\SimplicityStudio\v4_8\Final_Server_Handheld_3\platform\radio\rail_lib\autogen\librail_release\librail_efr32xg1_gcc_release.a(rail_rf.o)
                0x00013fa0                RAILInt_IsPowerInRange
 .text.RAILInt_SetChannel
                0x00013fdc      0x1d8 C:\SiliconLabs\SimplicityStudio\v4_8\Final_Server_Handheld_3\platform\radio\rail_lib\autogen\librail_release\librail_efr32xg1_gcc_release.a(rail_rf.o)
                0x00013fdc                RAILInt_SetChannel
 .text.RAILCore_ConfigChannels
                0x000141b4       0x58 C:\SiliconLabs\SimplicityStudio\v4_8\Final_Server_Handheld_3\platform\radio\rail_lib\autogen\librail_release\librail_efr32xg1_gcc_release.a(rail_rf.o)
                0x000141b4                RAILCore_ConfigChannels
 .text.RAILInt_GetChannel
                0x0001420c        0x4 C:\SiliconLabs\SimplicityStudio\v4_8\Final_Server_Handheld_3\platform\radio\rail_lib\autogen\librail_release\librail_efr32xg1_gcc_release.a(rail_rf.o)
                0x0001420c                RAILInt_GetChannel
 .text.RAILCore_SetTxTransitions
                0x00014210       0x3c C:\SiliconLabs\SimplicityStudio\v4_8\Final_Server_Handheld_3\platform\radio\rail_lib\autogen\librail_release\librail_efr32xg1_gcc_release.a(rail_rf.o)
                0x00014210                RAILCore_SetTxTransitions
 .text.RAIL_SetTxTransitions
                0x0001424c        0xa C:\SiliconLabs\SimplicityStudio\v4_8\Final_Server_Handheld_3\platform\radio\rail_lib\autogen\librail_release\librail_efr32xg1_gcc_release.a(rail_rf.o)
                0x0001424c                RAIL_SetTxTransitions
 .text.RAILCore_SetRxTransitions
                0x00014256       0x38 C:\SiliconLabs\SimplicityStudio\v4_8\Final_Server_Handheld_3\platform\radio\rail_lib\autogen\librail_release\librail_efr32xg1_gcc_release.a(rail_rf.o)
                0x00014256                RAILCore_SetRxTransitions
 .text.RAIL_SetRxTransitions
                0x0001428e        0xa C:\SiliconLabs\SimplicityStudio\v4_8\Final_Server_Handheld_3\platform\radio\rail_lib\autogen\librail_release\librail_efr32xg1_gcc_release.a(rail_rf.o)
                0x0001428e                RAIL_SetRxTransitions
 .text.RAIL_ConfigEvents
                0x00014298       0x14 C:\SiliconLabs\SimplicityStudio\v4_8\Final_Server_Handheld_3\platform\radio\rail_lib\autogen\librail_release\librail_efr32xg1_gcc_release.a(rail_rf.o)
                0x00014298                RAIL_ConfigEvents
 .text.RAIL_ConfigRxOptions
                0x000142ac        0xa C:\SiliconLabs\SimplicityStudio\v4_8\Final_Server_Handheld_3\platform\radio\rail_lib\autogen\librail_release\librail_efr32xg1_gcc_release.a(rail_rx.o)
                0x000142ac                RAIL_ConfigRxOptions
 .text.RAILCore_ScheduleRx
                0x000142b6       0x2c C:\SiliconLabs\SimplicityStudio\v4_8\Final_Server_Handheld_3\platform\radio\rail_lib\autogen\librail_release\librail_efr32xg1_gcc_release.a(rail_rx.o)
                0x000142b6                RAILCore_ScheduleRx
 .text.RAILInt_PreTxOps
                0x000142e2       0x1c C:\SiliconLabs\SimplicityStudio\v4_8\Final_Server_Handheld_3\platform\radio\rail_lib\autogen\librail_release\librail_efr32xg1_gcc_release.a(rail_tx.o)
                0x000142e2                RAILInt_PreTxOps
 .text.RAILCore_StartTx
                0x000142fe       0x1a C:\SiliconLabs\SimplicityStudio\v4_8\Final_Server_Handheld_3\platform\radio\rail_lib\autogen\librail_release\librail_efr32xg1_gcc_release.a(rail_tx.o)
                0x000142fe                RAILCore_StartTx
 .text.RAILCore_StartScheduledTx
                0x00014318       0x1e C:\SiliconLabs\SimplicityStudio\v4_8\Final_Server_Handheld_3\platform\radio\rail_lib\autogen\librail_release\librail_efr32xg1_gcc_release.a(rail_tx.o)
                0x00014318                RAILCore_StartScheduledTx
 .text.RAIL_SetTxPower
                0x00014336        0xa C:\SiliconLabs\SimplicityStudio\v4_8\Final_Server_Handheld_3\platform\radio\rail_lib\autogen\librail_release\librail_efr32xg1_gcc_release.a(rail_tx.o)
                0x00014336                RAIL_SetTxPower
 .text.RAIL_GetTxPower
                0x00014340        0xa C:\SiliconLabs\SimplicityStudio\v4_8\Final_Server_Handheld_3\platform\radio\rail_lib\autogen\librail_release\librail_efr32xg1_gcc_release.a(rail_tx.o)
                0x00014340                RAIL_GetTxPower
 .text.RAIL_ConfigTxPower
                0x0001434a       0x1a C:\SiliconLabs\SimplicityStudio\v4_8\Final_Server_Handheld_3\platform\radio\rail_lib\autogen\librail_release\librail_efr32xg1_gcc_release.a(rail_tx.o)
                0x0001434a                RAIL_ConfigTxPower
 .text.RAILInt_PendCal
                0x00014364       0x24 C:\SiliconLabs\SimplicityStudio\v4_8\Final_Server_Handheld_3\platform\radio\rail_lib\autogen\librail_release\librail_efr32xg1_gcc_release.a(rail_calibration.o)
                0x00014364                RAILInt_PendCal
 .text.RAILCb_AssertFailed
                0x00014388       0x14 C:\SiliconLabs\SimplicityStudio\v4_8\Final_Server_Handheld_3\platform\radio\rail_lib\autogen\librail_release\librail_efr32xg1_gcc_release.a(rail_assert.o)
                0x00014388                RAILCb_AssertFailed
 .text.RAILInt_Assert
                0x0001439c       0x1c C:\SiliconLabs\SimplicityStudio\v4_8\Final_Server_Handheld_3\platform\radio\rail_lib\autogen\librail_release\librail_efr32xg1_gcc_release.a(rail_assert.o)
                0x0001439c                RAILInt_Assert
 .text.RAILCore_GetRadioEntropy
                0x000143b8        0x4 C:\SiliconLabs\SimplicityStudio\v4_8\Final_Server_Handheld_3\platform\radio\rail_lib\autogen\librail_release\librail_efr32xg1_gcc_release.a(rail_rssi.o)
                0x000143b8                RAILCore_GetRadioEntropy
 .text.BUFC_ReadHelper
                0x000143bc       0x7c C:\SiliconLabs\SimplicityStudio\v4_8\Final_Server_Handheld_3\platform\radio\rail_lib\autogen\librail_release\librail_efr32xg1_gcc_release.a(bufc.o)
 .text.checkAndAddRxLenOverflowEntry
                0x00014438       0x3c C:\SiliconLabs\SimplicityStudio\v4_8\Final_Server_Handheld_3\platform\radio\rail_lib\autogen\librail_release\librail_efr32xg1_gcc_release.a(bufc.o)
 .text.BUFC_SetTxBuffer
                0x00014474       0x38 C:\SiliconLabs\SimplicityStudio\v4_8\Final_Server_Handheld_3\platform\radio\rail_lib\autogen\librail_release\librail_efr32xg1_gcc_release.a(bufc.o)
                0x00014474                BUFC_SetTxBuffer
 .text.BUFC_WriteBuffer
                0x000144ac       0xa8 C:\SiliconLabs\SimplicityStudio\v4_8\Final_Server_Handheld_3\platform\radio\rail_lib\autogen\librail_release\librail_efr32xg1_gcc_release.a(bufc.o)
                0x000144ac                BUFC_WriteBuffer
 .text.BUFC_Peek
                0x00014554       0x12 C:\SiliconLabs\SimplicityStudio\v4_8\Final_Server_Handheld_3\platform\radio\rail_lib\autogen\librail_release\librail_efr32xg1_gcc_release.a(bufc.o)
                0x00014554                BUFC_Peek
 .text.BUFC_PeekByte
                0x00014566       0x34 C:\SiliconLabs\SimplicityStudio\v4_8\Final_Server_Handheld_3\platform\radio\rail_lib\autogen\librail_release\librail_efr32xg1_gcc_release.a(bufc.o)
                0x00014566                BUFC_PeekByte
 *fill*         0x0001459a        0x2 
 .text.BUFC_GetSpaceAvailable
                0x0001459c       0x28 C:\SiliconLabs\SimplicityStudio\v4_8\Final_Server_Handheld_3\platform\radio\rail_lib\autogen\librail_release\librail_efr32xg1_gcc_release.a(bufc.o)
                0x0001459c                BUFC_GetSpaceAvailable
 .text.BUFC_GetBytesAvailable
                0x000145c4       0x14 C:\SiliconLabs\SimplicityStudio\v4_8\Final_Server_Handheld_3\platform\radio\rail_lib\autogen\librail_release\librail_efr32xg1_gcc_release.a(bufc.o)
                0x000145c4                BUFC_GetBytesAvailable
 .text.BUFC_TxAckBufferSet
                0x000145d8       0x38 C:\SiliconLabs\SimplicityStudio\v4_8\Final_Server_Handheld_3\platform\radio\rail_lib\autogen\librail_release\librail_efr32xg1_gcc_release.a(bufc.o)
                0x000145d8                BUFC_TxAckBufferSet
 .text.BUFC_TxAckBufferReset
                0x00014610        0x8 C:\SiliconLabs\SimplicityStudio\v4_8\Final_Server_Handheld_3\platform\radio\rail_lib\autogen\librail_release\librail_efr32xg1_gcc_release.a(bufc.o)
                0x00014610                BUFC_TxAckBufferReset
 .text.BUFC_RxBufferReset
                0x00014618       0x5c C:\SiliconLabs\SimplicityStudio\v4_8\Final_Server_Handheld_3\platform\radio\rail_lib\autogen\librail_release\librail_efr32xg1_gcc_release.a(bufc.o)
                0x00014618                BUFC_RxBufferReset
 .text.BUFC_Init
                0x00014674       0x98 C:\SiliconLabs\SimplicityStudio\v4_8\Final_Server_Handheld_3\platform\radio\rail_lib\autogen\librail_release\librail_efr32xg1_gcc_release.a(bufc.o)
                0x00014674                BUFC_Init
 .text.BUFC_RxBufferBytesAvailable
                0x0001470c       0x10 C:\SiliconLabs\SimplicityStudio\v4_8\Final_Server_Handheld_3\platform\radio\rail_lib\autogen\librail_release\librail_efr32xg1_gcc_release.a(bufc.o)
                0x0001470c                BUFC_RxBufferBytesAvailable
 .text.BUFC_ReleaseRxPacket
                0x0001471c      0x10c C:\SiliconLabs\SimplicityStudio\v4_8\Final_Server_Handheld_3\platform\radio\rail_lib\autogen\librail_release\librail_efr32xg1_gcc_release.a(bufc.o)
                0x0001471c                BUFC_ReleaseRxPacket
 .text.BUFC_StartRxLenThrEvent
                0x00014828       0x8c C:\SiliconLabs\SimplicityStudio\v4_8\Final_Server_Handheld_3\platform\radio\rail_lib\autogen\librail_release\librail_efr32xg1_gcc_release.a(bufc.o)
                0x00014828                BUFC_StartRxLenThrEvent
 .text.BUFC_EndRxLenThrEvent
                0x000148b4       0x1c C:\SiliconLabs\SimplicityStudio\v4_8\Final_Server_Handheld_3\platform\radio\rail_lib\autogen\librail_release\librail_efr32xg1_gcc_release.a(bufc.o)
                0x000148b4                BUFC_EndRxLenThrEvent
 .text.BUFC_HandleRxLenOvfEvent
                0x000148d0       0x28 C:\SiliconLabs\SimplicityStudio\v4_8\Final_Server_Handheld_3\platform\radio\rail_lib\autogen\librail_release\librail_efr32xg1_gcc_release.a(bufc.o)
                0x000148d0                BUFC_HandleRxLenOvfEvent
 .text.BUFC_GetRxPacketInfo
                0x000148f8      0x138 C:\SiliconLabs\SimplicityStudio\v4_8\Final_Server_Handheld_3\platform\radio\rail_lib\autogen\librail_release\librail_efr32xg1_gcc_release.a(bufc.o)
                0x000148f8                BUFC_GetRxPacketInfo
 .text.IRCAL_Set
                0x00014a30       0x1c C:\SiliconLabs\SimplicityStudio\v4_8\Final_Server_Handheld_3\platform\radio\rail_lib\autogen\librail_release\librail_efr32xg1_gcc_release.a(ir_cal.o)
                0x00014a30                IRCAL_Set
 .text.IRCAL_Init
                0x00014a4c       0xa8 C:\SiliconLabs\SimplicityStudio\v4_8\Final_Server_Handheld_3\platform\radio\rail_lib\autogen\librail_release\librail_efr32xg1_gcc_release.a(ir_cal.o)
                0x00014a4c                IRCAL_Init
 .text.PA_ProtectPa
                0x00014af4       0xbc C:\SiliconLabs\SimplicityStudio\v4_8\Final_Server_Handheld_3\platform\radio\rail_lib\autogen\librail_release\librail_efr32xg1_gcc_release.a(pa.o)
 .text.getRampTimeFromLevelAndRate
                0x00014bb0       0x20 C:\SiliconLabs\SimplicityStudio\v4_8\Final_Server_Handheld_3\platform\radio\rail_lib\autogen\librail_release\librail_efr32xg1_gcc_release.a(pa.o)
 .text.PA_GetTxPowerConfig
                0x00014bd0       0x14 C:\SiliconLabs\SimplicityStudio\v4_8\Final_Server_Handheld_3\platform\radio\rail_lib\autogen\librail_release\librail_efr32xg1_gcc_release.a(pa.o)
                0x00014bd0                PA_GetTxPowerConfig
 .text.PA_GetPowerLevel
                0x00014be4        0xc C:\SiliconLabs\SimplicityStudio\v4_8\Final_Server_Handheld_3\platform\radio\rail_lib\autogen\librail_release\librail_efr32xg1_gcc_release.a(pa.o)
                0x00014be4                PA_GetPowerLevel
 .text.PA_SetPowerLevel
                0x00014bf0      0x194 C:\SiliconLabs\SimplicityStudio\v4_8\Final_Server_Handheld_3\platform\radio\rail_lib\autogen\librail_release\librail_efr32xg1_gcc_release.a(pa.o)
                0x00014bf0                PA_SetPowerLevel
 .text.PA_RunPeakDetectorHigh
                0x00014d84       0x4c C:\SiliconLabs\SimplicityStudio\v4_8\Final_Server_Handheld_3\platform\radio\rail_lib\autogen\librail_release\librail_efr32xg1_gcc_release.a(pa.o)
                0x00014d84                PA_RunPeakDetectorHigh
 .text.PA_RunPeakDetectorLow
                0x00014dd0        0x2 C:\SiliconLabs\SimplicityStudio\v4_8\Final_Server_Handheld_3\platform\radio\rail_lib\autogen\librail_release\librail_efr32xg1_gcc_release.a(pa.o)
                0x00014dd0                PA_RunPeakDetectorLow
 *fill*         0x00014dd2        0x2 
 .text.PA_RunBatHigh
                0x00014dd4       0x2c C:\SiliconLabs\SimplicityStudio\v4_8\Final_Server_Handheld_3\platform\radio\rail_lib\autogen\librail_release\librail_efr32xg1_gcc_release.a(pa.o)
                0x00014dd4                PA_RunBatHigh
 .text.PA_GetRampTime
                0x00014e00        0xc C:\SiliconLabs\SimplicityStudio\v4_8\Final_Server_Handheld_3\platform\radio\rail_lib\autogen\librail_release\librail_efr32xg1_gcc_release.a(pa.o)
                0x00014e00                PA_GetRampTime
 .text.PA_ConfigRamp
                0x00014e0c       0x20 C:\SiliconLabs\SimplicityStudio\v4_8\Final_Server_Handheld_3\platform\radio\rail_lib\autogen\librail_release\librail_efr32xg1_gcc_release.a(pa.o)
                0x00014e0c                PA_ConfigRamp
 .text.PA_CalcRampTime
                0x00014e2c       0x44 C:\SiliconLabs\SimplicityStudio\v4_8\Final_Server_Handheld_3\platform\radio\rail_lib\autogen\librail_release\librail_efr32xg1_gcc_release.a(pa.o)
                0x00014e2c                PA_CalcRampTime
 .text.PA_SetRampTime
                0x00014e70       0xac C:\SiliconLabs\SimplicityStudio\v4_8\Final_Server_Handheld_3\platform\radio\rail_lib\autogen\librail_release\librail_efr32xg1_gcc_release.a(pa.o)
                0x00014e70                PA_SetRampTime
 .text.PA_SelectBand
                0x00014f1c       0x50 C:\SiliconLabs\SimplicityStudio\v4_8\Final_Server_Handheld_3\platform\radio\rail_lib\autogen\librail_release\librail_efr32xg1_gcc_release.a(pa.o)
                0x00014f1c                PA_SelectBand
 .text.PA_Config
                0x00014f6c      0x15c C:\SiliconLabs\SimplicityStudio\v4_8\Final_Server_Handheld_3\platform\radio\rail_lib\autogen\librail_release\librail_efr32xg1_gcc_release.a(pa.o)
                0x00014f6c                PA_Config
 .text.PA_UpdateConfig
                0x000150c8       0x38 C:\SiliconLabs\SimplicityStudio\v4_8\Final_Server_Handheld_3\platform\radio\rail_lib\autogen\librail_release\librail_efr32xg1_gcc_release.a(pa.o)
                0x000150c8                PA_UpdateConfig
 .text.PROTIMER_Init
                0x00015100      0x108 C:\SiliconLabs\SimplicityStudio\v4_8\Final_Server_Handheld_3\platform\radio\rail_lib\autogen\librail_release\librail_efr32xg1_gcc_release.a(protimer.o)
                0x00015100                PROTIMER_Init
 .text.PROTIMER_Start
                0x00015208       0x1c C:\SiliconLabs\SimplicityStudio\v4_8\Final_Server_Handheld_3\platform\radio\rail_lib\autogen\librail_release\librail_efr32xg1_gcc_release.a(protimer.o)
                0x00015208                PROTIMER_Start
 .text.PROTIMER_IsRunning
                0x00015224       0x10 C:\SiliconLabs\SimplicityStudio\v4_8\Final_Server_Handheld_3\platform\radio\rail_lib\autogen\librail_release\librail_efr32xg1_gcc_release.a(protimer.o)
                0x00015224                PROTIMER_IsRunning
 .text.PROTIMER_ElapsedTime
                0x00015234       0x18 C:\SiliconLabs\SimplicityStudio\v4_8\Final_Server_Handheld_3\platform\radio\rail_lib\autogen\librail_release\librail_efr32xg1_gcc_release.a(protimer.o)
                0x00015234                PROTIMER_ElapsedTime
 .text.PROTIMER_CCTimerStop
                0x0001524c       0x20 C:\SiliconLabs\SimplicityStudio\v4_8\Final_Server_Handheld_3\platform\radio\rail_lib\autogen\librail_release\librail_efr32xg1_gcc_release.a(protimer.o)
                0x0001524c                PROTIMER_CCTimerStop
 .text.PROTIMER_CCTimerStart
                0x0001526c      0x164 C:\SiliconLabs\SimplicityStudio\v4_8\Final_Server_Handheld_3\platform\radio\rail_lib\autogen\librail_release\librail_efr32xg1_gcc_release.a(protimer.o)
                0x0001526c                PROTIMER_CCTimerStart
 .text.PROTIMER_WrapMultiple
                0x000153d0       0x12 C:\SiliconLabs\SimplicityStudio\v4_8\Final_Server_Handheld_3\platform\radio\rail_lib\autogen\librail_release\librail_efr32xg1_gcc_release.a(protimer.o)
                0x000153d0                PROTIMER_WrapMultiple
 *fill*         0x000153e2        0x2 
 .text.PROTIMER_CCTimerIsEnabled
                0x000153e4       0x10 C:\SiliconLabs\SimplicityStudio\v4_8\Final_Server_Handheld_3\platform\radio\rail_lib\autogen\librail_release\librail_efr32xg1_gcc_release.a(protimer.o)
                0x000153e4                PROTIMER_CCTimerIsEnabled
 .text.PROTIMER_CCTimerCapture
                0x000153f4       0x14 C:\SiliconLabs\SimplicityStudio\v4_8\Final_Server_Handheld_3\platform\radio\rail_lib\autogen\librail_release\librail_efr32xg1_gcc_release.a(protimer.o)
                0x000153f4                PROTIMER_CCTimerCapture
 .text.PROTIMER_ScheduleTxEnable
                0x00015408       0x2c C:\SiliconLabs\SimplicityStudio\v4_8\Final_Server_Handheld_3\platform\radio\rail_lib\autogen\librail_release\librail_efr32xg1_gcc_release.a(protimer.o)
                0x00015408                PROTIMER_ScheduleTxEnable
 .text.PROTIMER_ClearTxEnable
                0x00015434        0xc C:\SiliconLabs\SimplicityStudio\v4_8\Final_Server_Handheld_3\platform\radio\rail_lib\autogen\librail_release\librail_efr32xg1_gcc_release.a(protimer.o)
                0x00015434                PROTIMER_ClearTxEnable
 .text.PROTIMER_ScheduleRxEnable
                0x00015440       0x2c C:\SiliconLabs\SimplicityStudio\v4_8\Final_Server_Handheld_3\platform\radio\rail_lib\autogen\librail_release\librail_efr32xg1_gcc_release.a(protimer.o)
                0x00015440                PROTIMER_ScheduleRxEnable
 .text.PROTIMER_ScheduleRxDisable
                0x0001546c       0x38 C:\SiliconLabs\SimplicityStudio\v4_8\Final_Server_Handheld_3\platform\radio\rail_lib\autogen\librail_release\librail_efr32xg1_gcc_release.a(protimer.o)
                0x0001546c                PROTIMER_ScheduleRxDisable
 .text.PROTIMER_ClearRxEnable
                0x000154a4       0x10 C:\SiliconLabs\SimplicityStudio\v4_8\Final_Server_Handheld_3\platform\radio\rail_lib\autogen\librail_release\librail_efr32xg1_gcc_release.a(protimer.o)
                0x000154a4                PROTIMER_ClearRxEnable
 .text.PROTIMER_GetTime
                0x000154b4        0xc C:\SiliconLabs\SimplicityStudio\v4_8\Final_Server_Handheld_3\platform\radio\rail_lib\autogen\librail_release\librail_efr32xg1_gcc_release.a(protimer.o)
                0x000154b4                PROTIMER_GetTime
 .text.PROTIMER_GetCCTime
                0x000154c0        0xc C:\SiliconLabs\SimplicityStudio\v4_8\Final_Server_Handheld_3\platform\radio\rail_lib\autogen\librail_release\librail_efr32xg1_gcc_release.a(protimer.o)
                0x000154c0                PROTIMER_GetCCTime
 .text.PROTIMER_LBTStop
                0x000154cc       0x18 C:\SiliconLabs\SimplicityStudio\v4_8\Final_Server_Handheld_3\platform\radio\rail_lib\autogen\librail_release\librail_efr32xg1_gcc_release.a(protimer.o)
                0x000154cc                PROTIMER_LBTStop
 .text.PROTIMER_PrecntOverflowToUs
                0x000154e4       0x38 C:\SiliconLabs\SimplicityStudio\v4_8\Final_Server_Handheld_3\platform\radio\rail_lib\autogen\librail_release\librail_efr32xg1_gcc_release.a(protimer.o)
                0x000154e4                PROTIMER_PrecntOverflowToUs
 .text.PROTIMER_UsToPrecntOverflow
                0x0001551c       0x2c C:\SiliconLabs\SimplicityStudio\v4_8\Final_Server_Handheld_3\platform\radio\rail_lib\autogen\librail_release\librail_efr32xg1_gcc_release.a(protimer.o)
                0x0001551c                PROTIMER_UsToPrecntOverflow
 .text.PROTIMER_DelayUs
                0x00015548       0x44 C:\SiliconLabs\SimplicityStudio\v4_8\Final_Server_Handheld_3\platform\radio\rail_lib\autogen\librail_release\librail_efr32xg1_gcc_release.a(protimer.o)
                0x00015548                PROTIMER_DelayUs
 .text.PROTIMER_CheckCcaReallyFailed
                0x0001558c       0xbc C:\SiliconLabs\SimplicityStudio\v4_8\Final_Server_Handheld_3\platform\radio\rail_lib\autogen\librail_release\librail_efr32xg1_gcc_release.a(protimer.o)
                0x0001558c                PROTIMER_CheckCcaReallyFailed
 .text.PTI_EnableAppendedInfo
                0x00015648       0x18 C:\SiliconLabs\SimplicityStudio\v4_8\Final_Server_Handheld_3\platform\radio\rail_lib\autogen\librail_release\librail_efr32xg1_gcc_release.a(pti.o)
                0x00015648                PTI_EnableAppendedInfo
 .text.PTI_Enable
                0x00015660       0x58 C:\SiliconLabs\SimplicityStudio\v4_8\Final_Server_Handheld_3\platform\radio\rail_lib\autogen\librail_release\librail_efr32xg1_gcc_release.a(pti.o)
                0x00015660                PTI_Enable
 .text.PTI_AuxdataOutput
                0x000156b8       0x1c C:\SiliconLabs\SimplicityStudio\v4_8\Final_Server_Handheld_3\platform\radio\rail_lib\autogen\librail_release\librail_efr32xg1_gcc_release.a(pti.o)
                0x000156b8                PTI_AuxdataOutput
 .text.PTI_EnableSyncword
                0x000156d4       0x18 C:\SiliconLabs\SimplicityStudio\v4_8\Final_Server_Handheld_3\platform\radio\rail_lib\autogen\librail_release\librail_efr32xg1_gcc_release.a(pti.o)
                0x000156d4                PTI_EnableSyncword
 .text.RADIO_SetAndForgetWrite
                0x000156ec       0x8c C:\SiliconLabs\SimplicityStudio\v4_8\Final_Server_Handheld_3\platform\radio\rail_lib\autogen\librail_release\librail_efr32xg1_gcc_release.a(radio.o)
                0x000156ec                RADIO_SetAndForgetWrite
 .text.RADIO_SeqInit
                0x00015778       0x68 C:\SiliconLabs\SimplicityStudio\v4_8\Final_Server_Handheld_3\platform\radio\rail_lib\autogen\librail_release\librail_efr32xg1_gcc_release.a(radio.o)
                0x00015778                RADIO_SeqInit
 .text.RADIO_CLKEnable
                0x000157e0       0x68 C:\SiliconLabs\SimplicityStudio\v4_8\Final_Server_Handheld_3\platform\radio\rail_lib\autogen\librail_release\librail_efr32xg1_gcc_release.a(radio.o)
                0x000157e0                RADIO_CLKEnable
 .text.RADIO_Init
                0x00015848       0x40 C:\SiliconLabs\SimplicityStudio\v4_8\Final_Server_Handheld_3\platform\radio\rail_lib\autogen\librail_release\librail_efr32xg1_gcc_release.a(radio.o)
                0x00015848                RADIO_Init
 .text.RADIO_Config
                0x00015888       0xa8 C:\SiliconLabs\SimplicityStudio\v4_8\Final_Server_Handheld_3\platform\radio\rail_lib\autogen\librail_release\librail_efr32xg1_gcc_release.a(radio.o)
                0x00015888                RADIO_Config
 .text.RADIO_IsRxOnForRssi
                0x00015930       0x18 C:\SiliconLabs\SimplicityStudio\v4_8\Final_Server_Handheld_3\platform\radio\rail_lib\autogen\librail_release\librail_efr32xg1_gcc_release.a(radio.o)
                0x00015930                RADIO_IsRxOnForRssi
 .text.RADIO_RxTrailDataLength
                0x00015948       0x3c C:\SiliconLabs\SimplicityStudio\v4_8\Final_Server_Handheld_3\platform\radio\rail_lib\autogen\librail_release\librail_efr32xg1_gcc_release.a(radio.o)
                0x00015948                RADIO_RxTrailDataLength
 .text.RADIO_FrameControlDescrBufferIdSet
                0x00015984       0x20 C:\SiliconLabs\SimplicityStudio\v4_8\Final_Server_Handheld_3\platform\radio\rail_lib\autogen\librail_release\librail_efr32xg1_gcc_release.a(radio.o)
                0x00015984                RADIO_FrameControlDescrBufferIdSet
 .text.RADIO_ComputeTxBaudrate
                0x000159a4       0x28 C:\SiliconLabs\SimplicityStudio\v4_8\Final_Server_Handheld_3\platform\radio\rail_lib\autogen\librail_release\librail_efr32xg1_gcc_release.a(radio.o)
                0x000159a4                RADIO_ComputeTxBaudrate
 .text.RADIO_ComputeTxSymbolRate
                0x000159cc       0x2c C:\SiliconLabs\SimplicityStudio\v4_8\Final_Server_Handheld_3\platform\radio\rail_lib\autogen\librail_release\librail_efr32xg1_gcc_release.a(radio.o)
                0x000159cc                RADIO_ComputeTxSymbolRate
 .text.RADIO_ComputeTxBitRate
                0x000159f8       0x50 C:\SiliconLabs\SimplicityStudio\v4_8\Final_Server_Handheld_3\platform\radio\rail_lib\autogen\librail_release\librail_efr32xg1_gcc_release.a(radio.o)
                0x000159f8                RADIO_ComputeTxBitRate
 .text.RADIO_GetRssi
                0x00015a48       0x54 C:\SiliconLabs\SimplicityStudio\v4_8\Final_Server_Handheld_3\platform\radio\rail_lib\autogen\librail_release\librail_efr32xg1_gcc_release.a(radio.o)
                0x00015a48                RADIO_GetRssi
 .text.RADIO_SetCRCInitVal
                0x00015a9c       0x10 C:\SiliconLabs\SimplicityStudio\v4_8\Final_Server_Handheld_3\platform\radio\rail_lib\autogen\librail_release\librail_efr32xg1_gcc_release.a(radio.o)
                0x00015a9c                RADIO_SetCRCInitVal
 .text.RADIO_RACClearRxOverflow
                0x00015aac       0x20 C:\SiliconLabs\SimplicityStudio\v4_8\Final_Server_Handheld_3\platform\radio\rail_lib\autogen\librail_release\librail_efr32xg1_gcc_release.a(radio.o)
                0x00015aac                RADIO_RACClearRxOverflow
 .text.RFSENSE_Disable
                0x00015acc       0x44 C:\SiliconLabs\SimplicityStudio\v4_8\Final_Server_Handheld_3\platform\radio\rail_lib\autogen\librail_release\librail_efr32xg1_gcc_release.a(rfsense.o)
 .text.RFSENSE_Sensed
                0x00015b10       0x50 C:\SiliconLabs\SimplicityStudio\v4_8\Final_Server_Handheld_3\platform\radio\rail_lib\autogen\librail_release\librail_efr32xg1_gcc_release.a(rfsense.o)
                0x00015b10                RFSENSE_Sensed
 .text.RFSENSE_IRQHandler
                0x00015b60        0x4 C:\SiliconLabs\SimplicityStudio\v4_8\Final_Server_Handheld_3\platform\radio\rail_lib\autogen\librail_release\librail_efr32xg1_gcc_release.a(rfsense.o)
                0x00015b60                RFSENSE_IRQHandler
 .text.RTCCSYNC_RTCCClockFreqGet
                0x00015b64       0x30 C:\SiliconLabs\SimplicityStudio\v4_8\Final_Server_Handheld_3\platform\radio\rail_lib\autogen\librail_release\librail_efr32xg1_gcc_release.a(rtccsync.o)
 .text.RTCCSYNC_Init
                0x00015b94       0x10 C:\SiliconLabs\SimplicityStudio\v4_8\Final_Server_Handheld_3\platform\radio\rail_lib\autogen\librail_release\librail_efr32xg1_gcc_release.a(rtccsync.o)
                0x00015b94                RTCCSYNC_Init
 .text.RTCCSYNC_PreSleep
                0x00015ba4      0x260 C:\SiliconLabs\SimplicityStudio\v4_8\Final_Server_Handheld_3\platform\radio\rail_lib\autogen\librail_release\librail_efr32xg1_gcc_release.a(rtccsync.o)
                0x00015ba4                RTCCSYNC_PreSleep
 .text.RTCCSYNC_PostWakeUp
                0x00015e04      0x1c4 C:\SiliconLabs\SimplicityStudio\v4_8\Final_Server_Handheld_3\platform\radio\rail_lib\autogen\librail_release\librail_efr32xg1_gcc_release.a(rtccsync.o)
                0x00015e04                RTCCSYNC_PostWakeUp
 .text.SYNTH_RfFreqGet
                0x00015fc8        0xc C:\SiliconLabs\SimplicityStudio\v4_8\Final_Server_Handheld_3\platform\radio\rail_lib\autogen\librail_release\librail_efr32xg1_gcc_release.a(synth.o)
                0x00015fc8                SYNTH_RfFreqGet
 .text.SYNTH_ChSpacingGet
                0x00015fd4        0xc C:\SiliconLabs\SimplicityStudio\v4_8\Final_Server_Handheld_3\platform\radio\rail_lib\autogen\librail_release\librail_efr32xg1_gcc_release.a(synth.o)
                0x00015fd4                SYNTH_ChSpacingGet
 .text.SYNTH_LoDivGet
                0x00015fe0       0x20 C:\SiliconLabs\SimplicityStudio\v4_8\Final_Server_Handheld_3\platform\radio\rail_lib\autogen\librail_release\librail_efr32xg1_gcc_release.a(synth.o)
                0x00015fe0                SYNTH_LoDivGet
 .text.SYNTH_Is2p4GHz
                0x00016000       0x14 C:\SiliconLabs\SimplicityStudio\v4_8\Final_Server_Handheld_3\platform\radio\rail_lib\autogen\librail_release\librail_efr32xg1_gcc_release.a(synth.o)
                0x00016000                SYNTH_Is2p4GHz
 .text.SYNTH_VcoRangeIsValid
                0x00016014       0x30 C:\SiliconLabs\SimplicityStudio\v4_8\Final_Server_Handheld_3\platform\radio\rail_lib\autogen\librail_release\librail_efr32xg1_gcc_release.a(synth.o)
                0x00016014                SYNTH_VcoRangeIsValid
 .text.SYNTH_RetimeLimitsConfig
                0x00016044       0x64 C:\SiliconLabs\SimplicityStudio\v4_8\Final_Server_Handheld_3\platform\radio\rail_lib\autogen\librail_release\librail_efr32xg1_gcc_release.a(synth.o)
                0x00016044                SYNTH_RetimeLimitsConfig
 .text.SYNTH_RetimeClkConfig
                0x000160a8       0xb4 C:\SiliconLabs\SimplicityStudio\v4_8\Final_Server_Handheld_3\platform\radio\rail_lib\autogen\librail_release\librail_efr32xg1_gcc_release.a(synth.o)
                0x000160a8                SYNTH_RetimeClkConfig
 .text.SYNTH_Config
                0x0001615c      0x108 C:\SiliconLabs\SimplicityStudio\v4_8\Final_Server_Handheld_3\platform\radio\rail_lib\autogen\librail_release\librail_efr32xg1_gcc_release.a(synth.o)
                0x0001615c                SYNTH_Config
 .text.SYNTH_ChannelSet
                0x00016264       0x40 C:\SiliconLabs\SimplicityStudio\v4_8\Final_Server_Handheld_3\platform\radio\rail_lib\autogen\librail_release\librail_efr32xg1_gcc_release.a(synth.o)
                0x00016264                SYNTH_ChannelSet
 .text.SYNTH_DCDCRetimeClkSet
                0x000162a4       0x6c C:\SiliconLabs\SimplicityStudio\v4_8\Final_Server_Handheld_3\platform\radio\rail_lib\autogen\librail_release\librail_efr32xg1_gcc_release.a(synth.o)
                0x000162a4                SYNTH_DCDCRetimeClkSet
 .text.SYNTH_DCDCRetimeEnable
                0x00016310       0x18 C:\SiliconLabs\SimplicityStudio\v4_8\Final_Server_Handheld_3\platform\radio\rail_lib\autogen\librail_release\librail_efr32xg1_gcc_release.a(synth.o)
                0x00016310                SYNTH_DCDCRetimeEnable
 .text.SYNTH_DCDCRetimeDisable
                0x00016328       0x18 C:\SiliconLabs\SimplicityStudio\v4_8\Final_Server_Handheld_3\platform\radio\rail_lib\autogen\librail_release\librail_efr32xg1_gcc_release.a(synth.o)
                0x00016328                SYNTH_DCDCRetimeDisable
 .text.SYNTH_KvnFreqCompensationEnable
                0x00016340        0xc C:\SiliconLabs\SimplicityStudio\v4_8\Final_Server_Handheld_3\platform\radio\rail_lib\autogen\librail_release\librail_efr32xg1_gcc_release.a(synth.o)
                0x00016340                SYNTH_KvnFreqCompensationEnable
 .text.RADIOCMU_ClockEnable
                0x0001634c       0x40 C:\SiliconLabs\SimplicityStudio\v4_8\Final_Server_Handheld_3\platform\radio\rail_lib\autogen\librail_release\librail_efr32xg1_gcc_release.a(radio_cmu.o)
                0x0001634c                RADIOCMU_ClockEnable
 .text.RADIOCMU_ClockFreqGet
                0x0001638c       0x88 C:\SiliconLabs\SimplicityStudio\v4_8\Final_Server_Handheld_3\platform\radio\rail_lib\autogen\librail_release\librail_efr32xg1_gcc_release.a(radio_cmu.o)
                0x0001638c                RADIOCMU_ClockFreqGet
 .text.RADIOCMU_ClockPrescGet
                0x00016414       0x1c C:\SiliconLabs\SimplicityStudio\v4_8\Final_Server_Handheld_3\platform\radio\rail_lib\autogen\librail_release\librail_efr32xg1_gcc_release.a(radio_cmu.o)
                0x00016414                RADIOCMU_ClockPrescGet
 .text.TEMPCAL_Init
                0x00016430       0x40 C:\SiliconLabs\SimplicityStudio\v4_8\Final_Server_Handheld_3\platform\radio\rail_lib\autogen\librail_release\librail_efr32xg1_gcc_release.a(tempcal.o)
                0x00016430                TEMPCAL_Init
 .text.TIMING_PreambleSyncBits
                0x00016470       0x2c C:\SiliconLabs\SimplicityStudio\v4_8\Final_Server_Handheld_3\platform\radio\rail_lib\autogen\librail_release\librail_efr32xg1_gcc_release.a(timings.o)
 .text.TIMING_CalcAdjustUs
                0x0001649c       0x28 C:\SiliconLabs\SimplicityStudio\v4_8\Final_Server_Handheld_3\platform\radio\rail_lib\autogen\librail_release\librail_efr32xg1_gcc_release.a(timings.o)
 .text.TIMING_SeqTimingInit
                0x000164c4        0x2 C:\SiliconLabs\SimplicityStudio\v4_8\Final_Server_Handheld_3\platform\radio\rail_lib\autogen\librail_release\librail_efr32xg1_gcc_release.a(timings.o)
                0x000164c4                TIMING_SeqTimingInit
 *fill*         0x000164c6        0x2 
 .text.TIMING_NsToStimerTickCalcSigned
                0x000164c8       0x28 C:\SiliconLabs\SimplicityStudio\v4_8\Final_Server_Handheld_3\platform\radio\rail_lib\autogen\librail_release\librail_efr32xg1_gcc_release.a(timings.o)
                0x000164c8                TIMING_NsToStimerTickCalcSigned
 .text.TIMING_NsToStimerTickCalc
                0x000164f0        0xc C:\SiliconLabs\SimplicityStudio\v4_8\Final_Server_Handheld_3\platform\radio\rail_lib\autogen\librail_release\librail_efr32xg1_gcc_release.a(timings.o)
                0x000164f0                TIMING_NsToStimerTickCalc
 .text.TIMING_InitStimer
                0x000164fc       0x58 C:\SiliconLabs\SimplicityStudio\v4_8\Final_Server_Handheld_3\platform\radio\rail_lib\autogen\librail_release\librail_efr32xg1_gcc_release.a(timings.o)
                0x000164fc                TIMING_InitStimer
 .text.TIMING_TxWarmTimeRecalculate
                0x00016554       0x34 C:\SiliconLabs\SimplicityStudio\v4_8\Final_Server_Handheld_3\platform\radio\rail_lib\autogen\librail_release\librail_efr32xg1_gcc_release.a(timings.o)
                0x00016554                TIMING_TxWarmTimeRecalculate
 .text.TIMING_TxWarmTimeSet
                0x00016588       0x18 C:\SiliconLabs\SimplicityStudio\v4_8\Final_Server_Handheld_3\platform\radio\rail_lib\autogen\librail_release\librail_efr32xg1_gcc_release.a(timings.o)
                0x00016588                TIMING_TxWarmTimeSet
 .text.TIMING_RxToTxTimeRecalculate
                0x000165a0       0x34 C:\SiliconLabs\SimplicityStudio\v4_8\Final_Server_Handheld_3\platform\radio\rail_lib\autogen\librail_release\librail_efr32xg1_gcc_release.a(timings.o)
                0x000165a0                TIMING_RxToTxTimeRecalculate
 .text.TIMING_RxFrameToTxTimeRecalculate
                0x000165d4       0x38 C:\SiliconLabs\SimplicityStudio\v4_8\Final_Server_Handheld_3\platform\radio\rail_lib\autogen\librail_release\librail_efr32xg1_gcc_release.a(timings.o)
                0x000165d4                TIMING_RxFrameToTxTimeRecalculate
 .text.TIMING_RxFrameToTxTimeSet
                0x0001660c       0x18 C:\SiliconLabs\SimplicityStudio\v4_8\Final_Server_Handheld_3\platform\radio\rail_lib\autogen\librail_release\librail_efr32xg1_gcc_release.a(timings.o)
                0x0001660c                TIMING_RxFrameToTxTimeSet
 .text.TIMING_TxToTxTimeRecalculate
                0x00016624       0x24 C:\SiliconLabs\SimplicityStudio\v4_8\Final_Server_Handheld_3\platform\radio\rail_lib\autogen\librail_release\librail_efr32xg1_gcc_release.a(timings.o)
                0x00016624                TIMING_TxToTxTimeRecalculate
 .text.TIMING_TxToRxTimeRecalculate
                0x00016648       0x24 C:\SiliconLabs\SimplicityStudio\v4_8\Final_Server_Handheld_3\platform\radio\rail_lib\autogen\librail_release\librail_efr32xg1_gcc_release.a(timings.o)
                0x00016648                TIMING_TxToRxTimeRecalculate
 .text.TIMING_TxToRxTimeSet
                0x0001666c       0x18 C:\SiliconLabs\SimplicityStudio\v4_8\Final_Server_Handheld_3\platform\radio\rail_lib\autogen\librail_release\librail_efr32xg1_gcc_release.a(timings.o)
                0x0001666c                TIMING_TxToRxTimeSet
 .text.TIMING_RxWarmTimeRecalculate
                0x00016684       0x20 C:\SiliconLabs\SimplicityStudio\v4_8\Final_Server_Handheld_3\platform\radio\rail_lib\autogen\librail_release\librail_efr32xg1_gcc_release.a(timings.o)
                0x00016684                TIMING_RxWarmTimeRecalculate
 .text.TIMING_RxWarmTimeSet