Archive member included because of file (symbol)

C:\Users\monis\Documents\Academics\IOT\Workspace_Project\Server _4.0\platform\radio\rail_lib\autogen\librail_release\librail_efr32xg1_gcc_release.a(rail_pti.o)
                              ./pti.o (RAIL_ConfigPti)
C:\Users\monis\Documents\Academics\IOT\Workspace_Project\Server _4.0\platform\radio\rail_lib\autogen\librail_release\librail_efr32xg1_gcc_release.a(rail_rf_hal.o)
                              C:\Users\monis\Documents\Academics\IOT\Workspace_Project\Server _4.0\platform\radio\rail_lib\autogen\librail_release\librail_efr32xg1_gcc_release.a(rail_pti.o) (RFHAL_ConfigPti)
C:\Users\monis\Documents\Academics\IOT\Workspace_Project\Server _4.0\platform\radio\rail_lib\autogen\librail_release\librail_efr32xg1_gcc_release.a(rail_singleprotocol.o)
                              C:\Users\monis\Documents\Academics\IOT\Workspace_Project\Server _4.0\platform\radio\rail_lib\autogen\librail_release\librail_efr32xg1_gcc_release.a(rail_rf_hal.o) (RAIL_ActiveHandle)
C:\Users\monis\Documents\Academics\IOT\Workspace_Project\Server _4.0\platform\radio\rail_lib\autogen\librail_release\librail_efr32xg1_gcc_release.a(rail_rf.o)
                              C:\Users\monis\Documents\Academics\IOT\Workspace_Project\Server _4.0\platform\radio\rail_lib\autogen\librail_release\librail_efr32xg1_gcc_release.a(rail_singleprotocol.o) (RAILCore_Init)
C:\Users\monis\Documents\Academics\IOT\Workspace_Project\Server _4.0\platform\radio\rail_lib\autogen\librail_release\librail_efr32xg1_gcc_release.a(rail_rx.o)
                              C:\Users\monis\Documents\Academics\IOT\Workspace_Project\Server _4.0\platform\radio\rail_lib\autogen\librail_release\librail_efr32xg1_gcc_release.a(rail_rf_hal.o) (RAILCore_StartRx)
C:\Users\monis\Documents\Academics\IOT\Workspace_Project\Server _4.0\platform\radio\rail_lib\autogen\librail_release\librail_efr32xg1_gcc_release.a(rail_tx.o)
                              C:\Users\monis\Documents\Academics\IOT\Workspace_Project\Server _4.0\platform\radio\rail_lib\autogen\librail_release\librail_efr32xg1_gcc_release.a(rail_singleprotocol.o) (RAILCore_StartTx)
C:\Users\monis\Documents\Academics\IOT\Workspace_Project\Server _4.0\platform\radio\rail_lib\autogen\librail_release\librail_efr32xg1_gcc_release.a(rail_calibration.o)
                              C:\Users\monis\Documents\Academics\IOT\Workspace_Project\Server _4.0\platform\radio\rail_lib\autogen\librail_release\librail_efr32xg1_gcc_release.a(rail_rf_hal.o) (RAILInt_PendCal)
C:\Users\monis\Documents\Academics\IOT\Workspace_Project\Server _4.0\platform\radio\rail_lib\autogen\librail_release\librail_efr32xg1_gcc_release.a(rail_assert.o)
                              C:\Users\monis\Documents\Academics\IOT\Workspace_Project\Server _4.0\platform\radio\rail_lib\autogen\librail_release\librail_efr32xg1_gcc_release.a(rail_rf.o) (RAILInt_Assert)
C:\Users\monis\Documents\Academics\IOT\Workspace_Project\Server _4.0\platform\radio\rail_lib\autogen\librail_release\librail_efr32xg1_gcc_release.a(rail_rssi.o)
                              C:\Users\monis\Documents\Academics\IOT\Workspace_Project\Server _4.0\platform\radio\rail_lib\autogen\librail_release\librail_efr32xg1_gcc_release.a(rail_singleprotocol.o) (RAILCore_GetRssi)
C:\Users\monis\Documents\Academics\IOT\Workspace_Project\Server _4.0\platform\radio\rail_lib\autogen\librail_release\librail_efr32xg1_gcc_release.a(bufc.o)
                              C:\Users\monis\Documents\Academics\IOT\Workspace_Project\Server _4.0\platform\radio\rail_lib\autogen\librail_release\librail_efr32xg1_gcc_release.a(rail_rf_hal.o) (BUFC_SetTxBuffer)
C:\Users\monis\Documents\Academics\IOT\Workspace_Project\Server _4.0\platform\radio\rail_lib\autogen\librail_release\librail_efr32xg1_gcc_release.a(ir_cal.o)
                              C:\Users\monis\Documents\Academics\IOT\Workspace_Project\Server _4.0\platform\radio\rail_lib\autogen\librail_release\librail_efr32xg1_gcc_release.a(rail_rf_hal.o) (IRCAL_Set)
C:\Users\monis\Documents\Academics\IOT\Workspace_Project\Server _4.0\platform\radio\rail_lib\autogen\librail_release\librail_efr32xg1_gcc_release.a(pa.o)
                              C:\Users\monis\Documents\Academics\IOT\Workspace_Project\Server _4.0\platform\radio\rail_lib\autogen\librail_release\librail_efr32xg1_gcc_release.a(rail_rf_hal.o) (PA_GetTxPowerConfig)
C:\Users\monis\Documents\Academics\IOT\Workspace_Project\Server _4.0\platform\radio\rail_lib\autogen\librail_release\librail_efr32xg1_gcc_release.a(protimer.o)
                              C:\Users\monis\Documents\Academics\IOT\Workspace_Project\Server _4.0\platform\radio\rail_lib\autogen\librail_release\librail_efr32xg1_gcc_release.a(rail_rf_hal.o) (PROTIMER_Start)
C:\Users\monis\Documents\Academics\IOT\Workspace_Project\Server _4.0\platform\radio\rail_lib\autogen\librail_release\librail_efr32xg1_gcc_release.a(pti.o)
[...]
Memory Configuration

Name             Origin             Length             Attributes
FLASH_BOOTLOADER 0x00000000         0x00004000         xr
FLASH            0x00004000         0x0003b000         xr
RAM              0x20000000         0x00007bfc         xrw
*default*        0x00000000         0xffffffff

Linker script and memory map

LOAD c:/siliconlabs/simplicitystudio/v4/developer/toolchains/gnu_arm/4.9_2015q3/bin/../lib/gcc/arm-none-eabi/4.9.3/armv7e-m/softfp/crti.o
LOAD c:/siliconlabs/simplicitystudio/v4/developer/toolchains/gnu_arm/4.9_2015q3/bin/../lib/gcc/arm-none-eabi/4.9.3/armv7e-m/softfp/crtbegin.o
LOAD c:/siliconlabs/simplicitystudio/v4/developer/toolchains/gnu_arm/4.9_2015q3/bin/../lib/gcc/arm-none-eabi/4.9.3/../../../../arm-none-eabi/lib/armv7e-m/softfp/crt0.o
START GROUP
LOAD ./application_properties.o
LOAD ./gatt_db.o
LOAD ./init_app.o
LOAD ./init_board.o
LOAD ./init_mcu.o
LOAD ./main.o
LOAD ./pti.o
LOAD ./hardware/kit/common/bsp/bsp_stk.o
LOAD ./hardware/kit/common/drivers/mx25flash_spi.o
LOAD ./lcd/bmp.o
LOAD ./lcd/display.o
LOAD ./lcd/displayls013b7dh03.o
LOAD ./lcd/displaypalemlib.o
LOAD ./lcd/dmd.o
LOAD ./lcd/glib.o
LOAD ./lcd/glib_bitmap.o
LOAD ./lcd/glib_circle.o
LOAD ./lcd/glib_font_narrow_6x8.o
LOAD ./lcd/glib_font_normal_8x8.o
LOAD ./lcd/glib_font_number_16x20.o
LOAD ./lcd/glib_line.o
LOAD ./lcd/glib_polygon.o
LOAD ./lcd/glib_rectangle.o
LOAD ./lcd/glib_string.o
LOAD ./lcd/graphics.o
LOAD ./lcd/retargettextdisplay.o
LOAD ./lcd/udelay.o
LOAD ./platform/Device/SiliconLabs/EFR32BG1B/Source/GCC/startup_efr32bg1b.o
LOAD ./platform/Device/SiliconLabs/EFR32BG1B/Source/system_efr32bg1b.o
LOAD ./platform/emdrv/sleep/src/sleep.o
LOAD ./platform/emdrv/tempdrv/src/tempdrv.o
LOAD ./platform/emlib/src/em_acmp.o
LOAD ./platform/emlib/src/em_adc.o
LOAD ./platform/emlib/src/em_aes.o
LOAD ./platform/emlib/src/em_assert.o
LOAD ./platform/emlib/src/em_burtc.o
LOAD ./platform/emlib/src/em_can.o
LOAD ./platform/emlib/src/em_cmu.o
LOAD ./platform/emlib/src/em_core.o
LOAD ./platform/emlib/src/em_cryotimer.o
LOAD ./platform/emlib/src/em_crypto.o
LOAD ./platform/emlib/src/em_csen.o
LOAD ./platform/emlib/src/em_dac.o
LOAD ./platform/emlib/src/em_dbg.o
LOAD ./platform/emlib/src/em_dma.o
LOAD ./platform/emlib/src/em_ebi.o
LOAD ./platform/emlib/src/em_emu.o
LOAD ./platform/emlib/src/em_gpcrc.o
LOAD ./platform/emlib/src/em_gpio.o
LOAD ./platform/emlib/src/em_i2c.o
LOAD ./platform/emlib/src/em_idac.o
LOAD ./platform/emlib/src/em_int.o
LOAD ./platform/emlib/src/em_lcd.o
LOAD ./platform/emlib/src/em_ldma.o
LOAD ./platform/emlib/src/em_lesense.o
LOAD ./platform/emlib/src/em_letimer.o
LOAD ./platform/emlib/src/em_leuart.o
LOAD ./platform/emlib/src/em_mpu.o
LOAD ./platform/emlib/src/em_msc.o
LOAD ./platform/emlib/src/em_opamp.o
LOAD ./platform/emlib/src/em_pcnt.o
LOAD ./platform/emlib/src/em_prs.o
LOAD ./platform/emlib/src/em_qspi.o
LOAD ./platform/emlib/src/em_rmu.o
LOAD ./platform/emlib/src/em_rtc.o
LOAD ./platform/emlib/src/em_rtcc.o
LOAD ./platform/emlib/src/em_system.o
LOAD ./platform/emlib/src/em_timer.o
LOAD ./platform/emlib/src/em_usart.o
LOAD ./platform/emlib/src/em_vcmp.o
LOAD ./platform/emlib/src/em_vdac.o
LOAD ./platform/emlib/src/em_wdog.o
LOAD ./src/black_box.o
LOAD ./src/chassis.o
LOAD ./src/cmu.o
LOAD ./src/gpio.o
LOAD ./src/joystick.o
LOAD ./src/letimer.o
LOAD ./src/lux.o
LOAD ./src/persistent_memory.o
LOAD C:\Users\monis\Documents\Academics\IOT\Workspace_Project\Server _4.0\platform\radio\rail_lib\autogen\librail_release\librail_efr32xg1_gcc_release.a
LOAD C:\Users\monis\Documents\Academics\IOT\Workspace_Project\Server _4.0\protocol\bluetooth_2.7\lib\EFR32BG1B\GCC\libpsstore.a
LOAD C:\Users\monis\Documents\Academics\IOT\Workspace_Project\Server _4.0\protocol\bluetooth_2.7\lib\EFR32BG1B\GCC\binapploader.o
LOAD C:\Users\monis\Documents\Academics\IOT\Workspace_Project\Server _4.0\protocol\bluetooth_2.7\lib\EFR32BG1B\GCC\libmbedtls.a
LOAD C:\Users\monis\Documents\Academics\IOT\Workspace_Project\Server _4.0\protocol\bluetooth_2.7\lib\EFR32BG1B\GCC\libbluetooth.a
LOAD c:/siliconlabs/simplicitystudio/v4/developer/toolchains/gnu_arm/4.9_2015q3/bin/../lib/gcc/arm-none-eabi/4.9.3/../../../../arm-none-eabi/lib/armv7e-m/softfp\libm.a
END GROUP
START GROUP
LOAD c:/siliconlabs/simplicitystudio/v4/developer/toolchains/gnu_arm/4.9_2015q3/bin/../lib/gcc/arm-none-eabi/4.9.3/armv7e-m/softfp\libgcc.a
LOAD c:/siliconlabs/simplicitystudio/v4/developer/toolchains/gnu_arm/4.9_2015q3/bin/../lib/gcc/arm-none-eabi/4.9.3/../../../../arm-none-eabi/lib/armv7e-m/softfp\libc_nano.a
LOAD c:/siliconlabs/simplicitystudio/v4/developer/toolchains/gnu_arm/4.9_2015q3/bin/../lib/gcc/arm-none-eabi/4.9.3/../../../../arm-none-eabi/lib/armv7e-m/softfp\libnosys.a
END GROUP
START GROUP
LOAD c:/siliconlabs/simplicitystudio/v4/developer/toolchains/gnu_arm/4.9_2015q3/bin/../lib/gcc/arm-none-eabi/4.9.3/armv7e-m/softfp\libgcc.a
LOAD c:/siliconlabs/simplicitystudio/v4/developer/toolchains/gnu_arm/4.9_2015q3/bin/../lib/gcc/arm-none-eabi/4.9.3/../../../../arm-none-eabi/lib/armv7e-m/softfp\libg_nano.a
LOAD c:/siliconlabs/simplicitystudio/v4/developer/toolchains/gnu_arm/4.9_2015q3/bin/../lib/gcc/arm-none-eabi/4.9.3/../../../../arm-none-eabi/lib/armv7e-m/softfp\libc_nano.a
END GROUP
START GROUP
LOAD c:/siliconlabs/simplicitystudio/v4/developer/toolchains/gnu_arm/4.9_2015q3/bin/../lib/gcc/arm-none-eabi/4.9.3/armv7e-m/softfp\libgcc.a
LOAD c:/siliconlabs/simplicitystudio/v4/developer/toolchains/gnu_arm/4.9_2015q3/bin/../lib/gcc/arm-none-eabi/4.9.3/../../../../arm-none-eabi/lib/armv7e-m/softfp\libc_nano.a
END GROUP
LOAD c:/siliconlabs/simplicitystudio/v4/developer/toolchains/gnu_arm/4.9_2015q3/bin/../lib/gcc/arm-none-eabi/4.9.3/armv7e-m/softfp/crtend.o
LOAD c:/siliconlabs/simplicitystudio/v4/developer/toolchains/gnu_arm/4.9_2015q3/bin/../lib/gcc/arm-none-eabi/4.9.3/armv7e-m/softfp/crtn.o

.text_bootloader
                0x00000000        0x0
 *(.binbootloader*)
                0x00000000                . = ALIGN (0x4000)

.text_apploader
                0x00004000     0x8fc0
 *(.binapploader*)
 .binapploader  0x00004000     0x8fc0 C:\Users\monis\Documents\Academics\IOT\Workspace_Project\Server _4.0\protocol\bluetooth_2.7\lib\EFR32BG1B\GCC\binapploader.o

.text_signature
                0x0000cfc0       0x40
                0x0000d000                . = ALIGN (0x800)
 *fill*         0x0000cfc0       0x40 
                0x0000d000                __text_start__ = .

.text_application
                0x0000d000    0x23b40
 *(.vectors)
 .vectors       0x0000d000       0xc8 ./platform/Device/SiliconLabs/EFR32BG1B/Source/GCC/startup_efr32bg1b.o
                0x0000d000                __Vectors
                0x0000d0c8                __Vectors_End = .
                0x000000c8                __Vectors_Size = (__Vectors_End - __Vectors)
                0x0000d0c8                __end__ = .
 *(.application_properties)
 .application_properties
                0x0000d0c8       0x38 ./application_properties.o
                0x0000d0c8                applicationProperties
 *(.gecko_configuration)
 *(.xo_configuration)
 *(.gatt_header)
 .gatt_header   0x0000d100       0x34 ./gatt_db.o
                0x0000d100                bg_gattdb_data
 *(.gatt_data)
 .gatt_data     0x0000d134      0x384 ./gatt_db.o
                0x0000d134                bg_gattdb_data_uuidtable_16_map
                0x0000d150                bg_gattdb_data_uuidtable_128_map
                0x0000d1d0                bg_gattdb_data_attribute_field_29
                0x0000d1d8                bg_gattdb_data_attribute_field_28
                0x0000d1f0                bg_gattdb_data_attribute_field_27
                0x0000d204                bg_gattdb_data_attribute_field_25
                0x0000d20c                bg_gattdb_data_attribute_field_24
                0x0000d224                bg_gattdb_data_attribute_field_23
                0x0000d238                bg_gattdb_data_attribute_field_21
                0x0000d240                bg_gattdb_data_attribute_field_20
                0x0000d258                bg_gattdb_data_attribute_field_19
                0x0000d26c                bg_gattdb_data_attribute_field_18
                0x0000d274                bg_gattdb_data_attribute_field_17
                0x0000d28c                bg_gattdb_data_attribute_field_16
                0x0000d2a0                bg_gattdb_data_attribute_field_15
                0x0000d2a8                bg_gattdb_data_attribute_field_14
                0x0000d2b0                bg_gattdb_data_attribute_field_13
                0x0000d2bc                bg_gattdb_data_attribute_field_12
                0x0000d2c4                bg_gattdb_data_attribute_field_11
                0x0000d2d4                bg_gattdb_data_attribute_field_10
                0x0000d2dc                bg_gattdb_data_attribute_field_9
                0x0000d2e0                bg_gattdb_data_attribute_field_8
                0x0000d2e4                bg_gattdb_data_attribute_field_7
                0x0000d2ec                bg_gattdb_data_attribute_field_6
                0x0000d2f4                bg_gattdb_data_attribute_field_5
                0x0000d2fc                bg_gattdb_data_attribute_field_4
                0x0000d300                bg_gattdb_data_attribute_field_2
                0x0000d308                bg_gattdb_data_attribute_field_1
                0x0000d310                bg_gattdb_data_attribute_field_0
                0x0000d314                bg_gattdb_data_attributes_map
                0x0000d488                bg_gattdb_data_attributes_dynamic_mapping_map
                0x0000d494                bg_gattdb_data_adv_uuid16_map
                0x0000d498                bg_gattdb_data_adv_uuid128_map
 *(.text*)
 .text          0x0000d4b8       0x5c c:/siliconlabs/simplicitystudio/v4/developer/toolchains/gnu_arm/4.9_2015q3/bin/../lib/gcc/arm-none-eabi/4.9.3/armv7e-m/softfp/crtbegin.o
 .text          0x0000d514       0x74 c:/siliconlabs/simplicitystudio/v4/developer/toolchains/gnu_arm/4.9_2015q3/bin/../lib/gcc/arm-none-eabi/4.9.3/../../../../arm-none-eabi/lib/armv7e-m/softfp/crt0.o
                0x0000d514                _start
                0x0000d514                _mainCRTStartup
 .text.initBoard
                0x0000d588       0x48 ./init_board.o
                0x0000d588                initBoard
 .text.BUS_RegBitWrite
                0x0000d5d0       0x2c ./init_mcu.o
 .text.SYSTEM_GetProdRev
                0x0000d5fc       0x1c ./init_mcu.o
 .text.CHIP_Init
                0x0000d618       0xb4 ./init_mcu.o
 .text.initMcu  0x0000d6cc       0x70 ./init_mcu.o
                0x0000d6cc                initMcu
 .text.initMcu_clocks
                0x0000d73c       0xa4 ./init_mcu.o
 .text.BUS_RegBitWrite
                0x0000d7e0       0x2c ./main.o
 .text.BUS_RegBitRead
                0x0000d80c       0x2c ./main.o
 .text.GPIO_PinInGet
                0x0000d838       0x54 ./main.o
 .text.gecko_initCoexHAL
                0x0000d88c        0xc ./main.o
 .text.gecko_init
                0x0000d898       0x48 ./main.o
 .text.gecko_cmd_system_set_tx_power
                0x0000d8e0       0x50 ./main.o
 .text.gecko_cmd_system_halt
                0x0000d930       0x50 ./main.o
 .text.gecko_cmd_le_gap_set_mode
                0x0000d980       0x5c ./main.o
 .text.gecko_cmd_le_gap_set_adv_parameters
                0x0000d9dc       0x64 ./main.o
 .text.gecko_cmd_le_connection_set_parameters
                0x0000da40       0x84 ./main.o
 .text.gecko_cmd_gatt_server_send_user_write_response
                0x0000dac4       0x68 ./main.o
 .text.gecko_cmd_gatt_server_send_characteristic_notification
                0x0000db2c       0x98 ./main.o
 .text.gecko_cmd_sm_set_bondable_mode
                0x0000dbc4       0x50 ./main.o
 .text.gecko_cmd_sm_configure
                0x0000dc14       0x5c ./main.o
 .text.gecko_cmd_sm_increase_security
                0x0000dc70       0x50 ./main.o
 .text.gecko_cmd_sm_delete_bondings
                0x0000dcc0       0x48 ./main.o
 .text.SYSTEM_GetProdRev
                0x0000dd08       0x1c ./main.o
 .text.CHIP_Init
                0x0000dd24       0xb4 ./main.o
 .text.reset_variables
                0x0000ddd8       0x20 ./main.o
 .text.reset_board
                0x0000ddf8       0x50 ./main.o
                0x0000ddf8                reset_board
 .text.main     0x0000de48      0x3f0 ./main.o
                0x0000de48                main
 .text.BUS_RegMaskedSet
                0x0000e238       0x24 ./hardware/kit/common/drivers/mx25flash_spi.o
 .text.BUS_RegMaskedClear
                0x0000e25c       0x24 ./hardware/kit/common/drivers/mx25flash_spi.o
 .text.GPIO_PinOutClear
                0x0000e280       0x58 ./hardware/kit/common/drivers/mx25flash_spi.o
 .text.GPIO_PinOutSet
                0x0000e2d8       0x58 ./hardware/kit/common/drivers/mx25flash_spi.o
 .text.MX25_init
                0x0000e330       0x98 ./hardware/kit/common/drivers/mx25flash_spi.o
                0x0000e330                MX25_init
 .text.Wait_Flash_WarmUp
                0x0000e3c8       0x24 ./hardware/kit/common/drivers/mx25flash_spi.o
                0x0000e3c8                Wait_Flash_WarmUp
 .text.Initial_Spi
                0x0000e3ec        0xc ./hardware/kit/common/drivers/mx25flash_spi.o
                0x0000e3ec                Initial_Spi
 .text.CS_Low   0x0000e3f8       0x10 ./hardware/kit/common/drivers/mx25flash_spi.o
                0x0000e3f8                CS_Low
 .text.CS_High  0x0000e408       0x10 ./hardware/kit/common/drivers/mx25flash_spi.o
                0x0000e408                CS_High
 .text.InsertDummyCycle
                0x0000e418       0x38 ./hardware/kit/common/drivers/mx25flash_spi.o
                0x0000e418                InsertDummyCycle
 .text.SendByte
                0x0000e450       0x3c ./hardware/kit/common/drivers/mx25flash_spi.o
                0x0000e450                SendByte
 .text.MX25_DP  0x0000e48c       0x34 ./hardware/kit/common/drivers/mx25flash_spi.o
                0x0000e48c                MX25_DP
 .text.DISPLAY_Init
                0x0000e4c0       0x54 ./lcd/display.o
                0x0000e4c0                DISPLAY_Init
 .text.DISPLAY_DeviceGet
                0x0000e514       0x60 ./lcd/display.o
                0x0000e514                DISPLAY_DeviceGet
 .text.DISPLAY_DeviceRegister
                0x0000e574       0x6c ./lcd/display.o
                0x0000e574                DISPLAY_DeviceRegister
 .text.DISPLAY_Ls013b7dh03Init
                0x0000e5e0       0xdc ./lcd/displayls013b7dh03.o
                0x0000e5e0                DISPLAY_Ls013b7dh03Init
 .text.DriverRefresh
                0x0000e6bc       0x20 ./lcd/displayls013b7dh03.o
 .text.DisplayEnable
                0x0000e6dc       0x30 ./lcd/displayls013b7dh03.o
 .text.DisplayClear
                0x0000e70c       0x48 ./lcd/displayls013b7dh03.o
 .text.DisplayPolarityInverse
                0x0000e754       0x14 ./lcd/displayls013b7dh03.o
 .text.PixelMatrixAllocate
                0x0000e768       0x70 ./lcd/displayls013b7dh03.o
 .text.PixelMatrixFree
                0x0000e7d8       0x1c ./lcd/displayls013b7dh03.o
 .text.PixelMatrixClear
                0x0000e7f4       0x40 ./lcd/displayls013b7dh03.o
 .text.PixelMatrixDraw
                0x0000e834       0xb8 ./lcd/displayls013b7dh03.o
 .text.BUS_RegMaskedSet
                0x0000e8ec       0x24 ./lcd/displaypalemlib.o
 .text.BUS_RegMaskedClear
                0x0000e910       0x24 ./lcd/displaypalemlib.o
 .text.GPIO_PinOutClear
                0x0000e934       0x58 ./lcd/displaypalemlib.o
 .text.GPIO_PinOutSet
                0x0000e98c       0x58 ./lcd/displaypalemlib.o
 .text.GPIO_PinOutToggle
                0x0000e9e4       0x58 ./lcd/displaypalemlib.o
 .text.PAL_SpiInit
                0x0000ea3c       0x64 ./lcd/displaypalemlib.o
                0x0000ea3c                PAL_SpiInit
 .text.PAL_SpiTransmit
                0x0000eaa0       0x74 ./lcd/displaypalemlib.o
                0x0000eaa0                PAL_SpiTransmit
 .text.PAL_TimerInit
                0x0000eb14       0x18 ./lcd/displaypalemlib.o
                0x0000eb14                PAL_TimerInit
 .text.PAL_TimerMicroSecondsDelay
                0x0000eb2c       0x1c ./lcd/displaypalemlib.o
                0x0000eb2c                PAL_TimerMicroSecondsDelay
 .text.PAL_TimerRepeat
                0x0000eb48       0x30 ./lcd/displaypalemlib.o
                0x0000eb48                PAL_TimerRepeat
 .text.PAL_GpioInit
                0x0000eb78       0x20 ./lcd/displaypalemlib.o
                0x0000eb78                PAL_GpioInit
 .text.PAL_GpioPinModeSet
                0x0000eb98       0x44 ./lcd/displaypalemlib.o
                0x0000eb98                PAL_GpioPinModeSet
 .text.PAL_GpioPinOutSet
                0x0000ebdc       0x24 ./lcd/displaypalemlib.o
                0x0000ebdc                PAL_GpioPinOutSet
 .text.PAL_GpioPinOutClear
                0x0000ec00       0x24 ./lcd/displaypalemlib.o
                0x0000ec00                PAL_GpioPinOutClear
 .text.PAL_GpioPinOutToggle
                0x0000ec24       0x24 ./lcd/displaypalemlib.o
                0x0000ec24                PAL_GpioPinOutToggle
 .text.DMD_init
                0x0000ec48       0xc8 ./lcd/dmd.o
                0x0000ec48                DMD_init
 .text.DMD_getDisplayGeometry
                0x0000ed10       0x38 ./lcd/dmd.o
                0x0000ed10                DMD_getDisplayGeometry
 .text.DMD_setClippingArea
                0x0000ed48       0x8c ./lcd/dmd.o
                0x0000ed48                DMD_setClippingArea
 .text.DMD_writeColor
                0x0000edd4      0x2b4 ./lcd/dmd.o
                0x0000edd4                DMD_writeColor
 .text.DMD_allocateFramebuffer
                0x0000f088       0x54 ./lcd/dmd.o
                0x0000f088                DMD_allocateFramebuffer
 .text.DMD_updateDisplay
                0x0000f0dc      0x114 ./lcd/dmd.o
                0x0000f0dc                DMD_updateDisplay
 .text.GLIB_colorTranslate24bppInl
                0x0000f1f0       0x34 ./lcd/glib.o
 .text.GLIB_contextInit
                0x0000f224       0x84 ./lcd/glib.o
                0x0000f224                GLIB_contextInit
 .text.GLIB_setClippingRegion
                0x0000f2a8       0xa4 ./lcd/glib.o
                0x0000f2a8                GLIB_setClippingRegion
 .text.GLIB_clear
                0x0000f34c       0x70 ./lcd/glib.o
                0x0000f34c                GLIB_clear
 .text.GLIB_resetDisplayClippingArea
                0x0000f3bc       0x30 ./lcd/glib.o
                0x0000f3bc                GLIB_resetDisplayClippingArea
 .text.GLIB_applyClippingRegion
                0x0000f3ec       0x58 ./lcd/glib.o
                0x0000f3ec                GLIB_applyClippingRegion
 .text.GLIB_colorTranslate24bpp
                0x0000f444       0x20 ./lcd/glib.o
                0x0000f444                GLIB_colorTranslate24bpp
 .text.GLIB_drawPixel
                0x0000f464       0x6c ./lcd/glib.o
                0x0000f464                GLIB_drawPixel
 .text.GLIB_drawPixelColor
                0x0000f4d0       0x6c ./lcd/glib.o
                0x0000f4d0                GLIB_drawPixelColor
 .text.GLIB_rectContainsPoint
                0x0000f53c       0x4c ./lcd/glib_rectangle.o
                0x0000f53c                GLIB_rectContainsPoint
 .text.GLIB_drawChar
                0x0000f588      0x1d8 ./lcd/glib_string.o
                0x0000f588                GLIB_drawChar
 .text.GLIB_drawString
                0x0000f760       0xd0 ./lcd/glib_string.o
                0x0000f760                GLIB_drawString
 .text.GLIB_setFont
                0x0000f830       0x44 ./lcd/glib_string.o
                0x0000f830                GLIB_setFont
 .text.GRAPHICS_Init
                0x0000f874       0x58 ./lcd/graphics.o
                0x0000f874                GRAPHICS_Init
 .text.GRAPHICS_Update
                0x0000f8cc        0xc ./lcd/graphics.o
                0x0000f8cc                GRAPHICS_Update
 .text.GRAPHICS_Clear
                0x0000f8d8       0x24 ./lcd/graphics.o
                0x0000f8d8                GRAPHICS_Clear
 .text.GRAPHICS_AppendString
                0x0000f8fc       0x58 ./lcd/graphics.o
                0x0000f8fc                GRAPHICS_AppendString
 .text.rtcIntCallbackRegister
                0x0000f954       0x1c ./lcd/graphics.o
                0x0000f954                rtcIntCallbackRegister
 .text.NVIC_ClearPendingIRQ
                0x0000f970       0x34 ./lcd/udelay.o
 .text.RTCC_CounterGet
                0x0000f9a4       0x18 ./lcd/udelay.o
 .text.UDELAY_Calibrate
                0x0000f9bc      0x190 ./lcd/udelay.o
                0x0000f9bc                UDELAY_Calibrate
 .text.UDELAY_Delay
                0x0000fb4c       0x38 ./lcd/udelay.o
                0x0000fb4c                UDELAY_Delay
 .text.calibrate_delay
                0x0000fb84       0xd8 ./lcd/udelay.o
 .text.clock    0x0000fc5c       0x10 ./lcd/udelay.o
 .text._delay   0x0000fc6c       0x18 ./lcd/udelay.o
 .text.Reset_Handler
                0x0000fc84       0x3c ./platform/Device/SiliconLabs/EFR32BG1B/Source/GCC/startup_efr32bg1b.o
                0x0000fc84                Reset_Handler
 .text.Default_Handler
                0x0000fcc0        0x8 ./platform/Device/SiliconLabs/EFR32BG1B/Source/GCC/startup_efr32bg1b.o
                0x0000fcc0                DebugMon_Handler
                0x0000fcc0                USART0_TX_IRQHandler
                0x0000fcc0                I2C0_IRQHandler
                0x0000fcc0                HardFault_Handler
                0x0000fcc0                SysTick_Handler
                0x0000fcc0                USART1_RX_IRQHandler
                0x0000fcc0                PendSV_Handler
                0x0000fcc0                NMI_Handler
                0x0000fcc0                WDOG0_IRQHandler
                0x0000fcc0                USART1_TX_IRQHandler
                0x0000fcc0                MSC_IRQHandler
                0x0000fcc0                UsageFault_Handler
                0x0000fcc0                LEUART0_IRQHandler
                0x0000fcc0                FPUEH_IRQHandler
                0x0000fcc0                GPIO_EVEN_IRQHandler
                0x0000fcc0                LDMA_IRQHandler
                0x0000fcc0                TIMER0_IRQHandler
                0x0000fcc0                TIMER1_IRQHandler
                0x0000fcc0                Default_Handler
                0x0000fcc0                CRYOTIMER_IRQHandler
                0x0000fcc0                PCNT0_IRQHandler
                0x0000fcc0                ACMP0_IRQHandler
                0x0000fcc0                USART0_RX_IRQHandler
                0x0000fcc0                MemManage_Handler
                0x0000fcc0                SVC_Handler
                0x0000fcc0                RTCC_IRQHandler
                0x0000fcc0                CRYPTO_IRQHandler
                0x0000fcc0                CMU_IRQHandler
                0x0000fcc0                GPIO_ODD_IRQHandler
                0x0000fcc0                BusFault_Handler
                0x0000fcc0                IDAC0_IRQHandler
 .text.SystemCoreClockGet
                0x0000fcc8       0x44 ./platform/Device/SiliconLabs/EFR32BG1B/Source/system_efr32bg1b.o
                0x0000fcc8                SystemCoreClockGet
 .text.SystemMaxCoreClockGet
                0x0000fd0c       0x14 ./platform/Device/SiliconLabs/EFR32BG1B/Source/system_efr32bg1b.o
                0x0000fd0c                SystemMaxCoreClockGet
 .text.SystemHFClockGet
                0x0000fd20       0x70 ./platform/Device/SiliconLabs/EFR32BG1B/Source/system_efr32bg1b.o
                0x0000fd20                SystemHFClockGet
 .text.SystemHFXOClockGet
                0x0000fd90       0x18 ./platform/Device/SiliconLabs/EFR32BG1B/Source/system_efr32bg1b.o
                0x0000fd90                SystemHFXOClockGet
 .text.SystemHFXOClockSet
                0x0000fda8       0x30 ./platform/Device/SiliconLabs/EFR32BG1B/Source/system_efr32bg1b.o
                0x0000fda8                SystemHFXOClockSet
 .text.SystemInit
                0x0000fdd8       0x5c ./platform/Device/SiliconLabs/EFR32BG1B/Source/system_efr32bg1b.o
                0x0000fdd8                SystemInit
 .text.SystemLFRCOClockGet
                0x0000fe34       0x14 ./platform/Device/SiliconLabs/EFR32BG1B/Source/system_efr32bg1b.o
                0x0000fe34                SystemLFRCOClockGet
 .text.SystemULFRCOClockGet
                0x0000fe48       0x14 ./platform/Device/SiliconLabs/EFR32BG1B/Source/system_efr32bg1b.o
                0x0000fe48                SystemULFRCOClockGet
 .text.SystemLFXOClockGet
                0x0000fe5c       0x18 ./platform/Device/SiliconLabs/EFR32BG1B/Source/system_efr32bg1b.o
                0x0000fe5c                SystemLFXOClockGet
 .text.SystemLFXOClockSet
                0x0000fe74       0x30 ./platform/Device/SiliconLabs/EFR32BG1B/Source/system_efr32bg1b.o
                0x0000fe74                SystemLFXOClockSet
 .text.BUS_RegBitWrite
                0x0000fea4       0x2c ./platform/emdrv/sleep/src/sleep.o
 .text.EMU_EnterEM1
                0x0000fed0       0x20 ./platform/emdrv/sleep/src/sleep.o
 .text.EMU_EM2Block
                0x0000fef0       0x14 ./platform/emdrv/sleep/src/sleep.o
 .text.EMU_EM2UnBlock
                0x0000ff04       0x14 ./platform/emdrv/sleep/src/sleep.o
 .text.sleepCallbackWrapper
                0x0000ff18       0x2c ./platform/emdrv/sleep/src/sleep.o
 .text.SLEEP_Init
                0x0000ff44       0x60 ./platform/emdrv/sleep/src/sleep.o
                0x0000ff44                SLEEP_Init
 .text.SLEEP_Sleep
                0x0000ffa4       0x90 ./platform/emdrv/sleep/src/sleep.o
                0x0000ffa4                SLEEP_Sleep
 .text.SLEEP_SleepBlockBegin
                0x00010034       0x48 ./platform/emdrv/sleep/src/sleep.o
                0x00010034                SLEEP_SleepBlockBegin
 .text.SLEEP_SleepBlockEnd
                0x0001007c       0x58 ./platform/emdrv/sleep/src/sleep.o
                0x0001007c                SLEEP_SleepBlockEnd
 .text.SLEEP_LowestEnergyModeGet
                0x000100d4       0x40 ./platform/emdrv/sleep/src/sleep.o
                0x000100d4                SLEEP_LowestEnergyModeGet
 .text.enterEMx
                0x00010114       0xa0 ./platform/emdrv/sleep/src/sleep.o
 .text.NVIC_EnableIRQ
                0x000101b4       0x30 ./platform/emdrv/tempdrv/src/tempdrv.o
 .text.NVIC_ClearPendingIRQ
                0x000101e4       0x34 ./platform/emdrv/tempdrv/src/tempdrv.o
 .text.EMU_IntClear
                0x00010218       0x1c ./platform/emdrv/tempdrv/src/tempdrv.o
 .text.EMU_IntDisable
                0x00010234       0x24 ./platform/emdrv/tempdrv/src/tempdrv.o
 .text.EMU_IntEnable
                0x00010258       0x24 ./platform/emdrv/tempdrv/src/tempdrv.o
 .text.EMU_IntGetEnabled
                0x0001027c       0x24 ./platform/emdrv/tempdrv/src/tempdrv.o
 .text.EMU_IRQHandler
                0x000102a0        0xc ./platform/emdrv/tempdrv/src/tempdrv.o
                0x000102a0                EMU_IRQHandler
 .text.TEMPDRV_IRQHandler
                0x000102ac       0xa0 ./platform/emdrv/tempdrv/src/tempdrv.o
                0x000102ac                TEMPDRV_IRQHandler
 .text.errataCallback
                0x0001034c       0x20 ./platform/emdrv/tempdrv/src/tempdrv.o
 .text.errataStateUpdate
                0x0001036c       0xbc ./platform/emdrv/tempdrv/src/tempdrv.o
 .text.errataInit
                0x00010428       0x8c ./platform/emdrv/tempdrv/src/tempdrv.o
 .text.convertToTemp
                0x000104b4       0x58 ./platform/emdrv/tempdrv/src/tempdrv.o
 .text.convertToEmu
                0x0001050c       0x48 ./platform/emdrv/tempdrv/src/tempdrv.o
 .text.disableInterrupts
                0x00010554       0x18 ./platform/emdrv/tempdrv/src/tempdrv.o
 .text.updateInterrupts
                0x0001056c      0x140 ./platform/emdrv/tempdrv/src/tempdrv.o
 .text.TEMPDRV_Init
                0x000106ac       0xd4 ./platform/emdrv/tempdrv/src/tempdrv.o
                0x000106ac                TEMPDRV_Init
 .text.TEMPDRV_GetTemp
                0x00010780       0x1c ./platform/emdrv/tempdrv/src/tempdrv.o
                0x00010780                TEMPDRV_GetTemp
 .text.BUS_RegBitWrite
                0x0001079c       0x2c ./platform/emlib/src/em_cmu.o
 .text.BUS_RegBitRead
                0x000107c8       0x2c ./platform/emlib/src/em_cmu.o
 .text.BUS_RegMaskedSet
                0x000107f4       0x24 ./platform/emlib/src/em_cmu.o
 .text.BUS_RegMaskedClear
                0x00010818       0x24 ./platform/emlib/src/em_cmu.o
 .text.BUS_RegMaskedWrite
                0x0001083c       0x24 ./platform/emlib/src/em_cmu.o
 .text.CMU_Log2ToDiv
                0x00010860       0x1c ./platform/emlib/src/em_cmu.o
 .text.CMU_PrescToLog2
                0x0001087c       0x28 ./platform/emlib/src/em_cmu.o
 .text.setHfLeConfig
                0x000108a4       0x64 ./platform/emlib/src/em_cmu.o
 .text.auxClkGet
                0x00010908       0x20 ./platform/emlib/src/em_cmu.o
 .text.hfSrcClkGet
                0x00010928       0x2c ./platform/emlib/src/em_cmu.o
 .text.dbgClkGet
                0x00010954       0x40 ./platform/emlib/src/em_cmu.o
 .text.adcAsyncClkGet
                0x00010994       0x80 ./platform/emlib/src/em_cmu.o
 .text.flashWaitStateControl
                0x00010a14       0x7c ./platform/emlib/src/em_cmu.o
 .text.flashWaitStateMax
                0x00010a90       0x14 ./platform/emlib/src/em_cmu.o
 .text.CMU_UpdateWaitStates
                0x00010aa4       0x18 ./platform/emlib/src/em_cmu.o
                0x00010aa4                CMU_UpdateWaitStates
 .text.getRegIshUpperVal
                0x00010abc       0x38 ./platform/emlib/src/em_cmu.o
 .text.getHfxoTuningMode
                0x00010af4       0x1c ./platform/emlib/src/em_cmu.o
 .text.setHfxoTuningMode
                0x00010b10       0x28 ./platform/emlib/src/em_cmu.o
 .text.lfClkGet
                0x00010b38       0xf4 ./platform/emlib/src/em_cmu.o
 .text.syncReg  0x00010c2c       0x38 ./platform/emlib/src/em_cmu.o
 .text.CMU_ClockDivGet
                0x00010c64       0x1c ./platform/emlib/src/em_cmu.o
                0x00010c64                CMU_ClockDivGet
 .text.CMU_ClockDivSet
                0x00010c80       0x1c ./platform/emlib/src/em_cmu.o
                0x00010c80                CMU_ClockDivSet
 .text.CMU_ClockEnable
                0x00010c9c       0xcc ./platform/emlib/src/em_cmu.o
                0x00010c9c                CMU_ClockEnable
 .text.CMU_ClockFreqGet
                0x00010d68      0x198 ./platform/emlib/src/em_cmu.o
                0x00010d68                CMU_ClockFreqGet
 .text.CMU_ClockPrescGet
                0x00010f00      0x120 ./platform/emlib/src/em_cmu.o
                0x00010f00                CMU_ClockPrescGet
 .text.CMU_ClockPrescSet
                0x00011020      0x1e0 ./platform/emlib/src/em_cmu.o
                0x00011020                CMU_ClockPrescSet
 .text.CMU_ClockSelectGet
                0x00011200      0x19c ./platform/emlib/src/em_cmu.o
                0x00011200                CMU_ClockSelectGet
 .text.CMU_ClockSelectSet
                0x0001139c      0x260 ./platform/emlib/src/em_cmu.o
                0x0001139c                CMU_ClockSelectSet
 .text.CMU_HFXOAutostartEnable
                0x000115fc       0x7c ./platform/emlib/src/em_cmu.o
                0x000115fc                CMU_HFXOAutostartEnable
 .text.CMU_HFXOInit
                0x00011678       0xf4 ./platform/emlib/src/em_cmu.o
                0x00011678                CMU_HFXOInit
 .text.CMU_LFXOInit
                0x0001176c       0x50 ./platform/emlib/src/em_cmu.o
                0x0001176c                CMU_LFXOInit
 .text.CMU_OscillatorEnable
                0x000117bc      0x174 ./platform/emlib/src/em_cmu.o
                0x000117bc                CMU_OscillatorEnable
 .text.CMU_OscillatorTuningGet
                0x00011930       0x74 ./platform/emlib/src/em_cmu.o
                0x00011930                CMU_OscillatorTuningGet
 .text.CMU_OscillatorTuningSet
                0x000119a4      0x100 ./platform/emlib/src/em_cmu.o
                0x000119a4                CMU_OscillatorTuningSet
 .text.CMU_OscillatorTuningWait
                0x00011aa4       0x94 ./platform/emlib/src/em_cmu.o
                0x00011aa4                CMU_OscillatorTuningWait
 .text.CMU_OscillatorTuningOptimize
                0x00011b38       0x58 ./platform/emlib/src/em_cmu.o
                0x00011b38                CMU_OscillatorTuningOptimize
 .text.CORE_EnterCritical
                0x00011b90       0x20 ./platform/emlib/src/em_core.o
                0x00011b90                CORE_EnterCritical
 .text.CORE_ExitCritical
                0x00011bb0       0x1c ./platform/emlib/src/em_core.o
                0x00011bb0                CORE_ExitCritical
 .text.CORE_AtomicDisableIrq
                0x00011bcc       0x10 ./platform/emlib/src/em_core.o
                0x00011bcc                CORE_AtomicDisableIrq
 .text.CORE_AtomicEnableIrq
                0x00011bdc       0x10 ./platform/emlib/src/em_core.o
                0x00011bdc                CORE_AtomicEnableIrq
 .text.CORE_EnterAtomic
                0x00011bec       0x20 ./platform/emlib/src/em_core.o
                0x00011bec                CORE_EnterAtomic
 .text.CORE_ExitAtomic
                0x00011c0c       0x1c ./platform/emlib/src/em_core.o
                0x00011c0c                CORE_ExitAtomic
 .text.CORE_SetNvicRamTableHandler
                0x00011c28       0x44 ./platform/emlib/src/em_core.o
                0x00011c28                CORE_SetNvicRamTableHandler
 .text.CORE_InitNvicVectorTable
                0x00011c6c       0xc8 ./platform/emlib/src/em_core.o
                0x00011c6c                CORE_InitNvicVectorTable
 .text.CRYPTO_BurstFromCrypto
                0x00011d34       0x40 ./platform/emlib/src/em_crypto.o
 .text.CRYPTO_ModulusSet
                0x00011d74       0x88 ./platform/emlib/src/em_crypto.o
                0x00011d74                CRYPTO_ModulusSet
 .text.CRYPTO_KeyRead
                0x00011dfc       0x38 ./platform/emlib/src/em_crypto.o
                0x00011dfc                CRYPTO_KeyRead
 .text.SystemCoreClockUpdate
                0x00011e34        0xc ./platform/emlib/src/em_emu.o
 .text.BUS_RegBitWrite
                0x00011e40       0x2c ./platform/emlib/src/em_emu.o
 .text.BUS_RegBitRead
                0x00011e6c       0x2c ./platform/emlib/src/em_emu.o
 .text.EMU_Unlock
                0x00011e98       0x18 ./platform/emlib/src/em_emu.o
 .text.CMU_Lock
                0x00011eb0       0x18 ./platform/emlib/src/em_emu.o
 .text.CMU_Unlock
                0x00011ec8       0x1c ./platform/emlib/src/em_emu.o
 .text.SYSTEM_GetDevinfoRev
                0x00011ee4       0x18 ./platform/emlib/src/em_emu.o
 .text.emState  0x00011efc       0xcc ./platform/emlib/src/em_emu.o
 .text.dcdcFetCntSet
                0x00011fc8       0x50 ./platform/emlib/src/em_emu.o
 .text.dcdcHsFixLnBlock
                0x00012018       0x48 ./platform/emlib/src/em_emu.o
 .text.EMU_EnterEM2
                0x00012060       0x50 ./platform/emlib/src/em_emu.o
                0x00012060                EMU_EnterEM2
 .text.EMU_EnterEM3
                0x000120b0       0x78 ./platform/emlib/src/em_emu.o
                0x000120b0                EMU_EnterEM3
 .text.EMU_Save
                0x00012128        0xc ./platform/emlib/src/em_emu.o
                0x00012128                EMU_Save
 .text.EMU_Restore
                0x00012134        0xc ./platform/emlib/src/em_emu.o
                0x00012134                EMU_Restore
 .text.EMU_EnterEM4
                0x00012140       0xbc ./platform/emlib/src/em_emu.o
                0x00012140                EMU_EnterEM4
 .text.dcdcConstCalibrationLoad
                0x000121fc       0xc4 ./platform/emlib/src/em_emu.o
 .text.dcdcValidatedConfigSet
                0x000122c0       0xb0 ./platform/emlib/src/em_emu.o
 .text.currentLimitersUpdate
                0x00012370       0xe4 ./platform/emlib/src/em_emu.o
 .text.userCurrentLimitsSet
                0x00012454       0x2c ./platform/emlib/src/em_emu.o
 .text.compCtrlSet
                0x00012480       0x3c ./platform/emlib/src/em_emu.o
 .text.lpCmpHystCalibrationLoad
                0x000124bc       0xd0 ./platform/emlib/src/em_emu.o
 .text.lpGetDevinfoVrefLowHigh
                0x0001258c      0x164 ./platform/emlib/src/em_emu.o
 .text.EMU_DCDCModeSet
                0x000126f0       0xb8 ./platform/emlib/src/em_emu.o
                0x000126f0                EMU_DCDCModeSet
 .text.EMU_DCDCInit
                0x000127a8      0x114 ./platform/emlib/src/em_emu.o
                0x000127a8                EMU_DCDCInit
 .text.EMU_DCDCOutputVoltageSet
                0x000128bc      0x20c ./platform/emlib/src/em_emu.o
                0x000128bc                EMU_DCDCOutputVoltageSet
 .text.EMU_DCDCOptimizeSlice
                0x00012ac8       0xd8 ./platform/emlib/src/em_emu.o
                0x00012ac8                EMU_DCDCOptimizeSlice
 .text.EMU_DCDCLnRcoBandSet
                0x00012ba0       0x54 ./platform/emlib/src/em_emu.o
                0x00012ba0                EMU_DCDCLnRcoBandSet
 .text.EMU_SetBiasMode
                0x00012bf4       0xa4 ./platform/emlib/src/em_emu.o
                0x00012bf4                EMU_SetBiasMode
 .text.BUS_RegMaskedSet
                0x00012c98       0x24 ./platform/emlib/src/em_gpio.o
 .text.BUS_RegMaskedClear
                0x00012cbc       0x24 ./platform/emlib/src/em_gpio.o
 .text.BUS_RegMaskedWrite
                0x00012ce0       0x24 ./platform/emlib/src/em_gpio.o
 .text.GPIO_PinOutClear
                0x00012d04       0x58 ./platform/emlib/src/em_gpio.o
 .text.GPIO_PinOutSet
                0x00012d5c       0x58 ./platform/emlib/src/em_gpio.o
 .text.GPIO_DriveStrengthSet
                0x00012db4       0x60 ./platform/emlib/src/em_gpio.o
                0x00012db4                GPIO_DriveStrengthSet
 .text.GPIO_PinModeSet
                0x00012e14      0x10c ./platform/emlib/src/em_gpio.o
                0x00012e14                GPIO_PinModeSet
 .text.BUS_RegBitWrite
                0x00012f20       0x2c ./platform/emlib/src/em_i2c.o
 .text.BUS_RegMaskedSet
                0x00012f4c       0x24 ./platform/emlib/src/em_i2c.o
 .text.BUS_RegMaskedClear
                0x00012f70       0x24 ./platform/emlib/src/em_i2c.o
 .text.BUS_RegMaskedWrite
                0x00012f94       0x24 ./platform/emlib/src/em_i2c.o
 .text.I2C_BusFreqSet
                0x00012fb8       0xf8 ./platform/emlib/src/em_i2c.o
                0x00012fb8                I2C_BusFreqSet
 .text.I2C_Enable
                0x000130b0       0x20 ./platform/emlib/src/em_i2c.o
                0x000130b0                I2C_Enable
 .text.I2C_Init
                0x000130d0       0x5c ./platform/emlib/src/em_i2c.o
                0x000130d0                I2C_Init
 .text.LETIMER_CompareSet
                0x0001312c       0x58 ./platform/emlib/src/em_letimer.o
                0x0001312c                LETIMER_CompareSet
 .text.LETIMER_Enable
                0x00013184       0x2c ./platform/emlib/src/em_letimer.o
                0x00013184                LETIMER_Enable
 .text.LETIMER_Init
                0x000131b0       0xd0 ./platform/emlib/src/em_letimer.o
                0x000131b0                LETIMER_Init
 .text.MSC_Init
                0x00013280       0x24 ./platform/emlib/src/em_msc.o
                0x00013280                MSC_Init
 .text.MSC_Deinit
                0x000132a4       0x24 ./platform/emlib/src/em_msc.o
                0x000132a4                MSC_Deinit
 .text.RMU_ResetCauseClear
                0x000132c8       0x18 ./platform/emlib/src/em_rmu.o
                0x000132c8                RMU_ResetCauseClear
 .text.RMU_ResetCauseGet
                0x000132e0       0xdc ./platform/emlib/src/em_rmu.o
                0x000132e0                RMU_ResetCauseGet
 .text.BUS_RegBitWrite
                0x000133bc       0x2c ./platform/emlib/src/em_rtcc.o
 .text.RTCC_ChannelInit
                0x000133e8       0x5c ./platform/emlib/src/em_rtcc.o
                0x000133e8                RTCC_ChannelInit
 .text.RTCC_Enable
                0x00013444       0x20 ./platform/emlib/src/em_rtcc.o
                0x00013444                RTCC_Enable
 .text.RTCC_Init
                0x00013464       0x94 ./platform/emlib/src/em_rtcc.o
                0x00013464                RTCC_Init
 .text.SYSTEM_ChipRevisionGet
                0x000134f8       0x78 ./platform/emlib/src/em_system.o
                0x000134f8                SYSTEM_ChipRevisionGet
 .text.USART_BaudrateSyncSet
                0x00013570       0x40 ./platform/emlib/src/em_usart.o
                0x00013570                USART_BaudrateSyncSet
 .text.USART_InitSync
                0x000135b0       0xf0 ./platform/emlib/src/em_usart.o
                0x000135b0                USART_InitSync
 .text.USART_Reset
                0x000136a0       0x9c ./platform/emlib/src/em_usart.o
                0x000136a0                USART_Reset
 .text.USART_SpiTransfer
                0x0001373c       0x40 ./platform/emlib/src/em_usart.o
                0x0001373c                USART_SpiTransfer
 .text.USART_Tx
                0x0001377c       0x2c ./platform/emlib/src/em_usart.o
                0x0001377c                USART_Tx
 .text.USART_TxDouble
                0x000137a8       0x2c ./platform/emlib/src/em_usart.o
                0x000137a8                USART_TxDouble
 .text.data_transfer
                0x000137d4       0x54 ./src/black_box.o
                0x000137d4                data_transfer
 .text.black_box_update
                0x00013828       0x38 ./src/black_box.o
                0x00013828                black_box_update
 .text.previous_signals_display
                0x00013860       0xb0 ./src/black_box.o
                0x00013860                previous_signals_display
 .text.move_motors
                0x00013910      0x138 ./src/chassis.o
                0x00013910                move_motors
 .text.cmu_init
                0x00013a48       0x20 ./src/cmu.o
                0x00013a48                cmu_init
 .text.cmu_letimer_init
                0x00013a68       0x50 ./src/cmu.o
                0x00013a68                cmu_letimer_init
 .text.cmu_i2c_init
                0x00013ab8       0x28 ./src/cmu.o
                0x00013ab8                cmu_i2c_init
 .text.gpio_init
                0x00013ae0       0x48 ./src/gpio.o
                0x00013ae0                gpio_init
 .text.ADC_IntClear
                0x00013b28       0x1c ./src/joystick.o
 .text.ADC_IntGet
                0x00013b44       0x18 ./src/joystick.o
 .text.ADC0_IRQHandler
                0x00013b5c       0x30 ./src/joystick.o
                0x00013b5c                ADC0_IRQHandler
 .text.NVIC_EnableIRQ
                0x00013b8c       0x30 ./src/letimer.o
 .text.LETIMER_IntClear
                0x00013bbc       0x1c ./src/letimer.o
 .text.LETIMER_IntEnable
                0x00013bd8       0x20 ./src/letimer.o
 .text.LETIMER_IntGet
                0x00013bf8       0x18 ./src/letimer.o
 .text.gecko_cmd_le_connection_get_rssi
                0x00013c10       0x50 ./src/letimer.o
 .text.letimer_init
                0x00013c60       0x74 ./src/letimer.o
                0x00013c60                letimer_init
 .text.LETIMER0_IRQHandler
                0x00013cd4       0x88 ./src/letimer.o
                0x00013cd4                LETIMER0_IRQHandler
 .text.BUS_RegMaskedSet
                0x00013d5c       0x24 ./src/lux.o
 .text.BUS_RegMaskedClear
                0x00013d80       0x24 ./src/lux.o
 .text.I2C_IntClear
                0x00013da4       0x1c ./src/lux.o
 .text.I2C_IntDisable
                0x00013dc0       0x24 ./src/lux.o
 .text.GPIO_PinOutClear
                0x00013de4       0x58 ./src/lux.o
 .text.GPIO_PinOutSet
                0x00013e3c       0x58 ./src/lux.o
 .text.i2c_slave_clear
                0x00013e94       0x30 ./src/lux.o
                0x00013e94                i2c_slave_clear
 .text.i2c_bus_reset
                0x00013ec4       0x24 ./src/lux.o
                0x00013ec4                i2c_bus_reset
 .text.i2c_init
                0x00013ee8       0x94 ./src/lux.o
                0x00013ee8                i2c_init
 .text.i2c_stop
                0x00013f7c       0x18 ./src/lux.o
                0x00013f7c                i2c_stop
 .text.i2c_ack  0x00013f94       0x18 ./src/lux.o
                0x00013f94                i2c_ack
 .text.i2c_nack
                0x00013fac       0x18 ./src/lux.o
                0x00013fac                i2c_nack
 .text.i2c_start
                0x00013fc4       0x18 ./src/lux.o
                0x00013fc4                i2c_start
 .text.i2c_write_byte
                0x00013fdc       0x2c ./src/lux.o
                0x00013fdc                i2c_write_byte
 .text.i2c_read_byte
                0x00014008       0x28 ./src/lux.o
                0x00014008                i2c_read_byte
 .text.lux_init
                0x00014030       0x54 ./src/lux.o
                0x00014030                lux_init
 .text.read_channel
                0x00014084       0x84 ./src/lux.o
                0x00014084                read_channel
 .text.lux_read
                0x00014108      0x144 ./src/lux.o
                0x00014108                lux_read
 .text.gecko_cmd_flash_ps_save
                0x0001424c       0x8c ./src/persistent_memory.o
 .text.gecko_cmd_flash_ps_load
                0x000142d8       0x50 ./src/persistent_memory.o
 .text.print_number
                0x00014328       0x28 ./src/persistent_memory.o
                0x00014328                print_number
 .text.persistent_memory_load
                0x00014350       0x6c ./src/persistent_memory.o
                0x00014350                persistent_memory_load
 .text.persistent_memory_save
                0x000143bc       0x44 ./src/persistent_memory.o
                0x000143bc                persistent_memory_save
 .text.eventDefault
                0x00014400        0x2 C:\Users\monis\Documents\Academics\IOT\Workspace_Project\Server _4.0\platform\radio\rail_lib\autogen\librail_release\librail_efr32xg1_gcc_release.a(rail_rf_hal.o)
 *fill*         0x00014402        0x2 
 .text.setRssiPeriod
                0x00014404       0x18 C:\Users\monis\Documents\Academics\IOT\Workspace_Project\Server _4.0\platform\radio\rail_lib\autogen\librail_release\librail_efr32xg1_gcc_release.a(rail_rf_hal.o)
 .text.RFHAL_NotifyUserOfIrCal
                0x0001441c       0x80 C:\Users\monis\Documents\Academics\IOT\Workspace_Project\Server _4.0\platform\radio\rail_lib\autogen\librail_release\librail_efr32xg1_gcc_release.a(rail_rf_hal.o)
 *fill*         0x0001449c        0x4 
 .text.GENERIC_PHY_EventCallback
                0x000144a0      0x19c C:\Users\monis\Documents\Academics\IOT\Workspace_Project\Server _4.0\platform\radio\rail_lib\autogen\librail_release\librail_efr32xg1_gcc_release.a(rail_rf_hal.o)
                0x000144a0                GENERIC_PHY_EventCallback
 .text.RFHAL_IntEnable
                0x0001463c       0x56 C:\Users\monis\Documents\Academics\IOT\Workspace_Project\Server _4.0\platform\radio\rail_lib\autogen\librail_release\librail_efr32xg1_gcc_release.a(rail_rf_hal.o)
                0x0001463c                RFHAL_IntEnable
 *fill*         0x00014692        0x2 
 .text.RFHAL_SetEventCallback
                0x00014694       0x18 C:\Users\monis\Documents\Academics\IOT\Workspace_Project\Server _4.0\platform\radio\rail_lib\autogen\librail_release\librail_efr32xg1_gcc_release.a(rail_rf_hal.o)
                0x00014694                RFHAL_SetEventCallback
 .text.RFHAL_SetPtiProtocol
                0x000146ac       0x20 C:\Users\monis\Documents\Academics\IOT\Workspace_Project\Server _4.0\platform\radio\rail_lib\autogen\librail_release\librail_efr32xg1_gcc_release.a(rail_rf_hal.o)
                0x000146ac                RFHAL_SetPtiProtocol
 .text.RFHAL_Idle
                0x000146cc       0x40 C:\Users\monis\Documents\Academics\IOT\Workspace_Project\Server _4.0\platform\radio\rail_lib\autogen\librail_release\librail_efr32xg1_gcc_release.a(rail_rf_hal.o)
                0x000146cc                RFHAL_Idle
 .text.RFHAL_GetRadioState
                0x0001470c       0x7c C:\Users\monis\Documents\Academics\IOT\Workspace_Project\Server _4.0\platform\radio\rail_lib\autogen\librail_release\librail_efr32xg1_gcc_release.a(rail_rf_hal.o)
                0x0001470c                RFHAL_GetRadioState
 .text.RFHAL_OkToTransmit
                0x00014788       0x14 C:\Users\monis\Documents\Academics\IOT\Workspace_Project\Server _4.0\platform\radio\rail_lib\autogen\librail_release\librail_efr32xg1_gcc_release.a(rail_rf_hal.o)
                0x00014788                RFHAL_OkToTransmit
 .text.RFHAL_ScheduleRx
                0x0001479c       0x74 C:\Users\monis\Documents\Academics\IOT\Workspace_Project\Server _4.0\platform\radio\rail_lib\autogen\librail_release\librail_efr32xg1_gcc_release.a(rail_rf_hal.o)
                0x0001479c                RFHAL_ScheduleRx
 .text.RFHAL_EnableRxRawCapture
                0x00014810       0x5c C:\Users\monis\Documents\Academics\IOT\Workspace_Project\Server _4.0\platform\radio\rail_lib\autogen\librail_release\librail_efr32xg1_gcc_release.a(rail_rf_hal.o)
                0x00014810                RFHAL_EnableRxRawCapture
 .text.RFHAL_DisableRxRawCapture
                0x0001486c       0x38 C:\Users\monis\Documents\Academics\IOT\Workspace_Project\Server _4.0\platform\radio\rail_lib\autogen\librail_release\librail_efr32xg1_gcc_release.a(rail_rf_hal.o)
                0x0001486c                RFHAL_DisableRxRawCapture
 .text.RFHAL_AcceptCrcErrors
                0x000148a4       0x18 C:\Users\monis\Documents\Academics\IOT\Workspace_Project\Server _4.0\platform\radio\rail_lib\autogen\librail_release\librail_efr32xg1_gcc_release.a(rail_rf_hal.o)
                0x000148a4                RFHAL_AcceptCrcErrors
 .text.RFHAL_ConfigRxOptions
                0x000148bc       0x74 C:\Users\monis\Documents\Academics\IOT\Workspace_Project\Server _4.0\platform\radio\rail_lib\autogen\librail_release\librail_efr32xg1_gcc_release.a(rail_rf_hal.o)
                0x000148bc                RFHAL_ConfigRxOptions
 .text.RFHAL_CancelTimer
                0x00014930       0x28 C:\Users\monis\Documents\Academics\IOT\Workspace_Project\Server _4.0\platform\radio\rail_lib\autogen\librail_release\librail_efr32xg1_gcc_release.a(rail_rf_hal.o)
                0x00014930                RFHAL_CancelTimer
 .text.RFHAL_SetTimer
                0x00014958       0x80 C:\Users\monis\Documents\Academics\IOT\Workspace_Project\Server _4.0\platform\radio\rail_lib\autogen\librail_release\librail_efr32xg1_gcc_release.a(rail_rf_hal.o)
                0x00014958                RFHAL_SetTimer
 .text.RFHAL_SetTxTransitions
                0x000149d8       0x1c C:\Users\monis\Documents\Academics\IOT\Workspace_Project\Server _4.0\platform\radio\rail_lib\autogen\librail_release\librail_efr32xg1_gcc_release.a(rail_rf_hal.o)
                0x000149d8                RFHAL_SetTxTransitions
 .text.RFHAL_SetRxTransitions
                0x000149f4       0x1c C:\Users\monis\Documents\Academics\IOT\Workspace_Project\Server _4.0\platform\radio\rail_lib\autogen\librail_release\librail_efr32xg1_gcc_release.a(rail_rf_hal.o)
                0x000149f4                RFHAL_SetRxTransitions
 .text.RFHAL_SetCRCInitVal
                0x00014a10        0x4 C:\Users\monis\Documents\Academics\IOT\Workspace_Project\Server _4.0\platform\radio\rail_lib\autogen\librail_release\librail_efr32xg1_gcc_release.a(rail_rf_hal.o)
                0x00014a10                RFHAL_SetCRCInitVal
 .text.RFHAL_ConfigTxPower
                0x00014a14        0xc C:\Users\monis\Documents\Academics\IOT\Workspace_Project\Server _4.0\platform\radio\rail_lib\autogen\librail_release\librail_efr32xg1_gcc_release.a(rail_rf_hal.o)
                0x00014a14                RFHAL_ConfigTxPower
 .text.RFHAL_SetTxPowerUnchecked
                0x00014a20       0x18 C:\Users\monis\Documents\Academics\IOT\Workspace_Project\Server _4.0\platform\radio\rail_lib\autogen\librail_release\librail_efr32xg1_gcc_release.a(rail_rf_hal.o)
                0x00014a20                RFHAL_SetTxPowerUnchecked
 .text.RFHAL_SetTxPower
                0x00014a38       0x3c C:\Users\monis\Documents\Academics\IOT\Workspace_Project\Server _4.0\platform\radio\rail_lib\autogen\librail_release\librail_efr32xg1_gcc_release.a(rail_rf_hal.o)
                0x00014a38                RFHAL_SetTxPower
 .text.RFHAL_GetTxPowerConfig
                0x00014a74        0xc C:\Users\monis\Documents\Academics\IOT\Workspace_Project\Server _4.0\platform\radio\rail_lib\autogen\librail_release\librail_efr32xg1_gcc_release.a(rail_rf_hal.o)
                0x00014a74                RFHAL_GetTxPowerConfig
 .text.RFHAL_GetTxPower
                0x00014a80        0x4 C:\Users\monis\Documents\Academics\IOT\Workspace_Project\Server _4.0\platform\radio\rail_lib\autogen\librail_release\librail_efr32xg1_gcc_release.a(rail_rf_hal.o)
                0x00014a80                RFHAL_GetTxPower
 .text.RFHAL_SetChannel
                0x00014a84       0x98 C:\Users\monis\Documents\Academics\IOT\Workspace_Project\Server _4.0\platform\radio\rail_lib\autogen\librail_release\librail_efr32xg1_gcc_release.a(rail_rf_hal.o)
                0x00014a84                RFHAL_SetChannel
 .text.RFHAL_IsAutoAckEnabled
                0x00014b1c        0x6 C:\Users\monis\Documents\Academics\IOT\Workspace_Project\Server _4.0\platform\radio\rail_lib\autogen\librail_release\librail_efr32xg1_gcc_release.a(rail_rf_hal.o)
                0x00014b1c                RFHAL_IsAutoAckEnabled
 *fill*         0x00014b22        0x2 
 .text.RFHAL_AutoAckWaitForAck
                0x00014b24       0x18 C:\Users\monis\Documents\Academics\IOT\Workspace_Project\Server _4.0\platform\radio\rail_lib\autogen\librail_release\librail_efr32xg1_gcc_release.a(rail_rf_hal.o)
                0x00014b24                RFHAL_AutoAckWaitForAck
 .text.preTxOps
                0x00014b3c       0xc4 C:\Users\monis\Documents\Academics\IOT\Workspace_Project\Server _4.0\platform\radio\rail_lib\autogen\librail_release\librail_efr32xg1_gcc_release.a(rail_rf_hal.o)
 .text.RFHAL_StartTx
                0x00014c00       0x12 C:\Users\monis\Documents\Academics\IOT\Workspace_Project\Server _4.0\platform\radio\rail_lib\autogen\librail_release\librail_efr32xg1_gcc_release.a(rail_rf_hal.o)
                0x00014c00                RFHAL_StartTx
 .text.RFHAL_StartScheduledTx
                0x00014c12       0x3a C:\Users\monis\Documents\Academics\IOT\Workspace_Project\Server _4.0\platform\radio\rail_lib\autogen\librail_release\librail_efr32xg1_gcc_release.a(rail_rf_hal.o)
                0x00014c12                RFHAL_StartScheduledTx
 .text.RFHAL_GetRxPacketInfo
                0x00014c4c       0x48 C:\Users\monis\Documents\Academics\IOT\Workspace_Project\Server _4.0\platform\radio\rail_lib\autogen\librail_release\librail_efr32xg1_gcc_release.a(rail_rf_hal.o)
                0x00014c4c                RFHAL_GetRxPacketInfo
 .text.RFHAL_GetRxPacketDetails
                0x00014c94       0xcc C:\Users\monis\Documents\Academics\IOT\Workspace_Project\Server _4.0\platform\radio\rail_lib\autogen\librail_release\librail_efr32xg1_gcc_release.a(rail_rf_hal.o)
                0x00014c94                RFHAL_GetRxPacketDetails
 .text.RFHAL_SetTxBuffer
                0x00014d60       0x3a C:\Users\monis\Documents\Academics\IOT\Workspace_Project\Server _4.0\platform\radio\rail_lib\autogen\librail_release\librail_efr32xg1_gcc_release.a(rail_rf_hal.o)
                0x00014d60                RFHAL_SetTxBuffer
 *fill*         0x00014d9a        0x2 
 .text.RFHAL_ResetTxFifo
                0x00014d9c       0x2c C:\Users\monis\Documents\Academics\IOT\Workspace_Project\Server _4.0\platform\radio\rail_lib\autogen\librail_release\librail_efr32xg1_gcc_release.a(rail_rf_hal.o)
                0x00014d9c                RFHAL_ResetTxFifo
 .text.RFHAL_WriteTxFifo
                0x00014dc8       0x28 C:\Users\monis\Documents\Academics\IOT\Workspace_Project\Server _4.0\platform\radio\rail_lib\autogen\librail_release\librail_efr32xg1_gcc_release.a(rail_rf_hal.o)
                0x00014dc8                RFHAL_WriteTxFifo
 .text.RFHAL_ResetRxFifo
                0x00014df0       0x40 C:\Users\monis\Documents\Academics\IOT\Workspace_Project\Server _4.0\platform\radio\rail_lib\autogen\librail_release\librail_efr32xg1_gcc_release.a(rail_rf_hal.o)
                0x00014df0                RFHAL_ResetRxFifo
 .text.RFHAL_ConfigData
                0x00014e30       0x7c C:\Users\monis\Documents\Academics\IOT\Workspace_Project\Server _4.0\platform\radio\rail_lib\autogen\librail_release\librail_efr32xg1_gcc_release.a(rail_rf_hal.o)
                0x00014e30                RFHAL_ConfigData
 .text.RFHAL_Init
                0x00014eac       0xa0 C:\Users\monis\Documents\Academics\IOT\Workspace_Project\Server _4.0\platform\radio\rail_lib\autogen\librail_release\librail_efr32xg1_gcc_release.a(rail_rf_hal.o)
                0x00014eac                RFHAL_Init
 .text.RFHAL_SetFixedLength
                0x00014f4c       0x8c C:\Users\monis\Documents\Academics\IOT\Workspace_Project\Server _4.0\platform\radio\rail_lib\autogen\librail_release\librail_efr32xg1_gcc_release.a(rail_rf_hal.o)
                0x00014f4c                RFHAL_SetFixedLength
 .text.RFHAL_SetAbortScheduledTxDuringRx
                0x00014fd8       0x18 C:\Users\monis\Documents\Academics\IOT\Workspace_Project\Server _4.0\platform\radio\rail_lib\autogen\librail_release\librail_efr32xg1_gcc_release.a(rail_rf_hal.o)
                0x00014fd8                RFHAL_SetAbortScheduledTxDuringRx
 .text.RFHAL_ConfigRadio
                0x00014ff0       0xe0 C:\Users\monis\Documents\Academics\IOT\Workspace_Project\Server _4.0\platform\radio\rail_lib\autogen\librail_release\librail_efr32xg1_gcc_release.a(rail_rf_hal.o)
                0x00014ff0                RFHAL_ConfigRadio
 .text.RFHAL_GetTime
                0x000150d0        0xe C:\Users\monis\Documents\Academics\IOT\Workspace_Project\Server _4.0\platform\radio\rail_lib\autogen\librail_release\librail_efr32xg1_gcc_release.a(rail_rf_hal.o)
                0x000150d0                RFHAL_GetTime
 .text.RFHAL_GetRadioEntropy
                0x000150de        0x4 C:\Users\monis\Documents\Academics\IOT\Workspace_Project\Server _4.0\platform\radio\rail_lib\autogen\librail_release\librail_efr32xg1_gcc_release.a(rail_rf_hal.o)
                0x000150de                RFHAL_GetRadioEntropy
 .text.RFHAL_SetStateTiming
                0x000150e2       0x4e C:\Users\monis\Documents\Academics\IOT\Workspace_Project\Server _4.0\platform\radio\rail_lib\autogen\librail_release\librail_efr32xg1_gcc_release.a(rail_rf_hal.o)
                0x000150e2                RFHAL_SetStateTiming
 .text.RAIL_Init
                0x00015130       0x20 C:\Users\monis\Documents\Academics\IOT\Workspace_Project\Server _4.0\platform\radio\rail_lib\autogen\librail_release\librail_efr32xg1_gcc_release.a(rail_singleprotocol.o)
                0x00015130                RAIL_Init
 .text.RAIL_GetSchedulerStatus
                0x00015150        0x4 C:\Users\monis\Documents\Academics\IOT\Workspace_Project\Server _4.0\platform\radio\rail_lib\autogen\librail_release\librail_efr32xg1_gcc_release.a(rail_singleprotocol.o)
                0x00015150                RAIL_GetSchedulerStatus
 .text.RAIL_Idle
                0x00015154        0x8 C:\Users\monis\Documents\Academics\IOT\Workspace_Project\Server _4.0\platform\radio\rail_lib\autogen\librail_release\librail_efr32xg1_gcc_release.a(rail_singleprotocol.o)
                0x00015154                RAIL_Idle
 .text.RAIL_YieldRadio
                0x0001515c        0x2 C:\Users\monis\Documents\Academics\IOT\Workspace_Project\Server _4.0\platform\radio\rail_lib\autogen\librail_release\librail_efr32xg1_gcc_release.a(rail_singleprotocol.o)
                0x0001515c                RAIL_YieldRadio
 .text.RAIL_GetRadioEntropy
                0x0001515e        0x8 C:\Users\monis\Documents\Academics\IOT\Workspace_Project\Server _4.0\platform\radio\rail_lib\autogen\librail_release\librail_efr32xg1_gcc_release.a(rail_singleprotocol.o)
                0x0001515e                RAIL_GetRadioEntropy
 .text.RAIL_SetTimer
                0x00015166       0x14 C:\Users\monis\Documents\Academics\IOT\Workspace_Project\Server _4.0\platform\radio\rail_lib\autogen\librail_release\librail_efr32xg1_gcc_release.a(rail_singleprotocol.o)
                0x00015166                RAIL_SetTimer
 .text.RAIL_CancelTimer
                0x0001517a        0x4 C:\Users\monis\Documents\Academics\IOT\Workspace_Project\Server _4.0\platform\radio\rail_lib\autogen\librail_release\librail_efr32xg1_gcc_release.a(rail_singleprotocol.o)
                0x0001517a                RAIL_CancelTimer
 .text.RAIL_StartTx
                0x0001517e        0xa C:\Users\monis\Documents\Academics\IOT\Workspace_Project\Server _4.0\platform\radio\rail_lib\autogen\librail_release\librail_efr32xg1_gcc_release.a(rail_singleprotocol.o)
                0x0001517e                RAIL_StartTx
 .text.RAIL_StartScheduledTx
                0x00015188        0xa C:\Users\monis\Documents\Academics\IOT\Workspace_Project\Server _4.0\platform\radio\rail_lib\autogen\librail_release\librail_efr32xg1_gcc_release.a(rail_singleprotocol.o)
                0x00015188                RAIL_StartScheduledTx
 .text.RAIL_ScheduleRx
                0x00015192        0xa C:\Users\monis\Documents\Academics\IOT\Workspace_Project\Server _4.0\platform\radio\rail_lib\autogen\librail_release\librail_efr32xg1_gcc_release.a(rail_singleprotocol.o)
                0x00015192                RAIL_ScheduleRx
 .text.radioConfigChangedDefault
                0x0001519c        0x2 C:\Users\monis\Documents\Academics\IOT\Workspace_Project\Server _4.0\platform\radio\rail_lib\autogen\librail_release\librail_efr32xg1_gcc_release.a(rail_rf.o)
 .text.isTransitionState
                0x0001519e       0x12 C:\Users\monis\Documents\Academics\IOT\Workspace_Project\Server _4.0\platform\radio\rail_lib\autogen\librail_release\librail_efr32xg1_gcc_release.a(rail_rf.o)
 .text.RAILCore_Init
                0x000151b0       0x12 C:\Users\monis\Documents\Academics\IOT\Workspace_Project\Server _4.0\platform\radio\rail_lib\autogen\librail_release\librail_efr32xg1_gcc_release.a(rail_rf.o)
                0x000151b0                RAILCore_Init
 *fill*         0x000151c2        0x2 
 .text.RAILInt_SetCallbackConfig
                0x000151c4       0x20 C:\Users\monis\Documents\Academics\IOT\Workspace_Project\Server _4.0\platform\radio\rail_lib\autogen\librail_release\librail_efr32xg1_gcc_release.a(rail_rf.o)
                0x000151c4                RAILInt_SetCallbackConfig
 .text.RAILCore_Idle
                0x000151e4       0x14 C:\Users\monis\Documents\Academics\IOT\Workspace_Project\Server _4.0\platform\radio\rail_lib\autogen\librail_release\librail_efr32xg1_gcc_release.a(rail_rf.o)
                0x000151e4                RAILCore_Idle
 .text.RAILCore_GetRadioState
                0x000151f8        0x4 C:\Users\monis\Documents\Academics\IOT\Workspace_Project\Server _4.0\platform\radio\rail_lib\autogen\librail_release\librail_efr32xg1_gcc_release.a(rail_rf.o)
                0x000151f8                RAILCore_GetRadioState
 .text.RAIL_SetStateTiming
                0x000151fc        0xa C:\Users\monis\Documents\Academics\IOT\Workspace_Project\Server _4.0\platform\radio\rail_lib\autogen\librail_release\librail_efr32xg1_gcc_release.a(rail_rf.o)
                0x000151fc                RAIL_SetStateTiming
 *fill*         0x00015206        0x2 
 .text.RAILInt_IsPowerInRange
                0x00015208       0x3c C:\Users\monis\Documents\Academics\IOT\Workspace_Project\Server _4.0\platform\radio\rail_lib\autogen\librail_release\librail_efr32xg1_gcc_release.a(rail_rf.o)
                0x00015208                RAILInt_IsPowerInRange
 .text.RAILInt_SetChannel
                0x00015244      0x1d8 C:\Users\monis\Documents\Academics\IOT\Workspace_Project\Server _4.0\platform\radio\rail_lib\autogen\librail_release\librail_efr32xg1_gcc_release.a(rail_rf.o)
                0x00015244                RAILInt_SetChannel
 .text.RAILCore_ConfigChannels
                0x0001541c       0x58 C:\Users\monis\Documents\Academics\IOT\Workspace_Project\Server _4.0\platform\radio\rail_lib\autogen\librail_release\librail_efr32xg1_gcc_release.a(rail_rf.o)
                0x0001541c                RAILCore_ConfigChannels
 .text.RAILInt_GetChannel
                0x00015474        0x4 C:\Users\monis\Documents\Academics\IOT\Workspace_Project\Server _4.0\platform\radio\rail_lib\autogen\librail_release\librail_efr32xg1_gcc_release.a(rail_rf.o)
                0x00015474                RAILInt_GetChannel
 .text.RAILCore_SetTxTransitions
                0x00015478       0x3c C:\Users\monis\Documents\Academics\IOT\Workspace_Project\Server _4.0\platform\radio\rail_lib\autogen\librail_release\librail_efr32xg1_gcc_release.a(rail_rf.o)
                0x00015478                RAILCore_SetTxTransitions
 .text.RAIL_SetTxTransitions
                0x000154b4        0xa C:\Users\monis\Documents\Academics\IOT\Workspace_Project\Server _4.0\platform\radio\rail_lib\autogen\librail_release\librail_efr32xg1_gcc_release.a(rail_rf.o)
                0x000154b4                RAIL_SetTxTransitions
 .text.RAILCore_SetRxTransitions
                0x000154be       0x38 C:\Users\monis\Documents\Academics\IOT\Workspace_Project\Server _4.0\platform\radio\rail_lib\autogen\librail_release\librail_efr32xg1_gcc_release.a(rail_rf.o)
                0x000154be                RAILCore_SetRxTransitions
 .text.RAIL_SetRxTransitions
                0x000154f6        0xa C:\Users\monis\Documents\Academics\IOT\Workspace_Project\Server _4.0\platform\radio\rail_lib\autogen\librail_release\librail_efr32xg1_gcc_release.a(rail_rf.o)
                0x000154f6                RAIL_SetRxTransitions
 .text.RAIL_ConfigEvents
                0x00015500       0x14 C:\Users\monis\Documents\Academics\IOT\Workspace_Project\Server _4.0\platform\radio\rail_lib\autogen\librail_release\librail_efr32xg1_gcc_release.a(rail_rf.o)
                0x00015500                RAIL_ConfigEvents
 .text.RAIL_ConfigRxOptions
                0x00015514        0xa C:\Users\monis\Documents\Academics\IOT\Workspace_Project\Server _4.0\platform\radio\rail_lib\autogen\librail_release\librail_efr32xg1_gcc_release.a(rail_rx.o)
                0x00015514                RAIL_ConfigRxOptions
 .text.RAILCore_ScheduleRx
                0x0001551e       0x2c C:\Users\monis\Documents\Academics\IOT\Workspace_Project\Server _4.0\platform\radio\rail_lib\autogen\librail_release\librail_efr32xg1_gcc_release.a(rail_rx.o)
                0x0001551e                RAILCore_ScheduleRx
 .text.RAILInt_PreTxOps
                0x0001554a       0x1c C:\Users\monis\Documents\Academics\IOT\Workspace_Project\Server _4.0\platform\radio\rail_lib\autogen\librail_release\librail_efr32xg1_gcc_release.a(rail_tx.o)
                0x0001554a                RAILInt_PreTxOps
 .text.RAILCore_StartTx
                0x00015566       0x1a C:\Users\monis\Documents\Academics\IOT\Workspace_Project\Server _4.0\platform\radio\rail_lib\autogen\librail_release\librail_efr32xg1_gcc_release.a(rail_tx.o)
                0x00015566                RAILCore_StartTx
 .text.RAILCore_StartScheduledTx
                0x00015580       0x1e C:\Users\monis\Documents\Academics\IOT\Workspace_Project\Server _4.0\platform\radio\rail_lib\autogen\librail_release\librail_efr32xg1_gcc_release.a(rail_tx.o)
                0x00015580                RAILCore_StartScheduledTx
 .text.RAIL_SetTxPower
                0x0001559e        0xa C:\Users\monis\Documents\Academics\IOT\Workspace_Project\Server _4.0\platform\radio\rail_lib\autogen\librail_release\librail_efr32xg1_gcc_release.a(rail_tx.o)
                0x0001559e                RAIL_SetTxPower
 .text.RAIL_GetTxPower
                0x000155a8        0xa C:\Users\monis\Documents\Academics\IOT\Workspace_Project\Server _4.0\platform\radio\rail_lib\autogen\librail_release\librail_efr32xg1_gcc_release.a(rail_tx.o)
                0x000155a8                RAIL_GetTxPower
 .text.RAIL_ConfigTxPower
                0x000155b2       0x1a C:\Users\monis\Documents\Academics\IOT\Workspace_Project\Server _4.0\platform\radio\rail_lib\autogen\librail_release\librail_efr32xg1_gcc_release.a(rail_tx.o)
                0x000155b2                RAIL_ConfigTxPower
 .text.RAILInt_PendCal
                0x000155cc       0x24 C:\Users\monis\Documents\Academics\IOT\Workspace_Project\Server _4.0\platform\radio\rail_lib\autogen\librail_release\librail_efr32xg1_gcc_release.a(rail_calibration.o)
                0x000155cc                RAILInt_PendCal
 .text.RAILCb_AssertFailed
                0x000155f0       0x14 C:\Users\monis\Documents\Academics\IOT\Workspace_Project\Server _4.0\platform\radio\rail_lib\autogen\librail_release\librail_efr32xg1_gcc_release.a(rail_assert.o)
                0x000155f0                RAILCb_AssertFailed
 .text.RAILInt_Assert
                0x00015604       0x1c C:\Users\monis\Documents\Academics\IOT\Workspace_Project\Server _4.0\platform\radio\rail_lib\autogen\librail_release\librail_efr32xg1_gcc_release.a(rail_assert.o)
                0x00015604                RAILInt_Assert
 .text.RAILCore_GetRadioEntropy
                0x00015620        0x4 C:\Users\monis\Documents\Academics\IOT\Workspace_Project\Server _4.0\platform\radio\rail_lib\autogen\librail_release\librail_efr32xg1_gcc_release.a(rail_rssi.o)
                0x00015620                RAILCore_GetRadioEntropy
 .text.BUFC_ReadHelper
                0x00015624       0x7c C:\Users\monis\Documents\Academics\IOT\Workspace_Project\Server _4.0\platform\radio\rail_lib\autogen\librail_release\librail_efr32xg1_gcc_release.a(bufc.o)
 .text.checkAndAddRxLenOverflowEntry
                0x000156a0       0x3c C:\Users\monis\Documents\Academics\IOT\Workspace_Project\Server _4.0\platform\radio\rail_lib\autogen\librail_release\librail_efr32xg1_gcc_release.a(bufc.o)
 .text.BUFC_SetTxBuffer
                0x000156dc       0x38 C:\Users\monis\Documents\Academics\IOT\Workspace_Project\Server _4.0\platform\radio\rail_lib\autogen\librail_release\librail_efr32xg1_gcc_release.a(bufc.o)
                0x000156dc                BUFC_SetTxBuffer
 .text.BUFC_WriteBuffer
                0x00015714       0xa8 C:\Users\monis\Documents\Academics\IOT\Workspace_Project\Server _4.0\platform\radio\rail_lib\autogen\librail_release\librail_efr32xg1_gcc_release.a(bufc.o)
                0x00015714                BUFC_WriteBuffer
 .text.BUFC_Peek
                0x000157bc       0x12 C:\Users\monis\Documents\Academics\IOT\Workspace_Project\Server _4.0\platform\radio\rail_lib\autogen\librail_release\librail_efr32xg1_gcc_release.a(bufc.o)
                0x000157bc                BUFC_Peek
 .text.BUFC_PeekByte
                0x000157ce       0x34 C:\Users\monis\Documents\Academics\IOT\Workspace_Project\Server _4.0\platform\radio\rail_lib\autogen\librail_release\librail_efr32xg1_gcc_release.a(bufc.o)
                0x000157ce                BUFC_PeekByte
 *fill*         0x00015802        0x2 
 .text.BUFC_GetSpaceAvailable
                0x00015804       0x28 C:\Users\monis\Documents\Academics\IOT\Workspace_Project\Server _4.0\platform\radio\rail_lib\autogen\librail_release\librail_efr32xg1_gcc_release.a(bufc.o)
                0x00015804                BUFC_GetSpaceAvailable
 .text.BUFC_GetBytesAvailable
                0x0001582c       0x14 C:\Users\monis\Documents\Academics\IOT\Workspace_Project\Server _4.0\platform\radio\rail_lib\autogen\librail_release\librail_efr32xg1_gcc_release.a(bufc.o)
                0x0001582c                BUFC_GetBytesAvailable
 .text.BUFC_TxAckBufferSet
                0x00015840       0x38 C:\Users\monis\Documents\Academics\IOT\Workspace_Project\Server _4.0\platform\radio\rail_lib\autogen\librail_release\librail_efr32xg1_gcc_release.a(bufc.o)
                0x00015840                BUFC_TxAckBufferSet
 .text.BUFC_TxAckBufferReset
                0x00015878        0x8 C:\Users\monis\Documents\Academics\IOT\Workspace_Project\Server _4.0\platform\radio\rail_lib\autogen\librail_release\librail_efr32xg1_gcc_release.a(bufc.o)
                0x00015878                BUFC_TxAckBufferReset
 .text.BUFC_RxBufferReset
                0x00015880       0x5c C:\Users\monis\Documents\Academics\IOT\Workspace_Project\Server _4.0\platform\radio\rail_lib\autogen\librail_release\librail_efr32xg1_gcc_release.a(bufc.o)
                0x00015880                BUFC_RxBufferReset
 .text.BUFC_Init
                0x000158dc       0x98 C:\Users\monis\Documents\Academics\IOT\Workspace_Project\Server _4.0\platform\radio\rail_lib\autogen\librail_release\librail_efr32xg1_gcc_release.a(bufc.o)
                0x000158dc                BUFC_Init
 .text.BUFC_RxBufferBytesAvailable
                0x00015974       0x10 C:\Users\monis\Documents\Academics\IOT\Workspace_Project\Server _4.0\platform\radio\rail_lib\autogen\librail_release\librail_efr32xg1_gcc_release.a(bufc.o)
                0x00015974                BUFC_RxBufferBytesAvailable
 .text.BUFC_ReleaseRxPacket
                0x00015984      0x10c C:\Users\monis\Documents\Academics\IOT\Workspace_Project\Server _4.0\platform\radio\rail_lib\autogen\librail_release\librail_efr32xg1_gcc_release.a(bufc.o)
                0x00015984                BUFC_ReleaseRxPacket
 .text.BUFC_StartRxLenThrEvent
                0x00015a90       0x8c C:\Users\monis\Documents\Academics\IOT\Workspace_Project\Server _4.0\platform\radio\rail_lib\autogen\librail_release\librail_efr32xg1_gcc_release.a(bufc.o)
                0x00015a90                BUFC_StartRxLenThrEvent
 .text.BUFC_EndRxLenThrEvent
                0x00015b1c       0x1c C:\Users\monis\Documents\Academics\IOT\Workspace_Project\Server _4.0\platform\radio\rail_lib\autogen\librail_release\librail_efr32xg1_gcc_release.a(bufc.o)
                0x00015b1c                BUFC_EndRxLenThrEvent
 .text.BUFC_HandleRxLenOvfEvent
                0x00015b38       0x28 C:\Users\monis\Documents\Academics\IOT\Workspace_Project\Server _4.0\platform\radio\rail_lib\autogen\librail_release\librail_efr32xg1_gcc_release.a(bufc.o)
                0x00015b38                BUFC_HandleRxLenOvfEvent
 .text.BUFC_GetRxPacketInfo
                0x00015b60      0x138 C:\Users\monis\Documents\Academics\IOT\Workspace_Project\Server _4.0\platform\radio\rail_lib\autogen\librail_release\librail_efr32xg1_gcc_release.a(bufc.o)
                0x00015b60                BUFC_GetRxPacketInfo
 .text.IRCAL_Set
                0x00015c98       0x1c C:\Users\monis\Documents\Academics\IOT\Workspace_Project\Server _4.0\platform\radio\rail_lib\autogen\librail_release\librail_efr32xg1_gcc_release.a(ir_cal.o)
                0x00015c98                IRCAL_Set
 .text.IRCAL_Init
                0x00015cb4       0xa8 C:\Users\monis\Documents\Academics\IOT\Workspace_Project\Server _4.0\platform\radio\rail_lib\autogen\librail_release\librail_efr32xg1_gcc_release.a(ir_cal.o)
                0x00015cb4                IRCAL_Init
 .text.PA_ProtectPa
                0x00015d5c       0xbc C:\Users\monis\Documents\Academics\IOT\Workspace_Project\Server _4.0\platform\radio\rail_lib\autogen\librail_release\librail_efr32xg1_gcc_release.a(pa.o)
 .text.getRampTimeFromLevelAndRate
                0x00015e18       0x20 C:\Users\monis\Documents\Academics\IOT\Workspace_Project\Server _4.0\platform\radio\rail_lib\autogen\librail_release\librail_efr32xg1_gcc_release.a(pa.o)
 .text.PA_GetTxPowerConfig
                0x00015e38       0x14 C:\Users\monis\Documents\Academics\IOT\Workspace_Project\Server _4.0\platform\radio\rail_lib\autogen\librail_release\librail_efr32xg1_gcc_release.a(pa.o)
                0x00015e38                PA_GetTxPowerConfig
 .text.PA_GetPowerLevel
                0x00015e4c        0xc C:\Users\monis\Documents\Academics\IOT\Workspace_Project\Server _4.0\platform\radio\rail_lib\autogen\librail_release\librail_efr32xg1_gcc_release.a(pa.o)
                0x00015e4c                PA_GetPowerLevel
 .text.PA_SetPowerLevel
                0x00015e58      0x194 C:\Users\monis\Documents\Academics\IOT\Workspace_Project\Server _4.0\platform\radio\rail_lib\autogen\librail_release\librail_efr32xg1_gcc_release.a(pa.o)
                0x00015e58                PA_SetPowerLevel
 .text.PA_RunPeakDetectorHigh
                0x00015fec       0x4c C:\Users\monis\Documents\Academics\IOT\Workspace_Project\Server _4.0\platform\radio\rail_lib\autogen\librail_release\librail_efr32xg1_gcc_release.a(pa.o)
                0x00015fec                PA_RunPeakDetectorHigh
 .text.PA_RunPeakDetectorLow
                0x00016038        0x2 C:\Users\monis\Documents\Academics\IOT\Workspace_Project\Server _4.0\platform\radio\rail_lib\autogen\librail_release\librail_efr32xg1_gcc_release.a(pa.o)
                0x00016038                PA_RunPeakDetectorLow
 *fill*         0x0001603a        0x2 
 .text.PA_RunBatHigh
                0x0001603c       0x2c C:\Users\monis\Documents\Academics\IOT\Workspace_Project\Server _4.0\platform\radio\rail_lib\autogen\librail_release\librail_efr32xg1_gcc_release.a(pa.o)
                0x0001603c                PA_RunBatHigh
 .text.PA_GetRampTime
                0x00016068        0xc C:\Users\monis\Documents\Academics\IOT\Workspace_Project\Server _4.0\platform\radio\rail_lib\autogen\librail_release\librail_efr32xg1_gcc_release.a(pa.o)
                0x00016068                PA_GetRampTime
 .text.PA_ConfigRamp
                0x00016074       0x20 C:\Users\monis\Documents\Academics\IOT\Workspace_Project\Server _4.0\platform\radio\rail_lib\autogen\librail_release\librail_efr32xg1_gcc_release.a(pa.o)
                0x00016074                PA_ConfigRamp
 .text.PA_CalcRampTime
                0x00016094       0x44 C:\Users\monis\Documents\Academics\IOT\Workspace_Project\Server _4.0\platform\radio\rail_lib\autogen\librail_release\librail_efr32xg1_gcc_release.a(pa.o)
                0x00016094                PA_CalcRampTime
 .text.PA_SetRampTime
                0x000160d8       0xac C:\Users\monis\Documents\Academics\IOT\Workspace_Project\Server _4.0\platform\radio\rail_lib\autogen\librail_release\librail_efr32xg1_gcc_release.a(pa.o)
                0x000160d8                PA_SetRampTime
 .text.PA_SelectBand
                0x00016184       0x50 C:\Users\monis\Documents\Academics\IOT\Workspace_Project\Server _4.0\platform\radio\rail_lib\autogen\librail_release\librail_efr32xg1_gcc_release.a(pa.o)
                0x00016184                PA_SelectBand
 .text.PA_Config
                0x000161d4      0x15c C:\Users\monis\Documents\Academics\IOT\Workspace_Project\Server _4.0\platform\radio\rail_lib\autogen\librail_release\librail_efr32xg1_gcc_release.a(pa.o)
                0x000161d4                PA_Config
 .text.PA_UpdateConfig
                0x00016330       0x38 C:\Users\monis\Documents\Academics\IOT\Workspace_Project\Server _4.0\platform\radio\rail_lib\autogen\librail_release\librail_efr32xg1_gcc_release.a(pa.o)
                0x00016330                PA_UpdateConfig
 .text.PROTIMER_Init
                0x00016368      0x108 C:\Users\monis\Documents\Academics\IOT\Workspace_Project\Server _4.0\platform\radio\rail_lib\autogen\librail_release\librail_efr32xg1_gcc_release.a(protimer.o)
                0x00016368                PROTIMER_Init
 .text.PROTIMER_Start
                0x00016470       0x1c C:\Users\monis\Documents\Academics\IOT\Workspace_Project\Server _4.0\platform\radio\rail_lib\autogen\librail_release\librail_efr32xg1_gcc_release.a(protimer.o)
                0x00016470                PROTIMER_Start
 .text.PROTIMER_IsRunning
                0x0001648c       0x10 C:\Users\monis\Documents\Academics\IOT\Workspace_Project\Server _4.0\platform\radio\rail_lib\autogen\librail_release\librail_efr32xg1_gcc_release.a(protimer.o)
                0x0001648c                PROTIMER_IsRunning
 .text.PROTIMER_ElapsedTime
                0x0001649c       0x18 C:\Users\monis\Documents\Academics\IOT\Workspace_Project\Server _4.0\platform\radio\rail_lib\autogen\librail_release\librail_efr32xg1_gcc_release.a(protimer.o)
                0x0001649c                PROTIMER_ElapsedTime
 .text.PROTIMER_CCTimerStop
                0x000164b4       0x20 C:\Users\monis\Documents\Academics\IOT\Workspace_Project\Server _4.0\platform\radio\rail_lib\autogen\librail_release\librail_efr32xg1_gcc_release.a(protimer.o)
                0x000164b4                PROTIMER_CCTimerStop
 .text.PROTIMER_CCTimerStart
                0x000164d4      0x164 C:\Users\monis\Documents\Academics\IOT\Workspace_Project\Server _4.0\platform\radio\rail_lib\autogen\librail_release\librail_efr32xg1_gcc_release.a(protimer.o)
                0x000164d4                PROTIMER_CCTimerStart
 .text.PROTIMER_WrapMultiple
                0x00016638       0x12 C:\Users\monis\Documents\Academics\IOT\Workspace_Project\Server _4.0\platform\radio\rail_lib\autogen\librail_release\librail_efr32xg1_gcc_release.a(protimer.o)
                0x00016638                PROTIMER_WrapMultiple
 *fill*         0x0001664a        0x2 
 .text.PROTIMER_CCTimerIsEnabled
                0x0001664c       0x10 C:\Users\monis\Documents\Academics\IOT\Workspace_Project\Server _4.0\platform\radio\rail_lib\autogen\librail_release\librail_efr32xg1_gcc_release.a(protimer.o)
                0x0001664c                PROTIMER_CCTimerIsEnabled
 .text.PROTIMER_CCTimerCapture
                0x0001665c       0x14 C:\Users\monis\Documents\Academics\IOT\Workspace_Project\Server _4.0\platform\radio\rail_lib\autogen\librail_release\librail_efr32xg1_gcc_release.a(protimer.o)
                0x0001665c                PROTIMER_CCTimerCapture
 .text.PROTIMER_ScheduleTxEnable
                0x00016670       0x2c C:\Users\monis\Documents\Academics\IOT\Workspace_Project\Server _4.0\platform\radio\rail_lib\autogen\librail_release\librail_efr32xg1_gcc_release.a(protimer.o)
                0x00016670                PROTIMER_ScheduleTxEnable
 .text.PROTIMER_ClearTxEnable
                0x0001669c        0xc C:\Users\monis\Documents\Academics\IOT\Workspace_Project\Server _4.0\platform\radio\rail_lib\autogen\librail_release\librail_efr32xg1_gcc_release.a(protimer.o)
                0x0001669c                PROTIMER_ClearTxEnable
 .text.PROTIMER_ScheduleRxEnable
                0x000166a8       0x2c C:\Users\monis\Documents\Academics\IOT\Workspace_Project\Server _4.0\platform\radio\rail_lib\autogen\librail_release\librail_efr32xg1_gcc_release.a(protimer.o)
                0x000166a8                PROTIMER_ScheduleRxEnable
 .text.PROTIMER_ScheduleRxDisable
                0x000166d4       0x38 C:\Users\monis\Documents\Academics\IOT\Workspace_Project\Server _4.0\platform\radio\rail_lib\autogen\librail_release\librail_efr32xg1_gcc_release.a(protimer.o)
                0x000166d4                PROTIMER_ScheduleRxDisable
 .text.PROTIMER_ClearRxEnable
                0x0001670c       0x10 C:\Users\monis\Documents\Academics\IOT\Workspace_Project\Server _4.0\platform\radio\rail_lib\autogen\librail_release\librail_efr32xg1_gcc_release.a(protimer.o)
                0x0001670c                PROTIMER_ClearRxEnable
 .text.PROTIMER_GetTime
                0x0001671c        0xc C:\Users\monis\Documents\Academics\IOT\Workspace_Project\Server _4.0\platform\radio\rail_lib\autogen\librail_release\librail_efr32xg1_gcc_release.a(protimer.o)
                0x0001671c                PROTIMER_GetTime
 .text.PROTIMER_GetCCTime
                0x00016728        0xc C:\Users\monis\Documents\Academics\IOT\Workspace_Project\Server _4.0\platform\radio\rail_lib\autogen\librail_release\librail_efr32xg1_gcc_release.a(protimer.o)
                0x00016728                PROTIMER_GetCCTime
 .text.PROTIMER_LBTStop
                0x00016734       0x18 C:\Users\monis\Documents\Academics\IOT\Workspace_Project\Server _4.0\platform\radio\rail_lib\autogen\librail_release\librail_efr32xg1_gcc_release.a(protimer.o)
                0x00016734                PROTIMER_LBTStop
 .text.PROTIMER_PrecntOverflowToUs
                0x0001674c       0x38 C:\Users\monis\Documents\Academics\IOT\Workspace_Project\Server _4.0\platform\radio\rail_lib\autogen\librail_release\librail_efr32xg1_gcc_release.a(protimer.o)
                0x0001674c                PROTIMER_PrecntOverflowToUs
 .text.PROTIMER_UsToPrecntOverflow
                0x00016784       0x2c C:\Users\monis\Documents\Academics\IOT\Workspace_Project\Server _4.0\platform\radio\rail_lib\autogen\librail_release\librail_efr32xg1_gcc_release.a(protimer.o)
                0x00016784                PROTIMER_UsToPrecntOverflow
 .text.PROTIMER_DelayUs
                0x000167b0       0x44 C:\Users\monis\Documents\Academics\IOT\Workspace_Project\Server _4.0\platform\radio\rail_lib\autogen\librail_release\librail_efr32xg1_gcc_release.a(protimer.o)
                0x000167b0                PROTIMER_DelayUs
 .text.PROTIMER_CheckCcaReallyFailed
                0x000167f4       0xbc C:\Users\monis\Documents\Academics\IOT\Workspace_Project\Server _4.0\platform\radio\rail_lib\autogen\librail_release\librail_efr32xg1_gcc_release.a(protimer.o)
                0x000167f4                PROTIMER_CheckCcaReallyFailed
 .text.PTI_EnableAppendedInfo
                0x000168b0       0x18 C:\Users\monis\Documents\Academics\IOT\Workspace_Project\Server _4.0\platform\radio\rail_lib\autogen\librail_release\librail_efr32xg1_gcc_release.a(pti.o)
                0x000168b0                PTI_EnableAppendedInfo
 .text.PTI_Enable
                0x000168c8       0x58 C:\Users\monis\Documents\Academics\IOT\Workspace_Project\Server _4.0\platform\radio\rail_lib\autogen\librail_release\librail_efr32xg1_gcc_release.a(pti.o)
                0x000168c8                PTI_Enable
 .text.PTI_AuxdataOutput
                0x00016920       0x1c C:\Users\monis\Documents\Academics\IOT\Workspace_Project\Server _4.0\platform\radio\rail_lib\autogen\librail_release\librail_efr32xg1_gcc_release.a(pti.o)
                0x00016920                PTI_AuxdataOutput
 .text.PTI_EnableSyncword
                0x0001693c       0x18 C:\Users\monis\Documents\Academics\IOT\Workspace_Project\Server _4.0\platform\radio\rail_lib\autogen\librail_release\librail_efr32xg1_gcc_release.a(pti.o)
                0x0001693c                PTI_EnableSyncword
 .text.RADIO_SetAndForgetWrite
                0x00016954       0x8c C:\Users\monis\Documents\Academics\IOT\Workspace_Project\Server _4.0\platform\radio\rail_lib\autogen\librail_release\librail_efr32xg1_gcc_release.a(radio.o)
                0x00016954                RADIO_SetAndForgetWrite
 .text.RADIO_SeqInit
                0x000169e0       0x68 C:\Users\monis\Documents\Academics\IOT\Workspace_Project\Server _4.0\platform\radio\rail_lib\autogen\librail_release\librail_efr32xg1_gcc_release.a(radio.o)
                0x000169e0                RADIO_SeqInit
 .text.RADIO_CLKEnable
                0x00016a48       0x68 C:\Users\monis\Documents\Academics\IOT\Workspace_Project\Server _4.0\platform\radio\rail_lib\autogen\librail_release\librail_efr32xg1_gcc_release.a(radio.o)
                0x00016a48                RADIO_CLKEnable
 .text.RADIO_Init
                0x00016ab0       0x40 C:\Users\monis\Documents\Academics\IOT\Workspace_Project\Server _4.0\platform\radio\rail_lib\autogen\librail_release\librail_efr32xg1_gcc_release.a(radio.o)
                0x00016ab0                RADIO_Init
 .text.RADIO_Config
                0x00016af0       0xa8 C:\Users\monis\Documents\Academics\IOT\Workspace_Project\Server _4.0\platform\radio\rail_lib\autogen\librail_release\librail_efr32xg1_gcc_release.a(radio.o)
                0x00016af0                RADIO_Config
 .text.RADIO_IsRxOnForRssi
                0x00016b98       0x18 C:\Users\monis\Documents\Academics\IOT\Workspace_Project\Server _4.0\platform\radio\rail_lib\autogen\librail_release\librail_efr32xg1_gcc_release.a(radio.o)
                0x00016b98                RADIO_IsRxOnForRssi
 .text.RADIO_RxTrailDataLength
                0x00016bb0       0x3c C:\Users\monis\Documents\Academics\IOT\Workspace_Project\Server _4.0\platform\radio\rail_lib\autogen\librail_release\librail_efr32xg1_gcc_release.a(radio.o)
                0x00016bb0                RADIO_RxTrailDataLength
 .text.RADIO_FrameControlDescrBufferIdSet
                0x00016bec       0x20 C:\Users\monis\Documents\Academics\IOT\Workspace_Project\Server _4.0\platform\radio\rail_lib\autogen\librail_release\librail_efr32xg1_gcc_release.a(radio.o)
                0x00016bec                RADIO_FrameControlDescrBufferIdSet
 .text.RADIO_ComputeTxBaudrate
                0x00016c0c       0x28 C:\Users\monis\Documents\Academics\IOT\Workspace_Project\Server _4.0\platform\radio\rail_lib\autogen\librail_release\librail_efr32xg1_gcc_release.a(radio.o)
                0x00016c0c                RADIO_ComputeTxBaudrate
 .text.RADIO_ComputeTxSymbolRate
                0x00016c34       0x2c C:\Users\monis\Documents\Academics\IOT\Workspace_Project\Server _4.0\platform\radio\rail_lib\autogen\librail_release\librail_efr32xg1_gcc_release.a(radio.o)
                0x00016c34                RADIO_ComputeTxSymbolRate
 .text.RADIO_ComputeTxBitRate
                0x00016c60       0x50 C:\Users\monis\Documents\Academics\IOT\Workspace_Project\Server _4.0\platform\radio\rail_lib\autogen\librail_release\librail_efr32xg1_gcc_release.a(radio.o)
                0x00016c60                RADIO_ComputeTxBitRate
 .text.RADIO_GetRssi
                0x00016cb0       0x54 C:\Users\monis\Documents\Academics\IOT\Workspace_Project\Server _4.0\platform\radio\rail_lib\autogen\librail_release\librail_efr32xg1_gcc_release.a(radio.o)
                0x00016cb0                RADIO_GetRssi
 .text.RADIO_SetCRCInitVal
                0x00016d04       0x10 C:\Users\monis\Documents\Academics\IOT\Workspace_Project\Server _4.0\platform\radio\rail_lib\autogen\librail_release\librail_efr32xg1_gcc_release.a(radio.o)
                0x00016d04                RADIO_SetCRCInitVal
 .text.RADIO_RACClearRxOverflow
                0x00016d14       0x20 C:\Users\monis\Documents\Academics\IOT\Workspace_Project\Server _4.0\platform\radio\rail_lib\autogen\librail_release\librail_efr32xg1_gcc_release.a(radio.o)
                0x00016d14                RADIO_RACClearRxOverflow
 .text.RFSENSE_Disable
                0x00016d34       0x44 C:\Users\monis\Documents\Academics\IOT\Workspace_Project\Server _4.0\platform\radio\rail_lib\autogen\librail_release\librail_efr32xg1_gcc_release.a(rfsense.o)
 .text.RFSENSE_Sensed
                0x00016d78       0x50 C:\Users\monis\Documents\Academics\IOT\Workspace_Project\Server _4.0\platform\radio\rail_lib\autogen\librail_release\librail_efr32xg1_gcc_release.a(rfsense.o)
                0x00016d78                RFSENSE_Sensed
 .text.RFSENSE_IRQHandler
                0x00016dc8        0x4 C:\Users\monis\Documents\Academics\IOT\Workspace_Project\Server _4.0\platform\radio\rail_lib\autogen\librail_release\librail_efr32xg1_gcc_release.a(rfsense.o)
                0x00016dc8                RFSENSE_IRQHandler
 .text.RTCCSYNC_RTCCClockFreqGet
                0x00016dcc       0x30 C:\Users\monis\Documents\Academics\IOT\Workspace_Project\Server _4.0\platform\radio\rail_lib\autogen\librail_release\librail_efr32xg1_gcc_release.a(rtccsync.o)
 .text.RTCCSYNC_Init
                0x00016dfc       0x10 C:\Users\monis\Documents\Academics\IOT\Workspace_Project\Server _4.0\platform\radio\rail_lib\autogen\librail_release\librail_efr32xg1_gcc_release.a(rtccsync.o)
                0x00016dfc                RTCCSYNC_Init
 .text.RTCCSYNC_PreSleep
                0x00016e0c      0x260 C:\Users\monis\Documents\Academics\IOT\Workspace_Project\Server _4.0\platform\radio\rail_lib\autogen\librail_release\librail_efr32xg1_gcc_release.a(rtccsync.o)
                0x00016e0c                RTCCSYNC_PreSleep
 .text.RTCCSYNC_PostWakeUp
                0x0001706c      0x1c4 C:\Users\monis\Documents\Academics\IOT\Workspace_Project\Server _4.0\platform\radio\rail_lib\autogen\librail_release\librail_efr32xg1_gcc_release.a(rtccsync.o)
                0x0001706c                RTCCSYNC_PostWakeUp
 .text.SYNTH_RfFreqGet
                0x00017230        0xc C:\Users\monis\Documents\Academics\IOT\Workspace_Project\Server _4.0\platform\radio\rail_lib\autogen\librail_release\librail_efr32xg1_gcc_release.a(synth.o)
                0x00017230                SYNTH_RfFreqGet
 .text.SYNTH_ChSpacingGet
                0x0001723c        0xc C:\Users\monis\Documents\Academics\IOT\Workspace_Project\Server _4.0\platform\radio\rail_lib\autogen\librail_release\librail_efr32xg1_gcc_release.a(synth.o)
                0x0001723c                SYNTH_ChSpacingGet
 .text.SYNTH_LoDivGet
                0x00017248       0x20 C:\Users\monis\Documents\Academics\IOT\Workspace_Project\Server _4.0\platform\radio\rail_lib\autogen\librail_release\librail_efr32xg1_gcc_release.a(synth.o)
                0x00017248                SYNTH_LoDivGet
 .text.SYNTH_Is2p4GHz
                0x00017268       0x14 C:\Users\monis\Documents\Academics\IOT\Workspace_Project\Server _4.0\platform\radio\rail_lib\autogen\librail_release\librail_efr32xg1_gcc_release.a(synth.o)
                0x00017268                SYNTH_Is2p4GHz
 .text.SYNTH_VcoRangeIsValid
                0x0001727c       0x30 C:\Users\monis\Documents\Academics\IOT\Workspace_Project\Server _4.0\platform\radio\rail_lib\autogen\librail_release\librail_efr32xg1_gcc_release.a(synth.o)
                0x0001727c                SYNTH_VcoRangeIsValid
 .text.SYNTH_RetimeLimitsConfig
                0x000172ac       0x64 C:\Users\monis\Documents\Academics\IOT\Workspace_Project\Server _4.0\platform\radio\rail_lib\autogen\librail_release\librail_efr32xg1_gcc_release.a(synth.o)
                0x000172ac                SYNTH_RetimeLimitsConfig
 .text.SYNTH_RetimeClkConfig