Archive member included because of file (symbol)

C:\Users\monis\Documents\Academics\IOT\Workspace_Project\Client 3.0\platform\radio\rail_lib\autogen\librail_release\librail_efr32xg1_gcc_release.a(rail_pti.o)
                              ./pti.o (RAIL_ConfigPti)
C:\Users\monis\Documents\Academics\IOT\Workspace_Project\Client 3.0\platform\radio\rail_lib\autogen\librail_release\librail_efr32xg1_gcc_release.a(rail_rf_hal.o)
                              C:\Users\monis\Documents\Academics\IOT\Workspace_Project\Client 3.0\platform\radio\rail_lib\autogen\librail_release\librail_efr32xg1_gcc_release.a(rail_pti.o) (RFHAL_ConfigPti)
C:\Users\monis\Documents\Academics\IOT\Workspace_Project\Client 3.0\platform\radio\rail_lib\autogen\librail_release\librail_efr32xg1_gcc_release.a(rail_singleprotocol.o)
                              C:\Users\monis\Documents\Academics\IOT\Workspace_Project\Client 3.0\platform\radio\rail_lib\autogen\librail_release\librail_efr32xg1_gcc_release.a(rail_rf_hal.o) (RAIL_ActiveHandle)
C:\Users\monis\Documents\Academics\IOT\Workspace_Project\Client 3.0\platform\radio\rail_lib\autogen\librail_release\librail_efr32xg1_gcc_release.a(rail_rf.o)
                              C:\Users\monis\Documents\Academics\IOT\Workspace_Project\Client 3.0\platform\radio\rail_lib\autogen\librail_release\librail_efr32xg1_gcc_release.a(rail_singleprotocol.o) (RAILCore_Init)
C:\Users\monis\Documents\Academics\IOT\Workspace_Project\Client 3.0\platform\radio\rail_lib\autogen\librail_release\librail_efr32xg1_gcc_release.a(rail_rx.o)
                              C:\Users\monis\Documents\Academics\IOT\Workspace_Project\Client 3.0\platform\radio\rail_lib\autogen\librail_release\librail_efr32xg1_gcc_release.a(rail_rf_hal.o) (RAILCore_StartRx)
C:\Users\monis\Documents\Academics\IOT\Workspace_Project\Client 3.0\platform\radio\rail_lib\autogen\librail_release\librail_efr32xg1_gcc_release.a(rail_tx.o)
                              C:\Users\monis\Documents\Academics\IOT\Workspace_Project\Client 3.0\platform\radio\rail_lib\autogen\librail_release\librail_efr32xg1_gcc_release.a(rail_singleprotocol.o) (RAILCore_StartTx)
C:\Users\monis\Documents\Academics\IOT\Workspace_Project\Client 3.0\platform\radio\rail_lib\autogen\librail_release\librail_efr32xg1_gcc_release.a(rail_calibration.o)
                              C:\Users\monis\Documents\Academics\IOT\Workspace_Project\Client 3.0\platform\radio\rail_lib\autogen\librail_release\librail_efr32xg1_gcc_release.a(rail_rf_hal.o) (RAILInt_PendCal)
C:\Users\monis\Documents\Academics\IOT\Workspace_Project\Client 3.0\platform\radio\rail_lib\autogen\librail_release\librail_efr32xg1_gcc_release.a(rail_assert.o)
                              C:\Users\monis\Documents\Academics\IOT\Workspace_Project\Client 3.0\platform\radio\rail_lib\autogen\librail_release\librail_efr32xg1_gcc_release.a(rail_rf.o) (RAILInt_Assert)
C:\Users\monis\Documents\Academics\IOT\Workspace_Project\Client 3.0\platform\radio\rail_lib\autogen\librail_release\librail_efr32xg1_gcc_release.a(rail_rssi.o)
                              C:\Users\monis\Documents\Academics\IOT\Workspace_Project\Client 3.0\platform\radio\rail_lib\autogen\librail_release\librail_efr32xg1_gcc_release.a(rail_singleprotocol.o) (RAILCore_GetRssi)
C:\Users\monis\Documents\Academics\IOT\Workspace_Project\Client 3.0\platform\radio\rail_lib\autogen\librail_release\librail_efr32xg1_gcc_release.a(bufc.o)
                              C:\Users\monis\Documents\Academics\IOT\Workspace_Project\Client 3.0\platform\radio\rail_lib\autogen\librail_release\librail_efr32xg1_gcc_release.a(rail_rf_hal.o) (BUFC_SetTxBuffer)
C:\Users\monis\Documents\Academics\IOT\Workspace_Project\Client 3.0\platform\radio\rail_lib\autogen\librail_release\librail_efr32xg1_gcc_release.a(ir_cal.o)
                              C:\Users\monis\Documents\Academics\IOT\Workspace_Project\Client 3.0\platform\radio\rail_lib\autogen\librail_release\librail_efr32xg1_gcc_release.a(rail_rf_hal.o) (IRCAL_Set)
C:\Users\monis\Documents\Academics\IOT\Workspace_Project\Client 3.0\platform\radio\rail_lib\autogen\librail_release\librail_efr32xg1_gcc_release.a(pa.o)
                              C:\Users\monis\Documents\Academics\IOT\Workspace_Project\Client 3.0\platform\radio\rail_lib\autogen\librail_release\librail_efr32xg1_gcc_release.a(rail_rf_hal.o) (PA_GetTxPowerConfig)
C:\Users\monis\Documents\Academics\IOT\Workspace_Project\Client 3.0\platform\radio\rail_lib\autogen\librail_release\librail_efr32xg1_gcc_release.a(protimer.o)
                              C:\Users\monis\Documents\Academics\IOT\Workspace_Project\Client 3.0\platform\radio\rail_lib\autogen\librail_release\librail_efr32xg1_gcc_release.a(rail_rf_hal.o) (PROTIMER_Start)
C:\Users\monis\Documents\Academics\IOT\Workspace_Project\Client 3.0\platform\radio\rail_lib\autogen\librail_release\librail_efr32xg1_gcc_release.a(pti.o)
[...]
Memory Configuration

Name             Origin             Length             Attributes
FLASH_BOOTLOADER 0x00000000         0x00004000         xr
FLASH            0x00004000         0x0003b000         xr
RAM              0x20000000         0x00007bfc         xrw
*default*        0x00000000         0xffffffff

Linker script and memory map

LOAD c:/siliconlabs/simplicitystudio/v4/developer/toolchains/gnu_arm/4.9_2015q3/bin/../lib/gcc/arm-none-eabi/4.9.3/armv7e-m/softfp/crti.o
LOAD c:/siliconlabs/simplicitystudio/v4/developer/toolchains/gnu_arm/4.9_2015q3/bin/../lib/gcc/arm-none-eabi/4.9.3/armv7e-m/softfp/crtbegin.o
LOAD c:/siliconlabs/simplicitystudio/v4/developer/toolchains/gnu_arm/4.9_2015q3/bin/../lib/gcc/arm-none-eabi/4.9.3/../../../../arm-none-eabi/lib/armv7e-m/softfp/crt0.o
START GROUP
LOAD ./application_properties.o
LOAD ./gatt_db.o
LOAD ./init_app.o
LOAD ./init_board.o
LOAD ./init_mcu.o
LOAD ./main.o
LOAD ./pti.o
LOAD ./hardware/kit/common/bsp/bsp_stk.o
LOAD ./hardware/kit/common/drivers/mx25flash_spi.o
LOAD ./lcd/bmp.o
LOAD ./lcd/display.o
LOAD ./lcd/displayls013b7dh03.o
LOAD ./lcd/displaypalemlib.o
LOAD ./lcd/dmd.o
LOAD ./lcd/glib.o
LOAD ./lcd/glib_bitmap.o
LOAD ./lcd/glib_circle.o
LOAD ./lcd/glib_font_narrow_6x8.o
LOAD ./lcd/glib_font_normal_8x8.o
LOAD ./lcd/glib_font_number_16x20.o
LOAD ./lcd/glib_line.o
LOAD ./lcd/glib_polygon.o
LOAD ./lcd/glib_rectangle.o
LOAD ./lcd/glib_string.o
LOAD ./lcd/graphics.o
LOAD ./lcd/retargettextdisplay.o
LOAD ./lcd/udelay.o
LOAD ./platform/Device/SiliconLabs/EFR32BG1B/Source/GCC/startup_efr32bg1b.o
LOAD ./platform/Device/SiliconLabs/EFR32BG1B/Source/system_efr32bg1b.o
LOAD ./platform/emdrv/sleep/src/sleep.o
LOAD ./platform/emdrv/tempdrv/src/tempdrv.o
LOAD ./platform/emlib/src/em_acmp.o
LOAD ./platform/emlib/src/em_adc.o
LOAD ./platform/emlib/src/em_aes.o
LOAD ./platform/emlib/src/em_assert.o
LOAD ./platform/emlib/src/em_burtc.o
LOAD ./platform/emlib/src/em_can.o
LOAD ./platform/emlib/src/em_cmu.o
LOAD ./platform/emlib/src/em_core.o
LOAD ./platform/emlib/src/em_cryotimer.o
LOAD ./platform/emlib/src/em_crypto.o
LOAD ./platform/emlib/src/em_csen.o
LOAD ./platform/emlib/src/em_dac.o
LOAD ./platform/emlib/src/em_dbg.o
LOAD ./platform/emlib/src/em_dma.o
LOAD ./platform/emlib/src/em_ebi.o
LOAD ./platform/emlib/src/em_emu.o
LOAD ./platform/emlib/src/em_gpcrc.o
LOAD ./platform/emlib/src/em_gpio.o
LOAD ./platform/emlib/src/em_i2c.o
LOAD ./platform/emlib/src/em_idac.o
LOAD ./platform/emlib/src/em_int.o
LOAD ./platform/emlib/src/em_lcd.o
LOAD ./platform/emlib/src/em_ldma.o
LOAD ./platform/emlib/src/em_lesense.o
LOAD ./platform/emlib/src/em_letimer.o
LOAD ./platform/emlib/src/em_leuart.o
LOAD ./platform/emlib/src/em_mpu.o
LOAD ./platform/emlib/src/em_msc.o
LOAD ./platform/emlib/src/em_opamp.o
LOAD ./platform/emlib/src/em_pcnt.o
LOAD ./platform/emlib/src/em_prs.o
LOAD ./platform/emlib/src/em_qspi.o
LOAD ./platform/emlib/src/em_rmu.o
LOAD ./platform/emlib/src/em_rtc.o
LOAD ./platform/emlib/src/em_rtcc.o
LOAD ./platform/emlib/src/em_system.o
LOAD ./platform/emlib/src/em_timer.o
LOAD ./platform/emlib/src/em_usart.o
LOAD ./platform/emlib/src/em_vcmp.o
LOAD ./platform/emlib/src/em_vdac.o
LOAD ./platform/emlib/src/em_wdog.o
LOAD ./src/black_box.o
LOAD ./src/chassis.o
LOAD ./src/cmu.o
LOAD ./src/gpio.o
LOAD ./src/letimer.o
LOAD ./src/mitm.o
LOAD ./src/persistent_memory.o
LOAD C:\Users\monis\Documents\Academics\IOT\Workspace_Project\Client 3.0\platform\radio\rail_lib\autogen\librail_release\librail_efr32xg1_gcc_release.a
LOAD C:\Users\monis\Documents\Academics\IOT\Workspace_Project\Client 3.0\protocol\bluetooth_2.7\lib\EFR32BG1B\GCC\libpsstore.a
LOAD C:\Users\monis\Documents\Academics\IOT\Workspace_Project\Client 3.0\protocol\bluetooth_2.7\lib\EFR32BG1B\GCC\binapploader.o
LOAD C:\Users\monis\Documents\Academics\IOT\Workspace_Project\Client 3.0\protocol\bluetooth_2.7\lib\EFR32BG1B\GCC\libmbedtls.a
LOAD C:\Users\monis\Documents\Academics\IOT\Workspace_Project\Client 3.0\protocol\bluetooth_2.7\lib\EFR32BG1B\GCC\libbluetooth.a
LOAD c:/siliconlabs/simplicitystudio/v4/developer/toolchains/gnu_arm/4.9_2015q3/bin/../lib/gcc/arm-none-eabi/4.9.3/../../../../arm-none-eabi/lib/armv7e-m/softfp\libm.a
END GROUP
START GROUP
LOAD c:/siliconlabs/simplicitystudio/v4/developer/toolchains/gnu_arm/4.9_2015q3/bin/../lib/gcc/arm-none-eabi/4.9.3/armv7e-m/softfp\libgcc.a
LOAD c:/siliconlabs/simplicitystudio/v4/developer/toolchains/gnu_arm/4.9_2015q3/bin/../lib/gcc/arm-none-eabi/4.9.3/../../../../arm-none-eabi/lib/armv7e-m/softfp\libc_nano.a
LOAD c:/siliconlabs/simplicitystudio/v4/developer/toolchains/gnu_arm/4.9_2015q3/bin/../lib/gcc/arm-none-eabi/4.9.3/../../../../arm-none-eabi/lib/armv7e-m/softfp\libnosys.a
END GROUP
START GROUP
LOAD c:/siliconlabs/simplicitystudio/v4/developer/toolchains/gnu_arm/4.9_2015q3/bin/../lib/gcc/arm-none-eabi/4.9.3/armv7e-m/softfp\libgcc.a
LOAD c:/siliconlabs/simplicitystudio/v4/developer/toolchains/gnu_arm/4.9_2015q3/bin/../lib/gcc/arm-none-eabi/4.9.3/../../../../arm-none-eabi/lib/armv7e-m/softfp\libg_nano.a
LOAD c:/siliconlabs/simplicitystudio/v4/developer/toolchains/gnu_arm/4.9_2015q3/bin/../lib/gcc/arm-none-eabi/4.9.3/../../../../arm-none-eabi/lib/armv7e-m/softfp\libc_nano.a
END GROUP
START GROUP
LOAD c:/siliconlabs/simplicitystudio/v4/developer/toolchains/gnu_arm/4.9_2015q3/bin/../lib/gcc/arm-none-eabi/4.9.3/armv7e-m/softfp\libgcc.a
LOAD c:/siliconlabs/simplicitystudio/v4/developer/toolchains/gnu_arm/4.9_2015q3/bin/../lib/gcc/arm-none-eabi/4.9.3/../../../../arm-none-eabi/lib/armv7e-m/softfp\libc_nano.a
END GROUP
LOAD c:/siliconlabs/simplicitystudio/v4/developer/toolchains/gnu_arm/4.9_2015q3/bin/../lib/gcc/arm-none-eabi/4.9.3/armv7e-m/softfp/crtend.o
LOAD c:/siliconlabs/simplicitystudio/v4/developer/toolchains/gnu_arm/4.9_2015q3/bin/../lib/gcc/arm-none-eabi/4.9.3/armv7e-m/softfp/crtn.o

.text_bootloader
                0x00000000        0x0
 *(.binbootloader*)
                0x00000000                . = ALIGN (0x4000)

.text_apploader
                0x00004000     0x8fc0
 *(.binapploader*)
 .binapploader  0x00004000     0x8fc0 C:\Users\monis\Documents\Academics\IOT\Workspace_Project\Client 3.0\protocol\bluetooth_2.7\lib\EFR32BG1B\GCC\binapploader.o

.text_signature
                0x0000cfc0       0x40
                0x0000d000                . = ALIGN (0x800)
 *fill*         0x0000cfc0       0x40 
                0x0000d000                __text_start__ = .

.text_application
                0x0000d000    0x22e44
 *(.vectors)
 .vectors       0x0000d000       0xc8 ./platform/Device/SiliconLabs/EFR32BG1B/Source/GCC/startup_efr32bg1b.o
                0x0000d000                __Vectors
                0x0000d0c8                __Vectors_End = .
                0x000000c8                __Vectors_Size = (__Vectors_End - __Vectors)
                0x0000d0c8                __end__ = .
 *(.application_properties)
 .application_properties
                0x0000d0c8       0x38 ./application_properties.o
                0x0000d0c8                applicationProperties
 *(.gecko_configuration)
 *(.xo_configuration)
 *(.gatt_header)
 .gatt_header   0x0000d100       0x34 ./gatt_db.o
                0x0000d100                bg_gattdb_data
 *(.gatt_data)
 .gatt_data     0x0000d134      0x1d5 ./gatt_db.o
                0x0000d134                bg_gattdb_data_uuidtable_16_map
                0x0000d150                bg_gattdb_data_uuidtable_128_map
                0x0000d170                bg_gattdb_data_attribute_field_18
                0x0000d178                bg_gattdb_data_attribute_field_17
                0x0000d190                bg_gattdb_data_attribute_field_16
                0x0000d1a4                bg_gattdb_data_attribute_field_15
                0x0000d1ac                bg_gattdb_data_attribute_field_14
                0x0000d1b4                bg_gattdb_data_attribute_field_13
                0x0000d1c0                bg_gattdb_data_attribute_field_12
                0x0000d1c8                bg_gattdb_data_attribute_field_11
                0x0000d1d8                bg_gattdb_data_attribute_field_10
                0x0000d1e0                bg_gattdb_data_attribute_field_9
                0x0000d1e4                bg_gattdb_data_attribute_field_8
                0x0000d1e8                bg_gattdb_data_attribute_field_7
                0x0000d1f0                bg_gattdb_data_attribute_field_6
                0x0000d1f8                bg_gattdb_data_attribute_field_5
                0x0000d200                bg_gattdb_data_attribute_field_4
                0x0000d204                bg_gattdb_data_attribute_field_2
                0x0000d20c                bg_gattdb_data_attribute_field_1
                0x0000d214                bg_gattdb_data_attribute_field_0
                0x0000d218                bg_gattdb_data_attributes_map
                0x0000d2fc                bg_gattdb_data_attributes_dynamic_mapping_map
                0x0000d304                bg_gattdb_data_adv_uuid16_map
                0x0000d308                bg_gattdb_data_adv_uuid128_map
 *(.text*)
 *fill*         0x0000d309        0x3 
 .text          0x0000d30c       0x5c c:/siliconlabs/simplicitystudio/v4/developer/toolchains/gnu_arm/4.9_2015q3/bin/../lib/gcc/arm-none-eabi/4.9.3/armv7e-m/softfp/crtbegin.o
 .text          0x0000d368       0x74 c:/siliconlabs/simplicitystudio/v4/developer/toolchains/gnu_arm/4.9_2015q3/bin/../lib/gcc/arm-none-eabi/4.9.3/../../../../arm-none-eabi/lib/armv7e-m/softfp/crt0.o
                0x0000d368                _start
                0x0000d368                _mainCRTStartup
 .text.initBoard
                0x0000d3dc       0x48 ./init_board.o
                0x0000d3dc                initBoard
 .text.BUS_RegBitWrite
                0x0000d424       0x2c ./init_mcu.o
 .text.SYSTEM_GetProdRev
                0x0000d450       0x1c ./init_mcu.o
 .text.CHIP_Init
                0x0000d46c       0xb4 ./init_mcu.o
 .text.initMcu  0x0000d520       0x70 ./init_mcu.o
                0x0000d520                initMcu
 .text.initMcu_clocks
                0x0000d590       0xa4 ./init_mcu.o
 .text.BUS_RegBitWrite
                0x0000d634       0x2c ./main.o
 .text.BUS_RegBitRead
                0x0000d660       0x2c ./main.o
 .text.GPIO_PinInGet
                0x0000d68c       0x54 ./main.o
 .text.gecko_initCoexHAL
                0x0000d6e0        0xc ./main.o
 .text.gecko_init
                0x0000d6ec       0x48 ./main.o
 .text.gecko_cmd_le_gap_open
                0x0000d734       0x6c ./main.o
 .text.gecko_cmd_le_gap_discover
                0x0000d7a0       0x50 ./main.o
 .text.gecko_cmd_le_gap_end_procedure
                0x0000d7f0       0x48 ./main.o
 .text.gecko_cmd_gatt_discover_primary_services_by_uuid
                0x0000d838       0x8c ./main.o
 .text.gecko_cmd_gatt_discover_characteristics
                0x0000d8c4       0x5c ./main.o
 .text.gecko_cmd_gatt_write_characteristic_value_without_response
                0x0000d920       0x98 ./main.o
 .text.gecko_cmd_sm_set_bondable_mode
                0x0000d9b8       0x50 ./main.o
 .text.gecko_cmd_sm_configure
                0x0000da08       0x5c ./main.o
 .text.gecko_cmd_sm_increase_security
                0x0000da64       0x50 ./main.o
 .text.gecko_cmd_sm_delete_bondings
                0x0000dab4       0x48 ./main.o
 .text.SYSTEM_GetProdRev
                0x0000dafc       0x1c ./main.o
 .text.CHIP_Init
                0x0000db18       0xb4 ./main.o
 .text.reset_variables
                0x0000dbcc       0x34 ./main.o
 .text.process_scan_response
                0x0000dc00       0xbc ./main.o
 .text.main     0x0000dcbc      0x504 ./main.o
                0x0000dcbc                main
 .text.BUS_RegMaskedSet
                0x0000e1c0       0x24 ./hardware/kit/common/drivers/mx25flash_spi.o
 .text.BUS_RegMaskedClear
                0x0000e1e4       0x24 ./hardware/kit/common/drivers/mx25flash_spi.o
 .text.GPIO_PinOutClear
                0x0000e208       0x58 ./hardware/kit/common/drivers/mx25flash_spi.o
 .text.GPIO_PinOutSet
                0x0000e260       0x58 ./hardware/kit/common/drivers/mx25flash_spi.o
 .text.MX25_init
                0x0000e2b8       0x98 ./hardware/kit/common/drivers/mx25flash_spi.o
                0x0000e2b8                MX25_init
 .text.Wait_Flash_WarmUp
                0x0000e350       0x24 ./hardware/kit/common/drivers/mx25flash_spi.o
                0x0000e350                Wait_Flash_WarmUp
 .text.Initial_Spi
                0x0000e374        0xc ./hardware/kit/common/drivers/mx25flash_spi.o
                0x0000e374                Initial_Spi
 .text.CS_Low   0x0000e380       0x10 ./hardware/kit/common/drivers/mx25flash_spi.o
                0x0000e380                CS_Low
 .text.CS_High  0x0000e390       0x10 ./hardware/kit/common/drivers/mx25flash_spi.o
                0x0000e390                CS_High
 .text.InsertDummyCycle
                0x0000e3a0       0x38 ./hardware/kit/common/drivers/mx25flash_spi.o
                0x0000e3a0                InsertDummyCycle
 .text.SendByte
                0x0000e3d8       0x3c ./hardware/kit/common/drivers/mx25flash_spi.o
                0x0000e3d8                SendByte
 .text.MX25_DP  0x0000e414       0x34 ./hardware/kit/common/drivers/mx25flash_spi.o
                0x0000e414                MX25_DP
 .text.DISPLAY_Init
                0x0000e448       0x54 ./lcd/display.o
                0x0000e448                DISPLAY_Init
 .text.DISPLAY_DeviceGet
                0x0000e49c       0x60 ./lcd/display.o
                0x0000e49c                DISPLAY_DeviceGet
 .text.DISPLAY_DeviceRegister
                0x0000e4fc       0x6c ./lcd/display.o
                0x0000e4fc                DISPLAY_DeviceRegister
 .text.DISPLAY_Ls013b7dh03Init
                0x0000e568       0xdc ./lcd/displayls013b7dh03.o
                0x0000e568                DISPLAY_Ls013b7dh03Init
 .text.DriverRefresh
                0x0000e644       0x20 ./lcd/displayls013b7dh03.o
 .text.DisplayEnable
                0x0000e664       0x30 ./lcd/displayls013b7dh03.o
 .text.DisplayClear
                0x0000e694       0x48 ./lcd/displayls013b7dh03.o
 .text.DisplayPolarityInverse
                0x0000e6dc       0x14 ./lcd/displayls013b7dh03.o
 .text.PixelMatrixAllocate
                0x0000e6f0       0x70 ./lcd/displayls013b7dh03.o
 .text.PixelMatrixFree
                0x0000e760       0x1c ./lcd/displayls013b7dh03.o
 .text.PixelMatrixClear
                0x0000e77c       0x40 ./lcd/displayls013b7dh03.o
 .text.PixelMatrixDraw
                0x0000e7bc       0xb8 ./lcd/displayls013b7dh03.o
 .text.BUS_RegMaskedSet
                0x0000e874       0x24 ./lcd/displaypalemlib.o
 .text.BUS_RegMaskedClear
                0x0000e898       0x24 ./lcd/displaypalemlib.o
 .text.GPIO_PinOutClear
                0x0000e8bc       0x58 ./lcd/displaypalemlib.o
 .text.GPIO_PinOutSet
                0x0000e914       0x58 ./lcd/displaypalemlib.o
 .text.GPIO_PinOutToggle
                0x0000e96c       0x58 ./lcd/displaypalemlib.o
 .text.PAL_SpiInit
                0x0000e9c4       0x64 ./lcd/displaypalemlib.o
                0x0000e9c4                PAL_SpiInit
 .text.PAL_SpiTransmit
                0x0000ea28       0x74 ./lcd/displaypalemlib.o
                0x0000ea28                PAL_SpiTransmit
 .text.PAL_TimerInit
                0x0000ea9c       0x18 ./lcd/displaypalemlib.o
                0x0000ea9c                PAL_TimerInit
 .text.PAL_TimerMicroSecondsDelay
                0x0000eab4       0x1c ./lcd/displaypalemlib.o
                0x0000eab4                PAL_TimerMicroSecondsDelay
 .text.PAL_TimerRepeat
                0x0000ead0       0x30 ./lcd/displaypalemlib.o
                0x0000ead0                PAL_TimerRepeat
 .text.PAL_GpioInit
                0x0000eb00       0x20 ./lcd/displaypalemlib.o
                0x0000eb00                PAL_GpioInit
 .text.PAL_GpioPinModeSet
                0x0000eb20       0x44 ./lcd/displaypalemlib.o
                0x0000eb20                PAL_GpioPinModeSet
 .text.PAL_GpioPinOutSet
                0x0000eb64       0x24 ./lcd/displaypalemlib.o
                0x0000eb64                PAL_GpioPinOutSet
 .text.PAL_GpioPinOutClear
                0x0000eb88       0x24 ./lcd/displaypalemlib.o
                0x0000eb88                PAL_GpioPinOutClear
 .text.PAL_GpioPinOutToggle
                0x0000ebac       0x24 ./lcd/displaypalemlib.o
                0x0000ebac                PAL_GpioPinOutToggle
 .text.DMD_init
                0x0000ebd0       0xc8 ./lcd/dmd.o
                0x0000ebd0                DMD_init
 .text.DMD_getDisplayGeometry
                0x0000ec98       0x38 ./lcd/dmd.o
                0x0000ec98                DMD_getDisplayGeometry
 .text.DMD_setClippingArea
                0x0000ecd0       0x8c ./lcd/dmd.o
                0x0000ecd0                DMD_setClippingArea
 .text.DMD_writeColor
                0x0000ed5c      0x2b4 ./lcd/dmd.o
                0x0000ed5c                DMD_writeColor
 .text.DMD_allocateFramebuffer
                0x0000f010       0x54 ./lcd/dmd.o
                0x0000f010                DMD_allocateFramebuffer
 .text.DMD_updateDisplay
                0x0000f064      0x114 ./lcd/dmd.o
                0x0000f064                DMD_updateDisplay
 .text.GLIB_colorTranslate24bppInl
                0x0000f178       0x34 ./lcd/glib.o
 .text.GLIB_contextInit
                0x0000f1ac       0x84 ./lcd/glib.o
                0x0000f1ac                GLIB_contextInit
 .text.GLIB_setClippingRegion
                0x0000f230       0xa4 ./lcd/glib.o
                0x0000f230                GLIB_setClippingRegion
 .text.GLIB_clear
                0x0000f2d4       0x70 ./lcd/glib.o
                0x0000f2d4                GLIB_clear
 .text.GLIB_resetDisplayClippingArea
                0x0000f344       0x30 ./lcd/glib.o
                0x0000f344                GLIB_resetDisplayClippingArea
 .text.GLIB_applyClippingRegion
                0x0000f374       0x58 ./lcd/glib.o
                0x0000f374                GLIB_applyClippingRegion
 .text.GLIB_colorTranslate24bpp
                0x0000f3cc       0x20 ./lcd/glib.o
                0x0000f3cc                GLIB_colorTranslate24bpp
 .text.GLIB_drawPixel
                0x0000f3ec       0x6c ./lcd/glib.o
                0x0000f3ec                GLIB_drawPixel
 .text.GLIB_drawPixelColor
                0x0000f458       0x6c ./lcd/glib.o
                0x0000f458                GLIB_drawPixelColor
 .text.GLIB_rectContainsPoint
                0x0000f4c4       0x4c ./lcd/glib_rectangle.o
                0x0000f4c4                GLIB_rectContainsPoint
 .text.GLIB_drawChar
                0x0000f510      0x1d8 ./lcd/glib_string.o
                0x0000f510                GLIB_drawChar
 .text.GLIB_drawString
                0x0000f6e8       0xd0 ./lcd/glib_string.o
                0x0000f6e8                GLIB_drawString
 .text.GLIB_setFont
                0x0000f7b8       0x44 ./lcd/glib_string.o
                0x0000f7b8                GLIB_setFont
 .text.GRAPHICS_Init
                0x0000f7fc       0x58 ./lcd/graphics.o
                0x0000f7fc                GRAPHICS_Init
 .text.GRAPHICS_Update
                0x0000f854        0xc ./lcd/graphics.o
                0x0000f854                GRAPHICS_Update
 .text.GRAPHICS_Clear
                0x0000f860       0x24 ./lcd/graphics.o
                0x0000f860                GRAPHICS_Clear
 .text.GRAPHICS_AppendString
                0x0000f884       0x58 ./lcd/graphics.o
                0x0000f884                GRAPHICS_AppendString
 .text.rtcIntCallbackRegister
                0x0000f8dc       0x1c ./lcd/graphics.o
                0x0000f8dc                rtcIntCallbackRegister
 .text.NVIC_ClearPendingIRQ
                0x0000f8f8       0x34 ./lcd/udelay.o
 .text.RTCC_CounterGet
                0x0000f92c       0x18 ./lcd/udelay.o
 .text.UDELAY_Calibrate
                0x0000f944      0x190 ./lcd/udelay.o
                0x0000f944                UDELAY_Calibrate
 .text.UDELAY_Delay
                0x0000fad4       0x38 ./lcd/udelay.o
                0x0000fad4                UDELAY_Delay
 .text.calibrate_delay
                0x0000fb0c       0xd8 ./lcd/udelay.o
 .text.clock    0x0000fbe4       0x10 ./lcd/udelay.o
 .text._delay   0x0000fbf4       0x18 ./lcd/udelay.o
 .text.Reset_Handler
                0x0000fc0c       0x3c ./platform/Device/SiliconLabs/EFR32BG1B/Source/GCC/startup_efr32bg1b.o
                0x0000fc0c                Reset_Handler
 .text.Default_Handler
                0x0000fc48        0x8 ./platform/Device/SiliconLabs/EFR32BG1B/Source/GCC/startup_efr32bg1b.o
                0x0000fc48                DebugMon_Handler
                0x0000fc48                USART0_TX_IRQHandler
                0x0000fc48                I2C0_IRQHandler
                0x0000fc48                HardFault_Handler
                0x0000fc48                SysTick_Handler
                0x0000fc48                USART1_RX_IRQHandler
                0x0000fc48                PendSV_Handler
                0x0000fc48                NMI_Handler
                0x0000fc48                WDOG0_IRQHandler
                0x0000fc48                USART1_TX_IRQHandler
                0x0000fc48                MSC_IRQHandler
                0x0000fc48                ADC0_IRQHandler
                0x0000fc48                UsageFault_Handler
                0x0000fc48                LEUART0_IRQHandler
                0x0000fc48                FPUEH_IRQHandler
                0x0000fc48                GPIO_EVEN_IRQHandler
                0x0000fc48                LDMA_IRQHandler
                0x0000fc48                TIMER0_IRQHandler
                0x0000fc48                TIMER1_IRQHandler
                0x0000fc48                Default_Handler
                0x0000fc48                CRYOTIMER_IRQHandler
                0x0000fc48                PCNT0_IRQHandler
                0x0000fc48                ACMP0_IRQHandler
                0x0000fc48                USART0_RX_IRQHandler
                0x0000fc48                MemManage_Handler
                0x0000fc48                SVC_Handler
                0x0000fc48                RTCC_IRQHandler
                0x0000fc48                CRYPTO_IRQHandler
                0x0000fc48                CMU_IRQHandler
                0x0000fc48                GPIO_ODD_IRQHandler
                0x0000fc48                BusFault_Handler
                0x0000fc48                IDAC0_IRQHandler
 .text.SystemCoreClockGet
                0x0000fc50       0x44 ./platform/Device/SiliconLabs/EFR32BG1B/Source/system_efr32bg1b.o
                0x0000fc50                SystemCoreClockGet
 .text.SystemMaxCoreClockGet
                0x0000fc94       0x14 ./platform/Device/SiliconLabs/EFR32BG1B/Source/system_efr32bg1b.o
                0x0000fc94                SystemMaxCoreClockGet
 .text.SystemHFClockGet
                0x0000fca8       0x70 ./platform/Device/SiliconLabs/EFR32BG1B/Source/system_efr32bg1b.o
                0x0000fca8                SystemHFClockGet
 .text.SystemHFXOClockGet
                0x0000fd18       0x18 ./platform/Device/SiliconLabs/EFR32BG1B/Source/system_efr32bg1b.o
                0x0000fd18                SystemHFXOClockGet
 .text.SystemHFXOClockSet
                0x0000fd30       0x30 ./platform/Device/SiliconLabs/EFR32BG1B/Source/system_efr32bg1b.o
                0x0000fd30                SystemHFXOClockSet
 .text.SystemInit
                0x0000fd60       0x5c ./platform/Device/SiliconLabs/EFR32BG1B/Source/system_efr32bg1b.o
                0x0000fd60                SystemInit
 .text.SystemLFRCOClockGet
                0x0000fdbc       0x14 ./platform/Device/SiliconLabs/EFR32BG1B/Source/system_efr32bg1b.o
                0x0000fdbc                SystemLFRCOClockGet
 .text.SystemULFRCOClockGet
                0x0000fdd0       0x14 ./platform/Device/SiliconLabs/EFR32BG1B/Source/system_efr32bg1b.o
                0x0000fdd0                SystemULFRCOClockGet
 .text.SystemLFXOClockGet
                0x0000fde4       0x18 ./platform/Device/SiliconLabs/EFR32BG1B/Source/system_efr32bg1b.o
                0x0000fde4                SystemLFXOClockGet
 .text.SystemLFXOClockSet
                0x0000fdfc       0x30 ./platform/Device/SiliconLabs/EFR32BG1B/Source/system_efr32bg1b.o
                0x0000fdfc                SystemLFXOClockSet
 .text.BUS_RegBitWrite
                0x0000fe2c       0x2c ./platform/emdrv/sleep/src/sleep.o
 .text.EMU_EnterEM1
                0x0000fe58       0x20 ./platform/emdrv/sleep/src/sleep.o
 .text.EMU_EM2Block
                0x0000fe78       0x14 ./platform/emdrv/sleep/src/sleep.o
 .text.EMU_EM2UnBlock
                0x0000fe8c       0x14 ./platform/emdrv/sleep/src/sleep.o
 .text.sleepCallbackWrapper
                0x0000fea0       0x2c ./platform/emdrv/sleep/src/sleep.o
 .text.SLEEP_Init
                0x0000fecc       0x60 ./platform/emdrv/sleep/src/sleep.o
                0x0000fecc                SLEEP_Init
 .text.SLEEP_Sleep
                0x0000ff2c       0x90 ./platform/emdrv/sleep/src/sleep.o
                0x0000ff2c                SLEEP_Sleep
 .text.SLEEP_SleepBlockBegin
                0x0000ffbc       0x48 ./platform/emdrv/sleep/src/sleep.o
                0x0000ffbc                SLEEP_SleepBlockBegin
 .text.SLEEP_SleepBlockEnd
                0x00010004       0x58 ./platform/emdrv/sleep/src/sleep.o
                0x00010004                SLEEP_SleepBlockEnd
 .text.SLEEP_LowestEnergyModeGet
                0x0001005c       0x40 ./platform/emdrv/sleep/src/sleep.o
                0x0001005c                SLEEP_LowestEnergyModeGet
 .text.enterEMx
                0x0001009c       0xa0 ./platform/emdrv/sleep/src/sleep.o
 .text.NVIC_EnableIRQ
                0x0001013c       0x30 ./platform/emdrv/tempdrv/src/tempdrv.o
 .text.NVIC_ClearPendingIRQ
                0x0001016c       0x34 ./platform/emdrv/tempdrv/src/tempdrv.o
 .text.EMU_IntClear
                0x000101a0       0x1c ./platform/emdrv/tempdrv/src/tempdrv.o
 .text.EMU_IntDisable
                0x000101bc       0x24 ./platform/emdrv/tempdrv/src/tempdrv.o
 .text.EMU_IntEnable
                0x000101e0       0x24 ./platform/emdrv/tempdrv/src/tempdrv.o
 .text.EMU_IntGetEnabled
                0x00010204       0x24 ./platform/emdrv/tempdrv/src/tempdrv.o
 .text.EMU_IRQHandler
                0x00010228        0xc ./platform/emdrv/tempdrv/src/tempdrv.o
                0x00010228                EMU_IRQHandler
 .text.TEMPDRV_IRQHandler
                0x00010234       0xa0 ./platform/emdrv/tempdrv/src/tempdrv.o
                0x00010234                TEMPDRV_IRQHandler
 .text.errataCallback
                0x000102d4       0x20 ./platform/emdrv/tempdrv/src/tempdrv.o
 .text.errataStateUpdate
                0x000102f4       0xbc ./platform/emdrv/tempdrv/src/tempdrv.o
 .text.errataInit
                0x000103b0       0x8c ./platform/emdrv/tempdrv/src/tempdrv.o
 .text.convertToTemp
                0x0001043c       0x58 ./platform/emdrv/tempdrv/src/tempdrv.o
 .text.convertToEmu
                0x00010494       0x48 ./platform/emdrv/tempdrv/src/tempdrv.o
 .text.disableInterrupts
                0x000104dc       0x18 ./platform/emdrv/tempdrv/src/tempdrv.o
 .text.updateInterrupts
                0x000104f4      0x140 ./platform/emdrv/tempdrv/src/tempdrv.o
 .text.TEMPDRV_Init
                0x00010634       0xd4 ./platform/emdrv/tempdrv/src/tempdrv.o
                0x00010634                TEMPDRV_Init
 .text.TEMPDRV_GetTemp
                0x00010708       0x1c ./platform/emdrv/tempdrv/src/tempdrv.o
                0x00010708                TEMPDRV_GetTemp
 .text.BUS_RegBitWrite
                0x00010724       0x2c ./platform/emlib/src/em_cmu.o
 .text.BUS_RegBitRead
                0x00010750       0x2c ./platform/emlib/src/em_cmu.o
 .text.BUS_RegMaskedSet
                0x0001077c       0x24 ./platform/emlib/src/em_cmu.o
 .text.BUS_RegMaskedClear
                0x000107a0       0x24 ./platform/emlib/src/em_cmu.o
 .text.BUS_RegMaskedWrite
                0x000107c4       0x24 ./platform/emlib/src/em_cmu.o
 .text.CMU_Log2ToDiv
                0x000107e8       0x1c ./platform/emlib/src/em_cmu.o
 .text.CMU_PrescToLog2
                0x00010804       0x28 ./platform/emlib/src/em_cmu.o
 .text.setHfLeConfig
                0x0001082c       0x64 ./platform/emlib/src/em_cmu.o
 .text.auxClkGet
                0x00010890       0x20 ./platform/emlib/src/em_cmu.o
 .text.hfSrcClkGet
                0x000108b0       0x2c ./platform/emlib/src/em_cmu.o
 .text.dbgClkGet
                0x000108dc       0x40 ./platform/emlib/src/em_cmu.o
 .text.adcAsyncClkGet
                0x0001091c       0x80 ./platform/emlib/src/em_cmu.o
 .text.flashWaitStateControl
                0x0001099c       0x7c ./platform/emlib/src/em_cmu.o
 .text.flashWaitStateMax
                0x00010a18       0x14 ./platform/emlib/src/em_cmu.o
 .text.CMU_UpdateWaitStates
                0x00010a2c       0x18 ./platform/emlib/src/em_cmu.o
                0x00010a2c                CMU_UpdateWaitStates
 .text.getRegIshUpperVal
                0x00010a44       0x38 ./platform/emlib/src/em_cmu.o
 .text.getHfxoTuningMode
                0x00010a7c       0x1c ./platform/emlib/src/em_cmu.o
 .text.setHfxoTuningMode
                0x00010a98       0x28 ./platform/emlib/src/em_cmu.o
 .text.lfClkGet
                0x00010ac0       0xf4 ./platform/emlib/src/em_cmu.o
 .text.syncReg  0x00010bb4       0x38 ./platform/emlib/src/em_cmu.o
 .text.CMU_ClockDivGet
                0x00010bec       0x1c ./platform/emlib/src/em_cmu.o
                0x00010bec                CMU_ClockDivGet
 .text.CMU_ClockDivSet
                0x00010c08       0x1c ./platform/emlib/src/em_cmu.o
                0x00010c08                CMU_ClockDivSet
 .text.CMU_ClockEnable
                0x00010c24       0xcc ./platform/emlib/src/em_cmu.o
                0x00010c24                CMU_ClockEnable
 .text.CMU_ClockFreqGet
                0x00010cf0      0x198 ./platform/emlib/src/em_cmu.o
                0x00010cf0                CMU_ClockFreqGet
 .text.CMU_ClockPrescGet
                0x00010e88      0x120 ./platform/emlib/src/em_cmu.o
                0x00010e88                CMU_ClockPrescGet
 .text.CMU_ClockPrescSet
                0x00010fa8      0x1e0 ./platform/emlib/src/em_cmu.o
                0x00010fa8                CMU_ClockPrescSet
 .text.CMU_ClockSelectGet
                0x00011188      0x19c ./platform/emlib/src/em_cmu.o
                0x00011188                CMU_ClockSelectGet
 .text.CMU_ClockSelectSet
                0x00011324      0x260 ./platform/emlib/src/em_cmu.o
                0x00011324                CMU_ClockSelectSet
 .text.CMU_HFXOAutostartEnable
                0x00011584       0x7c ./platform/emlib/src/em_cmu.o
                0x00011584                CMU_HFXOAutostartEnable
 .text.CMU_HFXOInit
                0x00011600       0xf4 ./platform/emlib/src/em_cmu.o
                0x00011600                CMU_HFXOInit
 .text.CMU_LFXOInit
                0x000116f4       0x50 ./platform/emlib/src/em_cmu.o
                0x000116f4                CMU_LFXOInit
 .text.CMU_OscillatorEnable
                0x00011744      0x174 ./platform/emlib/src/em_cmu.o
                0x00011744                CMU_OscillatorEnable
 .text.CMU_OscillatorTuningGet
                0x000118b8       0x74 ./platform/emlib/src/em_cmu.o
                0x000118b8                CMU_OscillatorTuningGet
 .text.CMU_OscillatorTuningSet
                0x0001192c      0x100 ./platform/emlib/src/em_cmu.o
                0x0001192c                CMU_OscillatorTuningSet
 .text.CMU_OscillatorTuningWait
                0x00011a2c       0x94 ./platform/emlib/src/em_cmu.o
                0x00011a2c                CMU_OscillatorTuningWait
 .text.CMU_OscillatorTuningOptimize
                0x00011ac0       0x58 ./platform/emlib/src/em_cmu.o
                0x00011ac0                CMU_OscillatorTuningOptimize
 .text.CORE_EnterCritical
                0x00011b18       0x20 ./platform/emlib/src/em_core.o
                0x00011b18                CORE_EnterCritical
 .text.CORE_ExitCritical
                0x00011b38       0x1c ./platform/emlib/src/em_core.o
                0x00011b38                CORE_ExitCritical
 .text.CORE_AtomicDisableIrq
                0x00011b54       0x10 ./platform/emlib/src/em_core.o
                0x00011b54                CORE_AtomicDisableIrq
 .text.CORE_AtomicEnableIrq
                0x00011b64       0x10 ./platform/emlib/src/em_core.o
                0x00011b64                CORE_AtomicEnableIrq
 .text.CORE_EnterAtomic
                0x00011b74       0x20 ./platform/emlib/src/em_core.o
                0x00011b74                CORE_EnterAtomic
 .text.CORE_ExitAtomic
                0x00011b94       0x1c ./platform/emlib/src/em_core.o
                0x00011b94                CORE_ExitAtomic
 .text.CORE_SetNvicRamTableHandler
                0x00011bb0       0x44 ./platform/emlib/src/em_core.o
                0x00011bb0                CORE_SetNvicRamTableHandler
 .text.CORE_InitNvicVectorTable
                0x00011bf4       0xc8 ./platform/emlib/src/em_core.o
                0x00011bf4                CORE_InitNvicVectorTable
 .text.CRYPTO_BurstFromCrypto
                0x00011cbc       0x40 ./platform/emlib/src/em_crypto.o
 .text.CRYPTO_ModulusSet
                0x00011cfc       0x88 ./platform/emlib/src/em_crypto.o
                0x00011cfc                CRYPTO_ModulusSet
 .text.CRYPTO_KeyRead
                0x00011d84       0x38 ./platform/emlib/src/em_crypto.o
                0x00011d84                CRYPTO_KeyRead
 .text.SystemCoreClockUpdate
                0x00011dbc        0xc ./platform/emlib/src/em_emu.o
 .text.BUS_RegBitWrite
                0x00011dc8       0x2c ./platform/emlib/src/em_emu.o
 .text.BUS_RegBitRead
                0x00011df4       0x2c ./platform/emlib/src/em_emu.o
 .text.EMU_Unlock
                0x00011e20       0x18 ./platform/emlib/src/em_emu.o
 .text.CMU_Lock
                0x00011e38       0x18 ./platform/emlib/src/em_emu.o
 .text.CMU_Unlock
                0x00011e50       0x1c ./platform/emlib/src/em_emu.o
 .text.SYSTEM_GetDevinfoRev
                0x00011e6c       0x18 ./platform/emlib/src/em_emu.o
 .text.emState  0x00011e84       0xcc ./platform/emlib/src/em_emu.o
 .text.dcdcFetCntSet
                0x00011f50       0x50 ./platform/emlib/src/em_emu.o
 .text.dcdcHsFixLnBlock
                0x00011fa0       0x48 ./platform/emlib/src/em_emu.o
 .text.EMU_EnterEM2
                0x00011fe8       0x50 ./platform/emlib/src/em_emu.o
                0x00011fe8                EMU_EnterEM2
 .text.EMU_EnterEM3
                0x00012038       0x78 ./platform/emlib/src/em_emu.o
                0x00012038                EMU_EnterEM3
 .text.EMU_Save
                0x000120b0        0xc ./platform/emlib/src/em_emu.o
                0x000120b0                EMU_Save
 .text.EMU_Restore
                0x000120bc        0xc ./platform/emlib/src/em_emu.o
                0x000120bc                EMU_Restore
 .text.EMU_EnterEM4
                0x000120c8       0xbc ./platform/emlib/src/em_emu.o
                0x000120c8                EMU_EnterEM4
 .text.dcdcConstCalibrationLoad
                0x00012184       0xc4 ./platform/emlib/src/em_emu.o
 .text.dcdcValidatedConfigSet
                0x00012248       0xb0 ./platform/emlib/src/em_emu.o
 .text.currentLimitersUpdate
                0x000122f8       0xe4 ./platform/emlib/src/em_emu.o
 .text.userCurrentLimitsSet
                0x000123dc       0x2c ./platform/emlib/src/em_emu.o
 .text.compCtrlSet
                0x00012408       0x3c ./platform/emlib/src/em_emu.o
 .text.lpCmpHystCalibrationLoad
                0x00012444       0xd0 ./platform/emlib/src/em_emu.o
 .text.lpGetDevinfoVrefLowHigh
                0x00012514      0x164 ./platform/emlib/src/em_emu.o
 .text.EMU_DCDCModeSet
                0x00012678       0xb8 ./platform/emlib/src/em_emu.o
                0x00012678                EMU_DCDCModeSet
 .text.EMU_DCDCInit
                0x00012730      0x114 ./platform/emlib/src/em_emu.o
                0x00012730                EMU_DCDCInit
 .text.EMU_DCDCOutputVoltageSet
                0x00012844      0x20c ./platform/emlib/src/em_emu.o
                0x00012844                EMU_DCDCOutputVoltageSet
 .text.EMU_DCDCOptimizeSlice
                0x00012a50       0xd8 ./platform/emlib/src/em_emu.o
                0x00012a50                EMU_DCDCOptimizeSlice
 .text.EMU_DCDCLnRcoBandSet
                0x00012b28       0x54 ./platform/emlib/src/em_emu.o
                0x00012b28                EMU_DCDCLnRcoBandSet
 .text.EMU_SetBiasMode
                0x00012b7c       0xa4 ./platform/emlib/src/em_emu.o
                0x00012b7c                EMU_SetBiasMode
 .text.BUS_RegMaskedSet
                0x00012c20       0x24 ./platform/emlib/src/em_gpio.o
 .text.BUS_RegMaskedClear
                0x00012c44       0x24 ./platform/emlib/src/em_gpio.o
 .text.BUS_RegMaskedWrite
                0x00012c68       0x24 ./platform/emlib/src/em_gpio.o
 .text.GPIO_PinOutClear
                0x00012c8c       0x58 ./platform/emlib/src/em_gpio.o
 .text.GPIO_PinOutSet
                0x00012ce4       0x58 ./platform/emlib/src/em_gpio.o
 .text.GPIO_DriveStrengthSet
                0x00012d3c       0x60 ./platform/emlib/src/em_gpio.o
                0x00012d3c                GPIO_DriveStrengthSet
 .text.GPIO_PinModeSet
                0x00012d9c      0x10c ./platform/emlib/src/em_gpio.o
                0x00012d9c                GPIO_PinModeSet
 .text.LETIMER_CompareSet
                0x00012ea8       0x58 ./platform/emlib/src/em_letimer.o
                0x00012ea8                LETIMER_CompareSet
 .text.LETIMER_Enable
                0x00012f00       0x2c ./platform/emlib/src/em_letimer.o
                0x00012f00                LETIMER_Enable
 .text.LETIMER_Init
                0x00012f2c       0xd0 ./platform/emlib/src/em_letimer.o
                0x00012f2c                LETIMER_Init
 .text.MSC_Init
                0x00012ffc       0x24 ./platform/emlib/src/em_msc.o
                0x00012ffc                MSC_Init
 .text.MSC_Deinit
                0x00013020       0x24 ./platform/emlib/src/em_msc.o
                0x00013020                MSC_Deinit
 .text.RMU_ResetCauseClear
                0x00013044       0x18 ./platform/emlib/src/em_rmu.o
                0x00013044                RMU_ResetCauseClear
 .text.RMU_ResetCauseGet
                0x0001305c       0xdc ./platform/emlib/src/em_rmu.o
                0x0001305c                RMU_ResetCauseGet
 .text.BUS_RegBitWrite
                0x00013138       0x2c ./platform/emlib/src/em_rtcc.o
 .text.RTCC_ChannelInit
                0x00013164       0x5c ./platform/emlib/src/em_rtcc.o
                0x00013164                RTCC_ChannelInit
 .text.RTCC_Enable
                0x000131c0       0x20 ./platform/emlib/src/em_rtcc.o
                0x000131c0                RTCC_Enable
 .text.RTCC_Init
                0x000131e0       0x94 ./platform/emlib/src/em_rtcc.o
                0x000131e0                RTCC_Init
 .text.SYSTEM_ChipRevisionGet
                0x00013274       0x78 ./platform/emlib/src/em_system.o
                0x00013274                SYSTEM_ChipRevisionGet
 .text.USART_BaudrateSyncSet
                0x000132ec       0x40 ./platform/emlib/src/em_usart.o
                0x000132ec                USART_BaudrateSyncSet
 .text.USART_InitSync
                0x0001332c       0xf0 ./platform/emlib/src/em_usart.o
                0x0001332c                USART_InitSync
 .text.USART_Reset
                0x0001341c       0x9c ./platform/emlib/src/em_usart.o
                0x0001341c                USART_Reset
 .text.USART_SpiTransfer
                0x000134b8       0x40 ./platform/emlib/src/em_usart.o
                0x000134b8                USART_SpiTransfer
 .text.USART_Tx
                0x000134f8       0x2c ./platform/emlib/src/em_usart.o
                0x000134f8                USART_Tx
 .text.USART_TxDouble
                0x00013524       0x2c ./platform/emlib/src/em_usart.o
                0x00013524                USART_TxDouble
 .text.data_transfer
                0x00013550       0x54 ./src/black_box.o
                0x00013550                data_transfer
 .text.black_box_update
                0x000135a4       0x3c ./src/black_box.o
                0x000135a4                black_box_update
 .text.previous_signals_display
                0x000135e0       0xb0 ./src/black_box.o
                0x000135e0                previous_signals_display
 .text.move_motors
                0x00013690      0x138 ./src/chassis.o
                0x00013690                move_motors
 .text.cmu_init
                0x000137c8       0x20 ./src/cmu.o
                0x000137c8                cmu_init
 .text.cmu_letimer_init
                0x000137e8       0x50 ./src/cmu.o
                0x000137e8                cmu_letimer_init
 .text.gpio_init
                0x00013838       0x48 ./src/gpio.o
                0x00013838                gpio_init
 .text.NVIC_EnableIRQ
                0x00013880       0x30 ./src/letimer.o
 .text.LETIMER_IntClear
                0x000138b0       0x1c ./src/letimer.o
 .text.LETIMER_IntEnable
                0x000138cc       0x20 ./src/letimer.o
 .text.LETIMER_IntGet
                0x000138ec       0x18 ./src/letimer.o
 .text.gecko_cmd_le_connection_get_rssi
                0x00013904       0x50 ./src/letimer.o
 .text.letimer_init
                0x00013954       0x70 ./src/letimer.o
                0x00013954                letimer_init
 .text.LETIMER0_IRQHandler
                0x000139c4       0x80 ./src/letimer.o
                0x000139c4                LETIMER0_IRQHandler
 .text.gecko_cmd_flash_ps_save
                0x00013a44       0x8c ./src/persistent_memory.o
 .text.gecko_cmd_flash_ps_load
                0x00013ad0       0x50 ./src/persistent_memory.o
 .text.print_number
                0x00013b20       0x28 ./src/persistent_memory.o
                0x00013b20                print_number
 .text.persistent_memory_load
                0x00013b48       0x6c ./src/persistent_memory.o
                0x00013b48                persistent_memory_load
 .text.persistent_memory_save
                0x00013bb4       0x44 ./src/persistent_memory.o
                0x00013bb4                persistent_memory_save
 .text.eventDefault
                0x00013bf8        0x2 C:\Users\monis\Documents\Academics\IOT\Workspace_Project\Client 3.0\platform\radio\rail_lib\autogen\librail_release\librail_efr32xg1_gcc_release.a(rail_rf_hal.o)
 *fill*         0x00013bfa        0x2 
 .text.setRssiPeriod
                0x00013bfc       0x18 C:\Users\monis\Documents\Academics\IOT\Workspace_Project\Client 3.0\platform\radio\rail_lib\autogen\librail_release\librail_efr32xg1_gcc_release.a(rail_rf_hal.o)
 .text.RFHAL_NotifyUserOfIrCal
                0x00013c14       0x80 C:\Users\monis\Documents\Academics\IOT\Workspace_Project\Client 3.0\platform\radio\rail_lib\autogen\librail_release\librail_efr32xg1_gcc_release.a(rail_rf_hal.o)
 *fill*         0x00013c94        0x4 
 .text.GENERIC_PHY_EventCallback
                0x00013c98      0x19c C:\Users\monis\Documents\Academics\IOT\Workspace_Project\Client 3.0\platform\radio\rail_lib\autogen\librail_release\librail_efr32xg1_gcc_release.a(rail_rf_hal.o)
                0x00013c98                GENERIC_PHY_EventCallback
 .text.RFHAL_IntEnable
                0x00013e34       0x56 C:\Users\monis\Documents\Academics\IOT\Workspace_Project\Client 3.0\platform\radio\rail_lib\autogen\librail_release\librail_efr32xg1_gcc_release.a(rail_rf_hal.o)
                0x00013e34                RFHAL_IntEnable
 *fill*         0x00013e8a        0x2 
 .text.RFHAL_SetEventCallback
                0x00013e8c       0x18 C:\Users\monis\Documents\Academics\IOT\Workspace_Project\Client 3.0\platform\radio\rail_lib\autogen\librail_release\librail_efr32xg1_gcc_release.a(rail_rf_hal.o)
                0x00013e8c                RFHAL_SetEventCallback
 .text.RFHAL_SetPtiProtocol
                0x00013ea4       0x20 C:\Users\monis\Documents\Academics\IOT\Workspace_Project\Client 3.0\platform\radio\rail_lib\autogen\librail_release\librail_efr32xg1_gcc_release.a(rail_rf_hal.o)
                0x00013ea4                RFHAL_SetPtiProtocol
 .text.RFHAL_Idle
                0x00013ec4       0x40 C:\Users\monis\Documents\Academics\IOT\Workspace_Project\Client 3.0\platform\radio\rail_lib\autogen\librail_release\librail_efr32xg1_gcc_release.a(rail_rf_hal.o)
                0x00013ec4                RFHAL_Idle
 .text.RFHAL_GetRadioState
                0x00013f04       0x7c C:\Users\monis\Documents\Academics\IOT\Workspace_Project\Client 3.0\platform\radio\rail_lib\autogen\librail_release\librail_efr32xg1_gcc_release.a(rail_rf_hal.o)
                0x00013f04                RFHAL_GetRadioState
 .text.RFHAL_OkToTransmit
                0x00013f80       0x14 C:\Users\monis\Documents\Academics\IOT\Workspace_Project\Client 3.0\platform\radio\rail_lib\autogen\librail_release\librail_efr32xg1_gcc_release.a(rail_rf_hal.o)
                0x00013f80                RFHAL_OkToTransmit
 .text.RFHAL_ScheduleRx
                0x00013f94       0x74 C:\Users\monis\Documents\Academics\IOT\Workspace_Project\Client 3.0\platform\radio\rail_lib\autogen\librail_release\librail_efr32xg1_gcc_release.a(rail_rf_hal.o)
                0x00013f94                RFHAL_ScheduleRx
 .text.RFHAL_EnableRxRawCapture
                0x00014008       0x5c C:\Users\monis\Documents\Academics\IOT\Workspace_Project\Client 3.0\platform\radio\rail_lib\autogen\librail_release\librail_efr32xg1_gcc_release.a(rail_rf_hal.o)
                0x00014008                RFHAL_EnableRxRawCapture
 .text.RFHAL_DisableRxRawCapture
                0x00014064       0x38 C:\Users\monis\Documents\Academics\IOT\Workspace_Project\Client 3.0\platform\radio\rail_lib\autogen\librail_release\librail_efr32xg1_gcc_release.a(rail_rf_hal.o)
                0x00014064                RFHAL_DisableRxRawCapture
 .text.RFHAL_AcceptCrcErrors
                0x0001409c       0x18 C:\Users\monis\Documents\Academics\IOT\Workspace_Project\Client 3.0\platform\radio\rail_lib\autogen\librail_release\librail_efr32xg1_gcc_release.a(rail_rf_hal.o)
                0x0001409c                RFHAL_AcceptCrcErrors
 .text.RFHAL_ConfigRxOptions
                0x000140b4       0x74 C:\Users\monis\Documents\Academics\IOT\Workspace_Project\Client 3.0\platform\radio\rail_lib\autogen\librail_release\librail_efr32xg1_gcc_release.a(rail_rf_hal.o)
                0x000140b4                RFHAL_ConfigRxOptions
 .text.RFHAL_CancelTimer
                0x00014128       0x28 C:\Users\monis\Documents\Academics\IOT\Workspace_Project\Client 3.0\platform\radio\rail_lib\autogen\librail_release\librail_efr32xg1_gcc_release.a(rail_rf_hal.o)
                0x00014128                RFHAL_CancelTimer
 .text.RFHAL_SetTimer
                0x00014150       0x80 C:\Users\monis\Documents\Academics\IOT\Workspace_Project\Client 3.0\platform\radio\rail_lib\autogen\librail_release\librail_efr32xg1_gcc_release.a(rail_rf_hal.o)
                0x00014150                RFHAL_SetTimer
 .text.RFHAL_SetTxTransitions
                0x000141d0       0x1c C:\Users\monis\Documents\Academics\IOT\Workspace_Project\Client 3.0\platform\radio\rail_lib\autogen\librail_release\librail_efr32xg1_gcc_release.a(rail_rf_hal.o)
                0x000141d0                RFHAL_SetTxTransitions
 .text.RFHAL_SetRxTransitions
                0x000141ec       0x1c C:\Users\monis\Documents\Academics\IOT\Workspace_Project\Client 3.0\platform\radio\rail_lib\autogen\librail_release\librail_efr32xg1_gcc_release.a(rail_rf_hal.o)
                0x000141ec                RFHAL_SetRxTransitions
 .text.RFHAL_SetCRCInitVal
                0x00014208        0x4 C:\Users\monis\Documents\Academics\IOT\Workspace_Project\Client 3.0\platform\radio\rail_lib\autogen\librail_release\librail_efr32xg1_gcc_release.a(rail_rf_hal.o)
                0x00014208                RFHAL_SetCRCInitVal
 .text.RFHAL_ConfigTxPower
                0x0001420c        0xc C:\Users\monis\Documents\Academics\IOT\Workspace_Project\Client 3.0\platform\radio\rail_lib\autogen\librail_release\librail_efr32xg1_gcc_release.a(rail_rf_hal.o)
                0x0001420c                RFHAL_ConfigTxPower
 .text.RFHAL_SetTxPowerUnchecked
                0x00014218       0x18 C:\Users\monis\Documents\Academics\IOT\Workspace_Project\Client 3.0\platform\radio\rail_lib\autogen\librail_release\librail_efr32xg1_gcc_release.a(rail_rf_hal.o)
                0x00014218                RFHAL_SetTxPowerUnchecked
 .text.RFHAL_SetTxPower
                0x00014230       0x3c C:\Users\monis\Documents\Academics\IOT\Workspace_Project\Client 3.0\platform\radio\rail_lib\autogen\librail_release\librail_efr32xg1_gcc_release.a(rail_rf_hal.o)
                0x00014230                RFHAL_SetTxPower
 .text.RFHAL_GetTxPowerConfig
                0x0001426c        0xc C:\Users\monis\Documents\Academics\IOT\Workspace_Project\Client 3.0\platform\radio\rail_lib\autogen\librail_release\librail_efr32xg1_gcc_release.a(rail_rf_hal.o)
                0x0001426c                RFHAL_GetTxPowerConfig
 .text.RFHAL_GetTxPower
                0x00014278        0x4 C:\Users\monis\Documents\Academics\IOT\Workspace_Project\Client 3.0\platform\radio\rail_lib\autogen\librail_release\librail_efr32xg1_gcc_release.a(rail_rf_hal.o)
                0x00014278                RFHAL_GetTxPower
 .text.RFHAL_SetChannel
                0x0001427c       0x98 C:\Users\monis\Documents\Academics\IOT\Workspace_Project\Client 3.0\platform\radio\rail_lib\autogen\librail_release\librail_efr32xg1_gcc_release.a(rail_rf_hal.o)
                0x0001427c                RFHAL_SetChannel
 .text.RFHAL_IsAutoAckEnabled
                0x00014314        0x6 C:\Users\monis\Documents\Academics\IOT\Workspace_Project\Client 3.0\platform\radio\rail_lib\autogen\librail_release\librail_efr32xg1_gcc_release.a(rail_rf_hal.o)
                0x00014314                RFHAL_IsAutoAckEnabled
 *fill*         0x0001431a        0x2 
 .text.RFHAL_AutoAckWaitForAck
                0x0001431c       0x18 C:\Users\monis\Documents\Academics\IOT\Workspace_Project\Client 3.0\platform\radio\rail_lib\autogen\librail_release\librail_efr32xg1_gcc_release.a(rail_rf_hal.o)
                0x0001431c                RFHAL_AutoAckWaitForAck
 .text.preTxOps
                0x00014334       0xc4 C:\Users\monis\Documents\Academics\IOT\Workspace_Project\Client 3.0\platform\radio\rail_lib\autogen\librail_release\librail_efr32xg1_gcc_release.a(rail_rf_hal.o)
 .text.RFHAL_StartTx
                0x000143f8       0x12 C:\Users\monis\Documents\Academics\IOT\Workspace_Project\Client 3.0\platform\radio\rail_lib\autogen\librail_release\librail_efr32xg1_gcc_release.a(rail_rf_hal.o)
                0x000143f8                RFHAL_StartTx
 .text.RFHAL_StartScheduledTx
                0x0001440a       0x3a C:\Users\monis\Documents\Academics\IOT\Workspace_Project\Client 3.0\platform\radio\rail_lib\autogen\librail_release\librail_efr32xg1_gcc_release.a(rail_rf_hal.o)
                0x0001440a                RFHAL_StartScheduledTx
 .text.RFHAL_GetRxPacketInfo
                0x00014444       0x48 C:\Users\monis\Documents\Academics\IOT\Workspace_Project\Client 3.0\platform\radio\rail_lib\autogen\librail_release\librail_efr32xg1_gcc_release.a(rail_rf_hal.o)
                0x00014444                RFHAL_GetRxPacketInfo
 .text.RFHAL_GetRxPacketDetails
                0x0001448c       0xcc C:\Users\monis\Documents\Academics\IOT\Workspace_Project\Client 3.0\platform\radio\rail_lib\autogen\librail_release\librail_efr32xg1_gcc_release.a(rail_rf_hal.o)
                0x0001448c                RFHAL_GetRxPacketDetails
 .text.RFHAL_SetTxBuffer
                0x00014558       0x3a C:\Users\monis\Documents\Academics\IOT\Workspace_Project\Client 3.0\platform\radio\rail_lib\autogen\librail_release\librail_efr32xg1_gcc_release.a(rail_rf_hal.o)
                0x00014558                RFHAL_SetTxBuffer
 *fill*         0x00014592        0x2 
 .text.RFHAL_ResetTxFifo
                0x00014594       0x2c C:\Users\monis\Documents\Academics\IOT\Workspace_Project\Client 3.0\platform\radio\rail_lib\autogen\librail_release\librail_efr32xg1_gcc_release.a(rail_rf_hal.o)
                0x00014594                RFHAL_ResetTxFifo
 .text.RFHAL_WriteTxFifo
                0x000145c0       0x28 C:\Users\monis\Documents\Academics\IOT\Workspace_Project\Client 3.0\platform\radio\rail_lib\autogen\librail_release\librail_efr32xg1_gcc_release.a(rail_rf_hal.o)
                0x000145c0                RFHAL_WriteTxFifo
 .text.RFHAL_ResetRxFifo
                0x000145e8       0x40 C:\Users\monis\Documents\Academics\IOT\Workspace_Project\Client 3.0\platform\radio\rail_lib\autogen\librail_release\librail_efr32xg1_gcc_release.a(rail_rf_hal.o)
                0x000145e8                RFHAL_ResetRxFifo
 .text.RFHAL_ConfigData
                0x00014628       0x7c C:\Users\monis\Documents\Academics\IOT\Workspace_Project\Client 3.0\platform\radio\rail_lib\autogen\librail_release\librail_efr32xg1_gcc_release.a(rail_rf_hal.o)
                0x00014628                RFHAL_ConfigData
 .text.RFHAL_Init
                0x000146a4       0xa0 C:\Users\monis\Documents\Academics\IOT\Workspace_Project\Client 3.0\platform\radio\rail_lib\autogen\librail_release\librail_efr32xg1_gcc_release.a(rail_rf_hal.o)
                0x000146a4                RFHAL_Init
 .text.RFHAL_SetFixedLength
                0x00014744       0x8c C:\Users\monis\Documents\Academics\IOT\Workspace_Project\Client 3.0\platform\radio\rail_lib\autogen\librail_release\librail_efr32xg1_gcc_release.a(rail_rf_hal.o)
                0x00014744                RFHAL_SetFixedLength
 .text.RFHAL_SetAbortScheduledTxDuringRx
                0x000147d0       0x18 C:\Users\monis\Documents\Academics\IOT\Workspace_Project\Client 3.0\platform\radio\rail_lib\autogen\librail_release\librail_efr32xg1_gcc_release.a(rail_rf_hal.o)
                0x000147d0                RFHAL_SetAbortScheduledTxDuringRx
 .text.RFHAL_ConfigRadio
                0x000147e8       0xe0 C:\Users\monis\Documents\Academics\IOT\Workspace_Project\Client 3.0\platform\radio\rail_lib\autogen\librail_release\librail_efr32xg1_gcc_release.a(rail_rf_hal.o)
                0x000147e8                RFHAL_ConfigRadio
 .text.RFHAL_GetTime
                0x000148c8        0xe C:\Users\monis\Documents\Academics\IOT\Workspace_Project\Client 3.0\platform\radio\rail_lib\autogen\librail_release\librail_efr32xg1_gcc_release.a(rail_rf_hal.o)
                0x000148c8                RFHAL_GetTime
 .text.RFHAL_GetRadioEntropy
                0x000148d6        0x4 C:\Users\monis\Documents\Academics\IOT\Workspace_Project\Client 3.0\platform\radio\rail_lib\autogen\librail_release\librail_efr32xg1_gcc_release.a(rail_rf_hal.o)
                0x000148d6                RFHAL_GetRadioEntropy
 .text.RFHAL_SetStateTiming
                0x000148da       0x4e C:\Users\monis\Documents\Academics\IOT\Workspace_Project\Client 3.0\platform\radio\rail_lib\autogen\librail_release\librail_efr32xg1_gcc_release.a(rail_rf_hal.o)
                0x000148da                RFHAL_SetStateTiming
 .text.RAIL_Init
                0x00014928       0x20 C:\Users\monis\Documents\Academics\IOT\Workspace_Project\Client 3.0\platform\radio\rail_lib\autogen\librail_release\librail_efr32xg1_gcc_release.a(rail_singleprotocol.o)
                0x00014928                RAIL_Init
 .text.RAIL_GetSchedulerStatus
                0x00014948        0x4 C:\Users\monis\Documents\Academics\IOT\Workspace_Project\Client 3.0\platform\radio\rail_lib\autogen\librail_release\librail_efr32xg1_gcc_release.a(rail_singleprotocol.o)
                0x00014948                RAIL_GetSchedulerStatus
 .text.RAIL_Idle
                0x0001494c        0x8 C:\Users\monis\Documents\Academics\IOT\Workspace_Project\Client 3.0\platform\radio\rail_lib\autogen\librail_release\librail_efr32xg1_gcc_release.a(rail_singleprotocol.o)
                0x0001494c                RAIL_Idle
 .text.RAIL_YieldRadio
                0x00014954        0x2 C:\Users\monis\Documents\Academics\IOT\Workspace_Project\Client 3.0\platform\radio\rail_lib\autogen\librail_release\librail_efr32xg1_gcc_release.a(rail_singleprotocol.o)
                0x00014954                RAIL_YieldRadio
 .text.RAIL_GetRadioEntropy
                0x00014956        0x8 C:\Users\monis\Documents\Academics\IOT\Workspace_Project\Client 3.0\platform\radio\rail_lib\autogen\librail_release\librail_efr32xg1_gcc_release.a(rail_singleprotocol.o)
                0x00014956                RAIL_GetRadioEntropy
 .text.RAIL_SetTimer
                0x0001495e       0x14 C:\Users\monis\Documents\Academics\IOT\Workspace_Project\Client 3.0\platform\radio\rail_lib\autogen\librail_release\librail_efr32xg1_gcc_release.a(rail_singleprotocol.o)
                0x0001495e                RAIL_SetTimer
 .text.RAIL_CancelTimer
                0x00014972        0x4 C:\Users\monis\Documents\Academics\IOT\Workspace_Project\Client 3.0\platform\radio\rail_lib\autogen\librail_release\librail_efr32xg1_gcc_release.a(rail_singleprotocol.o)
                0x00014972                RAIL_CancelTimer
 .text.RAIL_StartTx
                0x00014976        0xa C:\Users\monis\Documents\Academics\IOT\Workspace_Project\Client 3.0\platform\radio\rail_lib\autogen\librail_release\librail_efr32xg1_gcc_release.a(rail_singleprotocol.o)
                0x00014976                RAIL_StartTx
 .text.RAIL_StartScheduledTx
                0x00014980        0xa C:\Users\monis\Documents\Academics\IOT\Workspace_Project\Client 3.0\platform\radio\rail_lib\autogen\librail_release\librail_efr32xg1_gcc_release.a(rail_singleprotocol.o)
                0x00014980                RAIL_StartScheduledTx
 .text.RAIL_ScheduleRx
                0x0001498a        0xa C:\Users\monis\Documents\Academics\IOT\Workspace_Project\Client 3.0\platform\radio\rail_lib\autogen\librail_release\librail_efr32xg1_gcc_release.a(rail_singleprotocol.o)
                0x0001498a                RAIL_ScheduleRx
 .text.radioConfigChangedDefault
                0x00014994        0x2 C:\Users\monis\Documents\Academics\IOT\Workspace_Project\Client 3.0\platform\radio\rail_lib\autogen\librail_release\librail_efr32xg1_gcc_release.a(rail_rf.o)
 .text.isTransitionState
                0x00014996       0x12 C:\Users\monis\Documents\Academics\IOT\Workspace_Project\Client 3.0\platform\radio\rail_lib\autogen\librail_release\librail_efr32xg1_gcc_release.a(rail_rf.o)
 .text.RAILCore_Init
                0x000149a8       0x12 C:\Users\monis\Documents\Academics\IOT\Workspace_Project\Client 3.0\platform\radio\rail_lib\autogen\librail_release\librail_efr32xg1_gcc_release.a(rail_rf.o)
                0x000149a8                RAILCore_Init
 *fill*         0x000149ba        0x2 
 .text.RAILInt_SetCallbackConfig
                0x000149bc       0x20 C:\Users\monis\Documents\Academics\IOT\Workspace_Project\Client 3.0\platform\radio\rail_lib\autogen\librail_release\librail_efr32xg1_gcc_release.a(rail_rf.o)
                0x000149bc                RAILInt_SetCallbackConfig
 .text.RAILCore_Idle
                0x000149dc       0x14 C:\Users\monis\Documents\Academics\IOT\Workspace_Project\Client 3.0\platform\radio\rail_lib\autogen\librail_release\librail_efr32xg1_gcc_release.a(rail_rf.o)
                0x000149dc                RAILCore_Idle
 .text.RAILCore_GetRadioState
                0x000149f0        0x4 C:\Users\monis\Documents\Academics\IOT\Workspace_Project\Client 3.0\platform\radio\rail_lib\autogen\librail_release\librail_efr32xg1_gcc_release.a(rail_rf.o)
                0x000149f0                RAILCore_GetRadioState
 .text.RAIL_SetStateTiming
                0x000149f4        0xa C:\Users\monis\Documents\Academics\IOT\Workspace_Project\Client 3.0\platform\radio\rail_lib\autogen\librail_release\librail_efr32xg1_gcc_release.a(rail_rf.o)
                0x000149f4                RAIL_SetStateTiming
 *fill*         0x000149fe        0x2 
 .text.RAILInt_IsPowerInRange
                0x00014a00       0x3c C:\Users\monis\Documents\Academics\IOT\Workspace_Project\Client 3.0\platform\radio\rail_lib\autogen\librail_release\librail_efr32xg1_gcc_release.a(rail_rf.o)
                0x00014a00                RAILInt_IsPowerInRange
 .text.RAILInt_SetChannel
                0x00014a3c      0x1d8 C:\Users\monis\Documents\Academics\IOT\Workspace_Project\Client 3.0\platform\radio\rail_lib\autogen\librail_release\librail_efr32xg1_gcc_release.a(rail_rf.o)
                0x00014a3c                RAILInt_SetChannel
 .text.RAILCore_ConfigChannels
                0x00014c14       0x58 C:\Users\monis\Documents\Academics\IOT\Workspace_Project\Client 3.0\platform\radio\rail_lib\autogen\librail_release\librail_efr32xg1_gcc_release.a(rail_rf.o)
                0x00014c14                RAILCore_ConfigChannels
 .text.RAILInt_GetChannel
                0x00014c6c        0x4 C:\Users\monis\Documents\Academics\IOT\Workspace_Project\Client 3.0\platform\radio\rail_lib\autogen\librail_release\librail_efr32xg1_gcc_release.a(rail_rf.o)
                0x00014c6c                RAILInt_GetChannel
 .text.RAILCore_SetTxTransitions
                0x00014c70       0x3c C:\Users\monis\Documents\Academics\IOT\Workspace_Project\Client 3.0\platform\radio\rail_lib\autogen\librail_release\librail_efr32xg1_gcc_release.a(rail_rf.o)
                0x00014c70                RAILCore_SetTxTransitions
 .text.RAIL_SetTxTransitions
                0x00014cac        0xa C:\Users\monis\Documents\Academics\IOT\Workspace_Project\Client 3.0\platform\radio\rail_lib\autogen\librail_release\librail_efr32xg1_gcc_release.a(rail_rf.o)
                0x00014cac                RAIL_SetTxTransitions
 .text.RAILCore_SetRxTransitions
                0x00014cb6       0x38 C:\Users\monis\Documents\Academics\IOT\Workspace_Project\Client 3.0\platform\radio\rail_lib\autogen\librail_release\librail_efr32xg1_gcc_release.a(rail_rf.o)
                0x00014cb6                RAILCore_SetRxTransitions
 .text.RAIL_SetRxTransitions
                0x00014cee        0xa C:\Users\monis\Documents\Academics\IOT\Workspace_Project\Client 3.0\platform\radio\rail_lib\autogen\librail_release\librail_efr32xg1_gcc_release.a(rail_rf.o)
                0x00014cee                RAIL_SetRxTransitions
 .text.RAIL_ConfigEvents
                0x00014cf8       0x14 C:\Users\monis\Documents\Academics\IOT\Workspace_Project\Client 3.0\platform\radio\rail_lib\autogen\librail_release\librail_efr32xg1_gcc_release.a(rail_rf.o)
                0x00014cf8                RAIL_ConfigEvents
 .text.RAIL_ConfigRxOptions
                0x00014d0c        0xa C:\Users\monis\Documents\Academics\IOT\Workspace_Project\Client 3.0\platform\radio\rail_lib\autogen\librail_release\librail_efr32xg1_gcc_release.a(rail_rx.o)
                0x00014d0c                RAIL_ConfigRxOptions
 .text.RAILCore_ScheduleRx
                0x00014d16       0x2c C:\Users\monis\Documents\Academics\IOT\Workspace_Project\Client 3.0\platform\radio\rail_lib\autogen\librail_release\librail_efr32xg1_gcc_release.a(rail_rx.o)
                0x00014d16                RAILCore_ScheduleRx
 .text.RAILInt_PreTxOps
                0x00014d42       0x1c C:\Users\monis\Documents\Academics\IOT\Workspace_Project\Client 3.0\platform\radio\rail_lib\autogen\librail_release\librail_efr32xg1_gcc_release.a(rail_tx.o)
                0x00014d42                RAILInt_PreTxOps
 .text.RAILCore_StartTx
                0x00014d5e       0x1a C:\Users\monis\Documents\Academics\IOT\Workspace_Project\Client 3.0\platform\radio\rail_lib\autogen\librail_release\librail_efr32xg1_gcc_release.a(rail_tx.o)
                0x00014d5e                RAILCore_StartTx
 .text.RAILCore_StartScheduledTx
                0x00014d78       0x1e C:\Users\monis\Documents\Academics\IOT\Workspace_Project\Client 3.0\platform\radio\rail_lib\autogen\librail_release\librail_efr32xg1_gcc_release.a(rail_tx.o)
                0x00014d78                RAILCore_StartScheduledTx
 .text.RAIL_SetTxPower
                0x00014d96        0xa C:\Users\monis\Documents\Academics\IOT\Workspace_Project\Client 3.0\platform\radio\rail_lib\autogen\librail_release\librail_efr32xg1_gcc_release.a(rail_tx.o)
                0x00014d96                RAIL_SetTxPower
 .text.RAIL_GetTxPower
                0x00014da0        0xa C:\Users\monis\Documents\Academics\IOT\Workspace_Project\Client 3.0\platform\radio\rail_lib\autogen\librail_release\librail_efr32xg1_gcc_release.a(rail_tx.o)
                0x00014da0                RAIL_GetTxPower
 .text.RAIL_ConfigTxPower
                0x00014daa       0x1a C:\Users\monis\Documents\Academics\IOT\Workspace_Project\Client 3.0\platform\radio\rail_lib\autogen\librail_release\librail_efr32xg1_gcc_release.a(rail_tx.o)
                0x00014daa                RAIL_ConfigTxPower
 .text.RAILInt_PendCal
                0x00014dc4       0x24 C:\Users\monis\Documents\Academics\IOT\Workspace_Project\Client 3.0\platform\radio\rail_lib\autogen\librail_release\librail_efr32xg1_gcc_release.a(rail_calibration.o)
                0x00014dc4                RAILInt_PendCal
 .text.RAILCb_AssertFailed
                0x00014de8       0x14 C:\Users\monis\Documents\Academics\IOT\Workspace_Project\Client 3.0\platform\radio\rail_lib\autogen\librail_release\librail_efr32xg1_gcc_release.a(rail_assert.o)
                0x00014de8                RAILCb_AssertFailed
 .text.RAILInt_Assert
                0x00014dfc       0x1c C:\Users\monis\Documents\Academics\IOT\Workspace_Project\Client 3.0\platform\radio\rail_lib\autogen\librail_release\librail_efr32xg1_gcc_release.a(rail_assert.o)
                0x00014dfc                RAILInt_Assert
 .text.RAILCore_GetRadioEntropy
                0x00014e18        0x4 C:\Users\monis\Documents\Academics\IOT\Workspace_Project\Client 3.0\platform\radio\rail_lib\autogen\librail_release\librail_efr32xg1_gcc_release.a(rail_rssi.o)
                0x00014e18                RAILCore_GetRadioEntropy
 .text.BUFC_ReadHelper
                0x00014e1c       0x7c C:\Users\monis\Documents\Academics\IOT\Workspace_Project\Client 3.0\platform\radio\rail_lib\autogen\librail_release\librail_efr32xg1_gcc_release.a(bufc.o)
 .text.checkAndAddRxLenOverflowEntry
                0x00014e98       0x3c C:\Users\monis\Documents\Academics\IOT\Workspace_Project\Client 3.0\platform\radio\rail_lib\autogen\librail_release\librail_efr32xg1_gcc_release.a(bufc.o)
 .text.BUFC_SetTxBuffer
                0x00014ed4       0x38 C:\Users\monis\Documents\Academics\IOT\Workspace_Project\Client 3.0\platform\radio\rail_lib\autogen\librail_release\librail_efr32xg1_gcc_release.a(bufc.o)
                0x00014ed4                BUFC_SetTxBuffer
 .text.BUFC_WriteBuffer
                0x00014f0c       0xa8 C:\Users\monis\Documents\Academics\IOT\Workspace_Project\Client 3.0\platform\radio\rail_lib\autogen\librail_release\librail_efr32xg1_gcc_release.a(bufc.o)
                0x00014f0c                BUFC_WriteBuffer
 .text.BUFC_Peek
                0x00014fb4       0x12 C:\Users\monis\Documents\Academics\IOT\Workspace_Project\Client 3.0\platform\radio\rail_lib\autogen\librail_release\librail_efr32xg1_gcc_release.a(bufc.o)
                0x00014fb4                BUFC_Peek
 .text.BUFC_PeekByte
                0x00014fc6       0x34 C:\Users\monis\Documents\Academics\IOT\Workspace_Project\Client 3.0\platform\radio\rail_lib\autogen\librail_release\librail_efr32xg1_gcc_release.a(bufc.o)
                0x00014fc6                BUFC_PeekByte
 *fill*         0x00014ffa        0x2 
 .text.BUFC_GetSpaceAvailable
                0x00014ffc       0x28 C:\Users\monis\Documents\Academics\IOT\Workspace_Project\Client 3.0\platform\radio\rail_lib\autogen\librail_release\librail_efr32xg1_gcc_release.a(bufc.o)
                0x00014ffc                BUFC_GetSpaceAvailable
 .text.BUFC_GetBytesAvailable
                0x00015024       0x14 C:\Users\monis\Documents\Academics\IOT\Workspace_Project\Client 3.0\platform\radio\rail_lib\autogen\librail_release\librail_efr32xg1_gcc_release.a(bufc.o)
                0x00015024                BUFC_GetBytesAvailable
 .text.BUFC_TxAckBufferSet
                0x00015038       0x38 C:\Users\monis\Documents\Academics\IOT\Workspace_Project\Client 3.0\platform\radio\rail_lib\autogen\librail_release\librail_efr32xg1_gcc_release.a(bufc.o)
                0x00015038                BUFC_TxAckBufferSet
 .text.BUFC_TxAckBufferReset
                0x00015070        0x8 C:\Users\monis\Documents\Academics\IOT\Workspace_Project\Client 3.0\platform\radio\rail_lib\autogen\librail_release\librail_efr32xg1_gcc_release.a(bufc.o)
                0x00015070                BUFC_TxAckBufferReset
 .text.BUFC_RxBufferReset
                0x00015078       0x5c C:\Users\monis\Documents\Academics\IOT\Workspace_Project\Client 3.0\platform\radio\rail_lib\autogen\librail_release\librail_efr32xg1_gcc_release.a(bufc.o)
                0x00015078                BUFC_RxBufferReset
 .text.BUFC_Init
                0x000150d4       0x98 C:\Users\monis\Documents\Academics\IOT\Workspace_Project\Client 3.0\platform\radio\rail_lib\autogen\librail_release\librail_efr32xg1_gcc_release.a(bufc.o)
                0x000150d4                BUFC_Init
 .text.BUFC_RxBufferBytesAvailable
                0x0001516c       0x10 C:\Users\monis\Documents\Academics\IOT\Workspace_Project\Client 3.0\platform\radio\rail_lib\autogen\librail_release\librail_efr32xg1_gcc_release.a(bufc.o)
                0x0001516c                BUFC_RxBufferBytesAvailable
 .text.BUFC_ReleaseRxPacket
                0x0001517c      0x10c C:\Users\monis\Documents\Academics\IOT\Workspace_Project\Client 3.0\platform\radio\rail_lib\autogen\librail_release\librail_efr32xg1_gcc_release.a(bufc.o)
                0x0001517c                BUFC_ReleaseRxPacket
 .text.BUFC_StartRxLenThrEvent
                0x00015288       0x8c C:\Users\monis\Documents\Academics\IOT\Workspace_Project\Client 3.0\platform\radio\rail_lib\autogen\librail_release\librail_efr32xg1_gcc_release.a(bufc.o)
                0x00015288                BUFC_StartRxLenThrEvent
 .text.BUFC_EndRxLenThrEvent
                0x00015314       0x1c C:\Users\monis\Documents\Academics\IOT\Workspace_Project\Client 3.0\platform\radio\rail_lib\autogen\librail_release\librail_efr32xg1_gcc_release.a(bufc.o)
                0x00015314                BUFC_EndRxLenThrEvent
 .text.BUFC_HandleRxLenOvfEvent
                0x00015330       0x28 C:\Users\monis\Documents\Academics\IOT\Workspace_Project\Client 3.0\platform\radio\rail_lib\autogen\librail_release\librail_efr32xg1_gcc_release.a(bufc.o)
                0x00015330                BUFC_HandleRxLenOvfEvent
 .text.BUFC_GetRxPacketInfo
                0x00015358      0x138 C:\Users\monis\Documents\Academics\IOT\Workspace_Project\Client 3.0\platform\radio\rail_lib\autogen\librail_release\librail_efr32xg1_gcc_release.a(bufc.o)
                0x00015358                BUFC_GetRxPacketInfo
 .text.IRCAL_Set
                0x00015490       0x1c C:\Users\monis\Documents\Academics\IOT\Workspace_Project\Client 3.0\platform\radio\rail_lib\autogen\librail_release\librail_efr32xg1_gcc_release.a(ir_cal.o)
                0x00015490                IRCAL_Set
 .text.IRCAL_Init
                0x000154ac       0xa8 C:\Users\monis\Documents\Academics\IOT\Workspace_Project\Client 3.0\platform\radio\rail_lib\autogen\librail_release\librail_efr32xg1_gcc_release.a(ir_cal.o)
                0x000154ac                IRCAL_Init
 .text.PA_ProtectPa
                0x00015554       0xbc C:\Users\monis\Documents\Academics\IOT\Workspace_Project\Client 3.0\platform\radio\rail_lib\autogen\librail_release\librail_efr32xg1_gcc_release.a(pa.o)
 .text.getRampTimeFromLevelAndRate
                0x00015610       0x20 C:\Users\monis\Documents\Academics\IOT\Workspace_Project\Client 3.0\platform\radio\rail_lib\autogen\librail_release\librail_efr32xg1_gcc_release.a(pa.o)
 .text.PA_GetTxPowerConfig
                0x00015630       0x14 C:\Users\monis\Documents\Academics\IOT\Workspace_Project\Client 3.0\platform\radio\rail_lib\autogen\librail_release\librail_efr32xg1_gcc_release.a(pa.o)
                0x00015630                PA_GetTxPowerConfig
 .text.PA_GetPowerLevel
                0x00015644        0xc C:\Users\monis\Documents\Academics\IOT\Workspace_Project\Client 3.0\platform\radio\rail_lib\autogen\librail_release\librail_efr32xg1_gcc_release.a(pa.o)
                0x00015644                PA_GetPowerLevel
 .text.PA_SetPowerLevel
                0x00015650      0x194 C:\Users\monis\Documents\Academics\IOT\Workspace_Project\Client 3.0\platform\radio\rail_lib\autogen\librail_release\librail_efr32xg1_gcc_release.a(pa.o)
                0x00015650                PA_SetPowerLevel
 .text.PA_RunPeakDetectorHigh
                0x000157e4       0x4c C:\Users\monis\Documents\Academics\IOT\Workspace_Project\Client 3.0\platform\radio\rail_lib\autogen\librail_release\librail_efr32xg1_gcc_release.a(pa.o)
                0x000157e4                PA_RunPeakDetectorHigh
 .text.PA_RunPeakDetectorLow
                0x00015830        0x2 C:\Users\monis\Documents\Academics\IOT\Workspace_Project\Client 3.0\platform\radio\rail_lib\autogen\librail_release\librail_efr32xg1_gcc_release.a(pa.o)
                0x00015830                PA_RunPeakDetectorLow
 *fill*         0x00015832        0x2 
 .text.PA_RunBatHigh
                0x00015834       0x2c C:\Users\monis\Documents\Academics\IOT\Workspace_Project\Client 3.0\platform\radio\rail_lib\autogen\librail_release\librail_efr32xg1_gcc_release.a(pa.o)
                0x00015834                PA_RunBatHigh
 .text.PA_GetRampTime
                0x00015860        0xc C:\Users\monis\Documents\Academics\IOT\Workspace_Project\Client 3.0\platform\radio\rail_lib\autogen\librail_release\librail_efr32xg1_gcc_release.a(pa.o)
                0x00015860                PA_GetRampTime
 .text.PA_ConfigRamp
                0x0001586c       0x20 C:\Users\monis\Documents\Academics\IOT\Workspace_Project\Client 3.0\platform\radio\rail_lib\autogen\librail_release\librail_efr32xg1_gcc_release.a(pa.o)
                0x0001586c                PA_ConfigRamp
 .text.PA_CalcRampTime
                0x0001588c       0x44 C:\Users\monis\Documents\Academics\IOT\Workspace_Project\Client 3.0\platform\radio\rail_lib\autogen\librail_release\librail_efr32xg1_gcc_release.a(pa.o)
                0x0001588c                PA_CalcRampTime
 .text.PA_SetRampTime
                0x000158d0       0xac C:\Users\monis\Documents\Academics\IOT\Workspace_Project\Client 3.0\platform\radio\rail_lib\autogen\librail_release\librail_efr32xg1_gcc_release.a(pa.o)
                0x000158d0                PA_SetRampTime
 .text.PA_SelectBand
                0x0001597c       0x50 C:\Users\monis\Documents\Academics\IOT\Workspace_Project\Client 3.0\platform\radio\rail_lib\autogen\librail_release\librail_efr32xg1_gcc_release.a(pa.o)
                0x0001597c                PA_SelectBand
 .text.PA_Config
                0x000159cc      0x15c C:\Users\monis\Documents\Academics\IOT\Workspace_Project\Client 3.0\platform\radio\rail_lib\autogen\librail_release\librail_efr32xg1_gcc_release.a(pa.o)
                0x000159cc                PA_Config
 .text.PA_UpdateConfig
                0x00015b28       0x38 C:\Users\monis\Documents\Academics\IOT\Workspace_Project\Client 3.0\platform\radio\rail_lib\autogen\librail_release\librail_efr32xg1_gcc_release.a(pa.o)
                0x00015b28                PA_UpdateConfig
 .text.PROTIMER_Init
                0x00015b60      0x108 C:\Users\monis\Documents\Academics\IOT\Workspace_Project\Client 3.0\platform\radio\rail_lib\autogen\librail_release\librail_efr32xg1_gcc_release.a(protimer.o)
                0x00015b60                PROTIMER_Init
 .text.PROTIMER_Start
                0x00015c68       0x1c C:\Users\monis\Documents\Academics\IOT\Workspace_Project\Client 3.0\platform\radio\rail_lib\autogen\librail_release\librail_efr32xg1_gcc_release.a(protimer.o)
                0x00015c68                PROTIMER_Start
 .text.PROTIMER_IsRunning
                0x00015c84       0x10 C:\Users\monis\Documents\Academics\IOT\Workspace_Project\Client 3.0\platform\radio\rail_lib\autogen\librail_release\librail_efr32xg1_gcc_release.a(protimer.o)
                0x00015c84                PROTIMER_IsRunning
 .text.PROTIMER_ElapsedTime
                0x00015c94       0x18 C:\Users\monis\Documents\Academics\IOT\Workspace_Project\Client 3.0\platform\radio\rail_lib\autogen\librail_release\librail_efr32xg1_gcc_release.a(protimer.o)
                0x00015c94                PROTIMER_ElapsedTime
 .text.PROTIMER_CCTimerStop
                0x00015cac       0x20 C:\Users\monis\Documents\Academics\IOT\Workspace_Project\Client 3.0\platform\radio\rail_lib\autogen\librail_release\librail_efr32xg1_gcc_release.a(protimer.o)
                0x00015cac                PROTIMER_CCTimerStop
 .text.PROTIMER_CCTimerStart
                0x00015ccc      0x164 C:\Users\monis\Documents\Academics\IOT\Workspace_Project\Client 3.0\platform\radio\rail_lib\autogen\librail_release\librail_efr32xg1_gcc_release.a(protimer.o)
                0x00015ccc                PROTIMER_CCTimerStart
 .text.PROTIMER_WrapMultiple
                0x00015e30       0x12 C:\Users\monis\Documents\Academics\IOT\Workspace_Project\Client 3.0\platform\radio\rail_lib\autogen\librail_release\librail_efr32xg1_gcc_release.a(protimer.o)
                0x00015e30                PROTIMER_WrapMultiple
 *fill*         0x00015e42        0x2 
 .text.PROTIMER_CCTimerIsEnabled
                0x00015e44       0x10 C:\Users\monis\Documents\Academics\IOT\Workspace_Project\Client 3.0\platform\radio\rail_lib\autogen\librail_release\librail_efr32xg1_gcc_release.a(protimer.o)
                0x00015e44                PROTIMER_CCTimerIsEnabled
 .text.PROTIMER_CCTimerCapture
                0x00015e54       0x14 C:\Users\monis\Documents\Academics\IOT\Workspace_Project\Client 3.0\platform\radio\rail_lib\autogen\librail_release\librail_efr32xg1_gcc_release.a(protimer.o)
                0x00015e54                PROTIMER_CCTimerCapture
 .text.PROTIMER_ScheduleTxEnable
                0x00015e68       0x2c C:\Users\monis\Documents\Academics\IOT\Workspace_Project\Client 3.0\platform\radio\rail_lib\autogen\librail_release\librail_efr32xg1_gcc_release.a(protimer.o)
                0x00015e68                PROTIMER_ScheduleTxEnable
 .text.PROTIMER_ClearTxEnable
                0x00015e94        0xc C:\Users\monis\Documents\Academics\IOT\Workspace_Project\Client 3.0\platform\radio\rail_lib\autogen\librail_release\librail_efr32xg1_gcc_release.a(protimer.o)
                0x00015e94                PROTIMER_ClearTxEnable
 .text.PROTIMER_ScheduleRxEnable
                0x00015ea0       0x2c C:\Users\monis\Documents\Academics\IOT\Workspace_Project\Client 3.0\platform\radio\rail_lib\autogen\librail_release\librail_efr32xg1_gcc_release.a(protimer.o)
                0x00015ea0                PROTIMER_ScheduleRxEnable
 .text.PROTIMER_ScheduleRxDisable
                0x00015ecc       0x38 C:\Users\monis\Documents\Academics\IOT\Workspace_Project\Client 3.0\platform\radio\rail_lib\autogen\librail_release\librail_efr32xg1_gcc_release.a(protimer.o)
                0x00015ecc                PROTIMER_ScheduleRxDisable
 .text.PROTIMER_ClearRxEnable
                0x00015f04       0x10 C:\Users\monis\Documents\Academics\IOT\Workspace_Project\Client 3.0\platform\radio\rail_lib\autogen\librail_release\librail_efr32xg1_gcc_release.a(protimer.o)
                0x00015f04                PROTIMER_ClearRxEnable
 .text.PROTIMER_GetTime
                0x00015f14        0xc C:\Users\monis\Documents\Academics\IOT\Workspace_Project\Client 3.0\platform\radio\rail_lib\autogen\librail_release\librail_efr32xg1_gcc_release.a(protimer.o)
                0x00015f14                PROTIMER_GetTime
 .text.PROTIMER_GetCCTime
                0x00015f20        0xc C:\Users\monis\Documents\Academics\IOT\Workspace_Project\Client 3.0\platform\radio\rail_lib\autogen\librail_release\librail_efr32xg1_gcc_release.a(protimer.o)
                0x00015f20                PROTIMER_GetCCTime
 .text.PROTIMER_LBTStop
                0x00015f2c       0x18 C:\Users\monis\Documents\Academics\IOT\Workspace_Project\Client 3.0\platform\radio\rail_lib\autogen\librail_release\librail_efr32xg1_gcc_release.a(protimer.o)
                0x00015f2c                PROTIMER_LBTStop
 .text.PROTIMER_PrecntOverflowToUs
                0x00015f44       0x38 C:\Users\monis\Documents\Academics\IOT\Workspace_Project\Client 3.0\platform\radio\rail_lib\autogen\librail_release\librail_efr32xg1_gcc_release.a(protimer.o)
                0x00015f44                PROTIMER_PrecntOverflowToUs
 .text.PROTIMER_UsToPrecntOverflow
                0x00015f7c       0x2c C:\Users\monis\Documents\Academics\IOT\Workspace_Project\Client 3.0\platform\radio\rail_lib\autogen\librail_release\librail_efr32xg1_gcc_release.a(protimer.o)
                0x00015f7c                PROTIMER_UsToPrecntOverflow
 .text.PROTIMER_DelayUs
                0x00015fa8       0x44 C:\Users\monis\Documents\Academics\IOT\Workspace_Project\Client 3.0\platform\radio\rail_lib\autogen\librail_release\librail_efr32xg1_gcc_release.a(protimer.o)
                0x00015fa8                PROTIMER_DelayUs
 .text.PROTIMER_CheckCcaReallyFailed
                0x00015fec       0xbc C:\Users\monis\Documents\Academics\IOT\Workspace_Project\Client 3.0\platform\radio\rail_lib\autogen\librail_release\librail_efr32xg1_gcc_release.a(protimer.o)
                0x00015fec                PROTIMER_CheckCcaReallyFailed
 .text.PTI_EnableAppendedInfo
                0x000160a8       0x18 C:\Users\monis\Documents\Academics\IOT\Workspace_Project\Client 3.0\platform\radio\rail_lib\autogen\librail_release\librail_efr32xg1_gcc_release.a(pti.o)
                0x000160a8                PTI_EnableAppendedInfo
 .text.PTI_Enable
                0x000160c0       0x58 C:\Users\monis\Documents\Academics\IOT\Workspace_Project\Client 3.0\platform\radio\rail_lib\autogen\librail_release\librail_efr32xg1_gcc_release.a(pti.o)
                0x000160c0                PTI_Enable
 .text.PTI_AuxdataOutput
                0x00016118       0x1c C:\Users\monis\Documents\Academics\IOT\Workspace_Project\Client 3.0\platform\radio\rail_lib\autogen\librail_release\librail_efr32xg1_gcc_release.a(pti.o)
                0x00016118                PTI_AuxdataOutput
 .text.PTI_EnableSyncword
                0x00016134       0x18 C:\Users\monis\Documents\Academics\IOT\Workspace_Project\Client 3.0\platform\radio\rail_lib\autogen\librail_release\librail_efr32xg1_gcc_release.a(pti.o)
                0x00016134                PTI_EnableSyncword
 .text.RADIO_SetAndForgetWrite
                0x0001614c       0x8c C:\Users\monis\Documents\Academics\IOT\Workspace_Project\Client 3.0\platform\radio\rail_lib\autogen\librail_release\librail_efr32xg1_gcc_release.a(radio.o)
                0x0001614c                RADIO_SetAndForgetWrite
 .text.RADIO_SeqInit
                0x000161d8       0x68 C:\Users\monis\Documents\Academics\IOT\Workspace_Project\Client 3.0\platform\radio\rail_lib\autogen\librail_release\librail_efr32xg1_gcc_release.a(radio.o)
                0x000161d8                RADIO_SeqInit
 .text.RADIO_CLKEnable
                0x00016240       0x68 C:\Users\monis\Documents\Academics\IOT\Workspace_Project\Client 3.0\platform\radio\rail_lib\autogen\librail_release\librail_efr32xg1_gcc_release.a(radio.o)
                0x00016240                RADIO_CLKEnable
 .text.RADIO_Init
                0x000162a8       0x40 C:\Users\monis\Documents\Academics\IOT\Workspace_Project\Client 3.0\platform\radio\rail_lib\autogen\librail_release\librail_efr32xg1_gcc_release.a(radio.o)
                0x000162a8                RADIO_Init
 .text.RADIO_Config
                0x000162e8       0xa8 C:\Users\monis\Documents\Academics\IOT\Workspace_Project\Client 3.0\platform\radio\rail_lib\autogen\librail_release\librail_efr32xg1_gcc_release.a(radio.o)
                0x000162e8                RADIO_Config
 .text.RADIO_IsRxOnForRssi
                0x00016390       0x18 C:\Users\monis\Documents\Academics\IOT\Workspace_Project\Client 3.0\platform\radio\rail_lib\autogen\librail_release\librail_efr32xg1_gcc_release.a(radio.o)
                0x00016390                RADIO_IsRxOnForRssi
 .text.RADIO_RxTrailDataLength
                0x000163a8       0x3c C:\Users\monis\Documents\Academics\IOT\Workspace_Project\Client 3.0\platform\radio\rail_lib\autogen\librail_release\librail_efr32xg1_gcc_release.a(radio.o)
                0x000163a8                RADIO_RxTrailDataLength
 .text.RADIO_FrameControlDescrBufferIdSet
                0x000163e4       0x20 C:\Users\monis\Documents\Academics\IOT\Workspace_Project\Client 3.0\platform\radio\rail_lib\autogen\librail_release\librail_efr32xg1_gcc_release.a(radio.o)
                0x000163e4                RADIO_FrameControlDescrBufferIdSet
 .text.RADIO_ComputeTxBaudrate
                0x00016404       0x28 C:\Users\monis\Documents\Academics\IOT\Workspace_Project\Client 3.0\platform\radio\rail_lib\autogen\librail_release\librail_efr32xg1_gcc_release.a(radio.o)
                0x00016404                RADIO_ComputeTxBaudrate
 .text.RADIO_ComputeTxSymbolRate
                0x0001642c       0x2c C:\Users\monis\Documents\Academics\IOT\Workspace_Project\Client 3.0\platform\radio\rail_lib\autogen\librail_release\librail_efr32xg1_gcc_release.a(radio.o)
                0x0001642c                RADIO_ComputeTxSymbolRate
 .text.RADIO_ComputeTxBitRate
                0x00016458       0x50 C:\Users\monis\Documents\Academics\IOT\Workspace_Project\Client 3.0\platform\radio\rail_lib\autogen\librail_release\librail_efr32xg1_gcc_release.a(radio.o)
                0x00016458                RADIO_ComputeTxBitRate
 .text.RADIO_GetRssi
                0x000164a8       0x54 C:\Users\monis\Documents\Academics\IOT\Workspace_Project\Client 3.0\platform\radio\rail_lib\autogen\librail_release\librail_efr32xg1_gcc_release.a(radio.o)
                0x000164a8                RADIO_GetRssi
 .text.RADIO_SetCRCInitVal
                0x000164fc       0x10 C:\Users\monis\Documents\Academics\IOT\Workspace_Project\Client 3.0\platform\radio\rail_lib\autogen\librail_release\librail_efr32xg1_gcc_release.a(radio.o)
                0x000164fc                RADIO_SetCRCInitVal
 .text.RADIO_RACClearRxOverflow
                0x0001650c       0x20 C:\Users\monis\Documents\Academics\IOT\Workspace_Project\Client 3.0\platform\radio\rail_lib\autogen\librail_release\librail_efr32xg1_gcc_release.a(radio.o)
                0x0001650c                RADIO_RACClearRxOverflow
 .text.RFSENSE_Disable
                0x0001652c       0x44 C:\Users\monis\Documents\Academics\IOT\Workspace_Project\Client 3.0\platform\radio\rail_lib\autogen\librail_release\librail_efr32xg1_gcc_release.a(rfsense.o)
 .text.RFSENSE_Sensed
                0x00016570       0x50 C:\Users\monis\Documents\Academics\IOT\Workspace_Project\Client 3.0\platform\radio\rail_lib\autogen\librail_release\librail_efr32xg1_gcc_release.a(rfsense.o)
                0x00016570                RFSENSE_Sensed
 .text.RFSENSE_IRQHandler
                0x000165c0        0x4 C:\Users\monis\Documents\Academics\IOT\Workspace_Project\Client 3.0\platform\radio\rail_lib\autogen\librail_release\librail_efr32xg1_gcc_release.a(rfsense.o)
                0x000165c0                RFSENSE_IRQHandler
 .text.RTCCSYNC_RTCCClockFreqGet
                0x000165c4       0x30 C:\Users\monis\Documents\Academics\IOT\Workspace_Project\Client 3.0\platform\radio\rail_lib\autogen\librail_release\librail_efr32xg1_gcc_release.a(rtccsync.o)
 .text.RTCCSYNC_Init
                0x000165f4       0x10 C:\Users\monis\Documents\Academics\IOT\Workspace_Project\Client 3.0\platform\radio\rail_lib\autogen\librail_release\librail_efr32xg1_gcc_release.a(rtccsync.o)
                0x000165f4                RTCCSYNC_Init
 .text.RTCCSYNC_PreSleep
                0x00016604      0x260 C:\Users\monis\Documents\Academics\IOT\Workspace_Project\Client 3.0\platform\radio\rail_lib\autogen\librail_release\librail_efr32xg1_gcc_release.a(rtccsync.o)
                0x00016604                RTCCSYNC_PreSleep
 .text.RTCCSYNC_PostWakeUp
                0x00016864      0x1c4 C:\Users\monis\Documents\Academics\IOT\Workspace_Project\Client 3.0\platform\radio\rail_lib\autogen\librail_release\librail_efr32xg1_gcc_release.a(rtccsync.o)
                0x00016864                RTCCSYNC_PostWakeUp
 .text.SYNTH_RfFreqGet
                0x00016a28        0xc C:\Users\monis\Documents\Academics\IOT\Workspace_Project\Client 3.0\platform\radio\rail_lib\autogen\librail_release\librail_efr32xg1_gcc_release.a(synth.o)
                0x00016a28                SYNTH_RfFreqGet
 .text.SYNTH_ChSpacingGet
                0x00016a34        0xc C:\Users\monis\Documents\Academics\IOT\Workspace_Project\Client 3.0\platform\radio\rail_lib\autogen\librail_release\librail_efr32xg1_gcc_release.a(synth.o)
                0x00016a34                SYNTH_ChSpacingGet
 .text.SYNTH_LoDivGet
                0x00016a40       0x20 C:\Users\monis\Documents\Academics\IOT\Workspace_Project\Client 3.0\platform\radio\rail_lib\autogen\librail_release\librail_efr32xg1_gcc_release.a(synth.o)
                0x00016a40                SYNTH_LoDivGet
 .text.SYNTH_Is2p4GHz
                0x00016a60       0x14 C:\Users\monis\Documents\Academics\IOT\Workspace_Project\Client 3.0\platform\radio\rail_lib\autogen\librail_release\librail_efr32xg1_gcc_release.a(synth.o)
                0x00016a60                SYNTH_Is2p4GHz
 .text.SYNTH_VcoRangeIsValid
                0x00016a74       0x30 C:\Users\monis\Documents\Academics\IOT\Workspace_Project\Client 3.0\platform\radio\rail_lib\autogen\librail_release\librail_efr32xg1_gcc_release.a(synth.o)
                0x00016a74                SYNTH_VcoRangeIsValid
 .text.SYNTH_RetimeLimitsConfig
                0x00016aa4       0x64 C:\Users\monis\Documents\Academics\IOT\Workspace_Project\Client 3.0\platform\radio\rail_lib\autogen\librail_release\librail_efr32xg1_gcc_release.a(synth.o)
                0x00016aa4                SYNTH_RetimeLimitsConfig
 .text.SYNTH_RetimeClkConfig
                0x00016b08       0xb4 C:\Users\monis\Documents\Academics\IOT\Workspace_Project\Client 3.0\platform\radio\rail_lib\autogen\librail_release\librail_efr32xg1_gcc_release.a(synth.o)
                0x00016b08                SYNTH_RetimeClkConfig
 .text.SYNTH_Config
                0x00016bbc      0x108 C:\Users\monis\Documents\Academics\IOT\Workspace_Project\Client 3.0\platform\radio\rail_lib\autogen\librail_release\librail_efr32xg1_gcc_release.a(synth.o)
                0x00016bbc                SYNTH_Config
 .text.SYNTH_ChannelSet
                0x00016cc4       0x40 C:\Users\monis\Documents\Academics\IOT\Workspace_Project\Client 3.0\platform\radio\rail_lib\autogen\librail_release\librail_efr32xg1_gcc_release.a(synth.o)
                0x00016cc4                SYNTH_ChannelSet
 .text.SYNTH_DCDCRetimeClkSet
                0x00016d04       0x6c C:\Users\monis\Documents\Academics\IOT\Workspace_Project\Client 3.0\platform\radio\rail_lib\autogen\librail_release\librail_efr32xg1_gcc_release.a(synth.o)
                0x00016d04                SYNTH_DCDCRetimeClkSet
 .text.SYNTH_DCDCRetimeEnable
                0x00016d70       0x18 C:\Users\monis\Documents\Academics\IOT\Workspace_Project\Client 3.0\platform\radio\rail_lib\autogen\librail_release\librail_efr32xg1_gcc_release.a(synth.o)
                0x00016d70                SYNTH_DCDCRetimeEnable
 .text.SYNTH_DCDCRetimeDisable
                0x00016d88       0x18 C:\Users\monis\Documents\Academics\IOT\Workspace_Project\Client 3.0\platform\radio\rail_lib\autogen\librail_release\librail_efr32xg1_gcc_release.a(synth.o)
                0x00016d88                SYNTH_DCDCRetimeDisable
 .text.SYNTH_KvnFreqCompensationEnable
                0x00016da0        0xc C:\Users\monis\Documents\Academics\IOT\Workspace_Project\Client 3.0\platform\radio\rail_lib\autogen\librail_release\librail_efr32xg1_gcc_release.a(synth.o)
                0x00016da0                SYNTH_KvnFreqCompensationEnable
 .text.RADIOCMU_ClockEnable
                0x00016dac       0x40 C:\Users\monis\Documents\Academics\IOT\Workspace_Project\Client 3.0\platform\radio\rail_lib\autogen\librail_release\librail_efr32xg1_gcc_release.a(radio_cmu.o)
                0x00016dac                RADIOCMU_ClockEnable
 .text.RADIOCMU_ClockFreqGet
                0x00016dec       0x88 C:\Users\monis\Documents\Academics\IOT\Workspace_Project\Client 3.0\platform\radio\rail_lib\autogen\librail_release\librail_efr32xg1_gcc_release.a(radio_cmu.o)
                0x00016dec                RADIOCMU_ClockFreqGet
 .text.RADIOCMU_ClockPrescGet
                0x00016e74       0x1c C:\Users\monis\Documents\Academics\IOT\Workspace_Project\Client 3.0\platform\radio\rail_lib\autogen\librail_release\librail_efr32xg1_gcc_release.a(radio_cmu.o)
                0x00016e74                RADIOCMU_ClockPrescGet
 .text.TEMPCAL_Init
                0x00016e90       0x40 C:\Users\monis\Documents\Academics\IOT\Workspace_Project\Client 3.0\platform\radio\rail_lib\autogen\librail_release\librail_efr32xg1_gcc_release.a(tempcal.o)
                0x00016e90                TEMPCAL_Init
 .text.TIMING_PreambleSyncBits
                0x00016ed0       0x2c C:\Users\monis\Documents\Academics\IOT\Workspace_Project\Client 3.0\platform\radio\rail_lib\autogen\librail_release\librail_efr32xg1_gcc_release.a(timings.o)
 .text.TIMING_CalcAdjustUs
                0x00016efc       0x28 C:\Users\monis\Documents\Academics\IOT\Workspace_Project\Client 3.0\platform\radio\rail_lib\autogen\librail_release\librail_efr32xg1_gcc_release.a(timings.o)
 .text.TIMING_SeqTimingInit
                0x00016f24        0x2 C:\Users\monis\Documents\Academics\IOT\Workspace_Project\Client 3.0\platform\radio\rail_lib\autogen\librail_release\librail_efr32xg1_gcc_release.a(timings.o)
                0x00016f24                TIMING_SeqTimingInit
 *fill*         0x00016f26        0x2 
 .text.TIMING_NsToStimerTickCalcSigned
                0x00016f28       0x28 C:\Users\monis\Documents\Academics\IOT\Workspace_Project\Client 3.0\platform\radio\rail_lib\autogen\librail_release\librail_efr32xg1_gcc_release.a(timings.o)